Component: ARM Compiler 5.06 update 7 (build 960) Tool: armlink [4d3601]

==============================================================================

Section Cross References

    adc_lpc40xx.o(i.adc_convertir) refers to error.o(i.parar_con_error) for parar_con_error
    adc_lpc40xx.o(i.adc_convertir) refers to adc_lpc40xx.o(.constdata) for __FUNCTION__
    adc_lpc40xx.o(i.adc_inicializar) refers to rt_memcpy_w.o(.text) for __aeabi_memcpy4
    adc_lpc40xx.o(i.adc_inicializar) refers to error.o(i.parar_con_error) for parar_con_error
    adc_lpc40xx.o(i.adc_inicializar) refers to adc_lpc40xx.o(.constdata) for .constdata
    adc_lpc40xx.o(i.adc_inicializar) refers to system_lpc407x_8x_177x_8x.o(.data) for PeripheralClock
    adc_lpc40xx.o(i.adc_traducir_a_tension) refers to error.o(i.parar_con_error) for parar_con_error
    adc_lpc40xx.o(i.adc_traducir_a_tension) refers to adc_lpc40xx.o(.constdata) for __FUNCTION__
    error.o(.rev16_text) refers (Special) to use_no_semi.o(.text) for __use_no_semihosting_swi
    error.o(.revsh_text) refers (Special) to use_no_semi.o(.text) for __use_no_semihosting_swi
    error.o(.rrx_text) refers (Special) to use_no_semi.o(.text) for __use_no_semihosting_swi
    error.o(i.parar_con_error) refers (Special) to use_no_semi.o(.text) for __use_no_semihosting_swi
    error.o(i.parar_con_error) refers to _printf_percent.o(.ARM.Collect$$_printf_percent$$00000000) for _printf_percent
    error.o(i.parar_con_error) refers to _printf_s.o(.ARM.Collect$$_printf_percent$$00000014) for _printf_s
    error.o(i.parar_con_error) refers to _printf_str.o(.text) for _printf_str
    error.o(i.parar_con_error) refers to _printf_u.o(.ARM.Collect$$_printf_percent$$0000000A) for _printf_u
    error.o(i.parar_con_error) refers to _printf_dec.o(.text) for _printf_int_dec
    error.o(i.parar_con_error) refers to __2snprintf.o(.text) for __2snprintf
    error.o(i.parar_con_error) refers to glcd.o(i.glcd_texto) for glcd_texto
    glcd.o(.rev16_text) refers (Special) to use_no_semi.o(.text) for __use_no_semihosting_swi
    glcd.o(.revsh_text) refers (Special) to use_no_semi.o(.text) for __use_no_semihosting_swi
    glcd.o(.rrx_text) refers (Special) to use_no_semi.o(.text) for __use_no_semihosting_swi
    glcd.o(i._sys_exit) refers (Special) to use_no_semi.o(.text) for __use_no_semihosting_swi
    glcd.o(i.ferror) refers (Special) to use_no_semi.o(.text) for __use_no_semihosting_swi
    glcd.o(i.ferror) refers to glcd.o(.data) for __stdout
    glcd.o(i.fgetc) refers (Special) to use_no_semi.o(.text) for __use_no_semihosting_swi
    glcd.o(i.fputc) refers (Special) to use_no_semi.o(.text) for __use_no_semihosting_swi
    glcd.o(i.fputc) refers to glcd.o(i.glcd_desplazar) for glcd_desplazar
    glcd.o(i.fputc) refers to glcd.o(i.glcd_caracter) for glcd_caracter
    glcd.o(i.fputc) refers to glcd.o(.data) for tabla_fonts
    glcd.o(i.glcd_activar_desplazamiento) refers (Special) to use_no_semi.o(.text) for __use_no_semihosting_swi
    glcd.o(i.glcd_activar_desplazamiento) refers to glcd.o(.data) for desplazamiento_activado
    glcd.o(i.glcd_borrar) refers (Special) to use_no_semi.o(.text) for __use_no_semihosting_swi
    glcd.o(i.glcd_caracter) refers (Special) to use_no_semi.o(.text) for __use_no_semihosting_swi
    glcd.o(i.glcd_caracter) refers to error.o(i.parar_con_error) for parar_con_error
    glcd.o(i.glcd_caracter) refers to glcd.o(.constdata) for __FUNCTION__
    glcd.o(i.glcd_caracter) refers to glcd.o(.data) for tabla_fonts
    glcd.o(i.glcd_circulo) refers (Special) to use_no_semi.o(.text) for __use_no_semihosting_swi
    glcd.o(i.glcd_circulo) refers to glcd.o(i.glcd_linea) for glcd_linea
    glcd.o(i.glcd_circunferencia) refers (Special) to use_no_semi.o(.text) for __use_no_semihosting_swi
    glcd.o(i.glcd_circunferencia) refers to glcd.o(i.glcd_punto) for glcd_punto
    glcd.o(i.glcd_color_texto) refers (Special) to use_no_semi.o(.text) for __use_no_semihosting_swi
    glcd.o(i.glcd_color_texto) refers to glcd.o(.data) for color_texto_actual
    glcd.o(i.glcd_desplazar) refers (Special) to use_no_semi.o(.text) for __use_no_semihosting_swi
    glcd.o(i.glcd_desplazar) refers to rt_memmove_v6.o(.text) for __aeabi_memmove
    glcd.o(i.glcd_desplazar) refers to glcd.o(.data) for color_fondo_texto_actual
    glcd.o(i.glcd_fondo_texto) refers (Special) to use_no_semi.o(.text) for __use_no_semihosting_swi
    glcd.o(i.glcd_fondo_texto) refers to glcd.o(.data) for color_fondo_texto_actual
    glcd.o(i.glcd_i2c0_inicializar) refers (Special) to use_no_semi.o(.text) for __use_no_semihosting_swi
    glcd.o(i.glcd_i2c0_start) refers (Special) to use_no_semi.o(.text) for __use_no_semihosting_swi
    glcd.o(i.glcd_i2c0_stop) refers (Special) to use_no_semi.o(.text) for __use_no_semihosting_swi
    glcd.o(i.glcd_i2c0_transmitir_buffer) refers (Special) to use_no_semi.o(.text) for __use_no_semihosting_swi
    glcd.o(i.glcd_i2c0_transmitir_buffer) refers to glcd.o(i.glcd_i2c0_start) for glcd_i2c0_start
[...]
    tec4x4_insertar_en_buffer                0x00004edd   Thumb Code    76  teclado_4x4_interrupciones_gpio_y_timer.o(i.tec4x4_insertar_en_buffer)
    i.timer_esperar_fin_ciclo                0x00004f34   Section        0  timer_lpc40xx.o(i.timer_esperar_fin_ciclo)
    i.timer_inicializar                      0x00004fa8   Section        0  timer_lpc40xx.o(i.timer_inicializar)
    i.timer_iniciar_ciclos_ms                0x000050c8   Section        0  timer_lpc40xx.o(i.timer_iniciar_ciclos_ms)
    i.timer_iniciar_ciclos_us                0x00005180   Section        0  timer_lpc40xx.o(i.timer_iniciar_ciclos_us)
    locale$$code                             0x00005238   Section       44  lc_numeric_c.o(locale$$code)
    locale$$code                             0x00005264   Section       44  lc_ctype_c.o(locale$$code)
    x$fpl$basic                              0x00005290   Section       24  basic.o(x$fpl$basic)
    $v0                                      0x00005290   Number         0  basic.o(x$fpl$basic)
    x$fpl$d2f                                0x000052a8   Section       98  d2f.o(x$fpl$d2f)
    $v0                                      0x000052a8   Number         0  d2f.o(x$fpl$d2f)
    x$fpl$dadd                               0x0000530c   Section      336  daddsub_clz.o(x$fpl$dadd)
    $v0                                      0x0000530c   Number         0  daddsub_clz.o(x$fpl$dadd)
    _dadd1                                   0x0000531d   Thumb Code     0  daddsub_clz.o(x$fpl$dadd)
    x$fpl$dcheck1                            0x0000545c   Section       16  dcheck1.o(x$fpl$dcheck1)
    $v0                                      0x0000545c   Number         0  dcheck1.o(x$fpl$dcheck1)
    x$fpl$dcmpinf                            0x0000546c   Section       24  dcmpi.o(x$fpl$dcmpinf)
    $v0                                      0x0000546c   Number         0  dcmpi.o(x$fpl$dcmpinf)
    x$fpl$ddiv                               0x00005484   Section      688  ddiv.o(x$fpl$ddiv)
    $v0                                      0x00005484   Number         0  ddiv.o(x$fpl$ddiv)
    ddiv_entry                               0x0000548b   Thumb Code     0  ddiv.o(x$fpl$ddiv)
    x$fpl$dflt                               0x00005734   Section       46  dflt_clz.o(x$fpl$dflt)
    $v0                                      0x00005734   Number         0  dflt_clz.o(x$fpl$dflt)
    x$fpl$dleqf                              0x00005764   Section      120  dleqf.o(x$fpl$dleqf)
    $v0                                      0x00005764   Number         0  dleqf.o(x$fpl$dleqf)
    x$fpl$dmul                               0x000057dc   Section      340  dmul.o(x$fpl$dmul)
    $v0                                      0x000057dc   Number         0  dmul.o(x$fpl$dmul)
    x$fpl$dnaninf                            0x00005930   Section      156  dnaninf.o(x$fpl$dnaninf)
    $v0                                      0x00005930   Number         0  dnaninf.o(x$fpl$dnaninf)
    x$fpl$dretinf                            0x000059cc   Section       12  dretinf.o(x$fpl$dretinf)
    $v0                                      0x000059cc   Number         0  dretinf.o(x$fpl$dretinf)
    x$fpl$drleqf                             0x000059d8   Section      108  drleqf.o(x$fpl$drleqf)
    $v0                                      0x000059d8   Number         0  drleqf.o(x$fpl$drleqf)
    x$fpl$drsb                               0x00005a44   Section       22  daddsub_clz.o(x$fpl$drsb)
    $v0                                      0x00005a44   Number         0  daddsub_clz.o(x$fpl$drsb)
    x$fpl$dsqrt                              0x00005a5c   Section      408  dsqrt_umaal.o(x$fpl$dsqrt)
    $v0                                      0x00005a5c   Number         0  dsqrt_umaal.o(x$fpl$dsqrt)
    x$fpl$dsub                               0x00005bf4   Section      468  daddsub_clz.o(x$fpl$dsub)
    $v0                                      0x00005bf4   Number         0  daddsub_clz.o(x$fpl$dsub)
    _dsub1                                   0x00005c05   Thumb Code     0  daddsub_clz.o(x$fpl$dsub)
    x$fpl$f2d                                0x00005dc8   Section       86  f2d.o(x$fpl$f2d)
    $v0                                      0x00005dc8   Number         0  f2d.o(x$fpl$f2d)
    x$fpl$fnaninf                            0x00005e1e   Section      140  fnaninf.o(x$fpl$fnaninf)
    $v0                                      0x00005e1e   Number         0  fnaninf.o(x$fpl$fnaninf)
    x$fpl$fpinit                             0x00005eaa   Section       10  fpinit.o(x$fpl$fpinit)
    $v0                                      0x00005eaa   Number         0  fpinit.o(x$fpl$fpinit)
    x$fpl$fretinf                            0x00005eb4   Section       10  fretinf.o(x$fpl$fretinf)
    $v0                                      0x00005eb4   Number         0  fretinf.o(x$fpl$fretinf)
    x$fpl$printf1                            0x00005ebe   Section        4  printf1.o(x$fpl$printf1)
    $v0                                      0x00005ebe   Number         0  printf1.o(x$fpl$printf1)
    x$fpl$retnan                             0x00005ec2   Section      100  retnan.o(x$fpl$retnan)
    $v0                                      0x00005ec2   Number         0  retnan.o(x$fpl$retnan)
    x$fpl$scalbn                             0x00005f26   Section       92  scalbn.o(x$fpl$scalbn)
    $v0                                      0x00005f26   Number         0  scalbn.o(x$fpl$scalbn)
    x$fpl$trapveneer                         0x00005f82   Section       48  trapv.o(x$fpl$trapveneer)
    $v0                                      0x00005f82   Number         0  trapv.o(x$fpl$trapveneer)
    x$fpl$usenofp                            0x00005fb2   Section        0  usenofp.o(x$fpl$usenofp)
    .constdata                               0x00005fb4   Section      149  adc_lpc40xx.o(.constdata)
    __FUNCTION__                             0x00005fb4   Data          16  adc_lpc40xx.o(.constdata)
    __FUNCTION__                             0x00006024   Data          14  adc_lpc40xx.o(.constdata)
    __FUNCTION__                             0x00006032   Data          23  adc_lpc40xx.o(.constdata)
    .constdata                               0x0000604c   Section     3604  font_8x16.o(.constdata)
    .constdata                               0x00006e60   Section    10772  font_12x24.o(.constdata)
    .constdata                               0x00009874   Section    14356  font_16x32.o(.constdata)
    .constdata                               0x0000d088   Section       47  glcd.o(.constdata)
    __FUNCTION__                             0x0000d088   Data          22  glcd.o(.constdata)
    __FUNCTION__                             0x0000d09e   Data          14  glcd.o(.constdata)
    __FUNCTION__                             0x0000d0ac   Data          11  glcd.o(.constdata)
    .constdata                               0x0000d0b7   Section       34  gpio_lpc40xx.o(.constdata)
    __FUNCTION__                             0x0000d0b7   Data          17  gpio_lpc40xx.o(.constdata)
    __FUNCTION__                             0x0000d0c8   Data          17  gpio_lpc40xx.o(.constdata)
    .constdata                               0x0000d0da   Section      228  sonido.o(.constdata)
    __FUNCTION__                             0x0000d188   Data          26  sonido.o(.constdata)
    __FUNCTION__                             0x0000d1a2   Data          28  sonido.o(.constdata)
    .constdata                               0x0000d1c0   Section      119  teclado_4x4_interrupciones_gpio_y_timer.o(.constdata)
    mascaras_filas                           0x0000d1c0   Data          16  teclado_4x4_interrupciones_gpio_y_timer.o(.constdata)
    mascaras_columnas                        0x0000d1d0   Data          16  teclado_4x4_interrupciones_gpio_y_timer.o(.constdata)
    matriz_teclas                            0x0000d1e0   Data          16  teclado_4x4_interrupciones_gpio_y_timer.o(.constdata)
    __FUNCTION__                             0x0000d1f0   Data          25  teclado_4x4_interrupciones_gpio_y_timer.o(.constdata)
    __FUNCTION__                             0x0000d209   Data          19  teclado_4x4_interrupciones_gpio_y_timer.o(.constdata)
    __FUNCTION__                             0x0000d21c   Data          27  teclado_4x4_interrupciones_gpio_y_timer.o(.constdata)
    .constdata                               0x0000d237   Section      208  timer_lpc40xx.o(.constdata)
    __FUNCTION__                             0x0000d237   Data          18  timer_lpc40xx.o(.constdata)
    __FUNCTION__                             0x0000d249   Data          17  timer_lpc40xx.o(.constdata)
    __FUNCTION__                             0x0000d25a   Data          17  timer_lpc40xx.o(.constdata)
    __FUNCTION__                             0x0000d26b   Data          24  timer_lpc40xx.o(.constdata)
    __FUNCTION__                             0x0000d283   Data          24  timer_lpc40xx.o(.constdata)
    __FUNCTION__                             0x0000d29b   Data          24  timer_lpc40xx.o(.constdata)
    __FUNCTION__                             0x0000d2b3   Data          24  timer_lpc40xx.o(.constdata)
    __FUNCTION__                             0x0000d2cb   Data          24  timer_lpc40xx.o(.constdata)
    __FUNCTION__                             0x0000d2e3   Data          11  timer_lpc40xx.o(.constdata)
    __FUNCTION__                             0x0000d2ee   Data          25  timer_lpc40xx.o(.constdata)
    .constdata                               0x0000d307   Section       17  __printf_flags_ss_wp.o(.constdata)
    maptable                                 0x0000d307   Data          17  __printf_flags_ss_wp.o(.constdata)
    .constdata                               0x0000d318   Section      136  pow.o(.constdata)
    bp                                       0x0000d318   Data          16  pow.o(.constdata)
    dp_h                                     0x0000d328   Data          16  pow.o(.constdata)
    dp_l                                     0x0000d338   Data          16  pow.o(.constdata)
    L                                        0x0000d348   Data          48  pow.o(.constdata)
    P                                        0x0000d378   Data          40  pow.o(.constdata)
    .constdata                               0x0000d3a0   Section      320  powf.o(.constdata)
    table                                    0x0000d3a0   Data         128  powf.o(.constdata)
    powersof2to1over16top                    0x0000d420   Data          64  powf.o(.constdata)
    powersof2to1over16bot                    0x0000d460   Data          64  powf.o(.constdata)
    powersof2to1over16all                    0x0000d4a0   Data          64  powf.o(.constdata)
    .constdata                               0x0000d4e0   Section        8  _printf_wctomb.o(.constdata)
    initial_mbstate                          0x0000d4e0   Data           8  _printf_wctomb.o(.constdata)
    .constdata                               0x0000d4e8   Section       40  _printf_hex_int_ll_ptr.o(.constdata)
    uc_hextab                                0x0000d4e8   Data          20  _printf_hex_int_ll_ptr.o(.constdata)
    lc_hextab                                0x0000d4fc   Data          20  _printf_hex_int_ll_ptr.o(.constdata)
    .constdata                               0x0000d510   Section        8  qnan.o(.constdata)
    .constdata                               0x0000d518   Section      148  bigflt0.o(.constdata)
    tenpwrs_x                                0x0000d518   Data          60  bigflt0.o(.constdata)
    tenpwrs_i                                0x0000d554   Data          64  bigflt0.o(.constdata)
    locale$$data                             0x0000d5cc   Section       28  lc_numeric_c.o(locale$$data)
    __lcnum_c_name                           0x0000d5d0   Data           2  lc_numeric_c.o(locale$$data)
    __lcnum_c_start                          0x0000d5d8   Data           0  lc_numeric_c.o(locale$$data)
    __lcnum_c_point                          0x0000d5e4   Data           0  lc_numeric_c.o(locale$$data)
    __lcnum_c_thousands                      0x0000d5e6   Data           0  lc_numeric_c.o(locale$$data)
    __lcnum_c_grouping                       0x0000d5e7   Data           0  lc_numeric_c.o(locale$$data)
    locale$$data                             0x0000d5e8   Section      272  lc_ctype_c.o(locale$$data)
    __lcnum_c_end                            0x0000d5e8   Data           0  lc_numeric_c.o(locale$$data)
    __lcctype_c_name                         0x0000d5ec   Data           2  lc_ctype_c.o(locale$$data)
    __lcctype_c_start                        0x0000d5f4   Data           0  lc_ctype_c.o(locale$$data)
    __lcctype_c_end                          0x0000d6f8   Data           0  lc_ctype_c.o(locale$$data)
    .data                                    0x10000000   Section       44  glcd.o(.data)
    tabla_fonts                              0x10000000   Data          12  glcd.o(.data)
    color_texto_actual                       0x1000000c   Data           2  glcd.o(.data)
    color_fondo_texto_actual                 0x1000000e   Data           2  glcd.o(.data)
    font_actual                              0x10000010   Data           4  glcd.o(.data)
    x_texto_actual                           0x10000014   Data           4  glcd.o(.data)
    y_texto_actual                           0x10000018   Data           4  glcd.o(.data)
    desplazamiento_activado                  0x1000001c   Data           1  glcd.o(.data)
    .data                                    0x1000002c   Section        8  sdram.o(.data)
    ringosccount                             0x1000002c   Data           8  sdram.o(.data)
    .data                                    0x10000034   Section        5  sonido.o(.data)
    ptr_melodia                              0x10000034   Data           4  sonido.o(.data)
    reproduciendo                            0x10000038   Data           1  sonido.o(.data)
    .data                                    0x1000003c   Section       24  teclado_4x4_interrupciones_gpio_y_timer.o(.data)
    indice_escritura                         0x1000003c   Data           4  teclado_4x4_interrupciones_gpio_y_timer.o(.data)
    indice_lectura                           0x10000040   Data           4  teclado_4x4_interrupciones_gpio_y_timer.o(.data)
    numero_caracteres_en_buffer              0x10000044   Data           4  teclado_4x4_interrupciones_gpio_y_timer.o(.data)
    pulsacion_actual                         0x10000048   Data           1  teclado_4x4_interrupciones_gpio_y_timer.o(.data)
    estado_estable_anterior                  0x10000049   Data           1  teclado_4x4_interrupciones_gpio_y_timer.o(.data)
    estado_ultimo_cambio                     0x1000004a   Data           1  teclado_4x4_interrupciones_gpio_y_timer.o(.data)
    tiempo_estable_us                        0x1000004c   Data           4  teclado_4x4_interrupciones_gpio_y_timer.o(.data)
    fila                                     0x10000050   Data           4  teclado_4x4_interrupciones_gpio_y_timer.o(.data)
    .data                                    0x10000054   Section       16  system_lpc407x_8x_177x_8x.o(.data)
    .bss                                     0x10000064   Section       10  teclado_4x4_interrupciones_gpio_y_timer.o(.bss)
    buffer_teclado                           0x10000064   Data          10  teclado_4x4_interrupciones_gpio_y_timer.o(.bss)
    .bss                                     0x10000070   Section       96  libspace.o(.bss)
    HEAP                                     0x100000d0   Section        0  startup_lpc407x_8x_177x_8x.o(HEAP)
    STACK                                    0x100000d0   Section     1024  startup_lpc407x_8x_177x_8x.o(STACK)
    Heap_Mem                                 0x100000d0   Data           0  startup_lpc407x_8x_177x_8x.o(HEAP)
    Stack_Mem                                0x100000d0   Data        1024  startup_lpc407x_8x_177x_8x.o(STACK)
    __initial_sp                             0x100004d0   Data           0  startup_lpc407x_8x_177x_8x.o(STACK)

    Global Symbols

    Symbol Name                              Value     Ov Type        Size  Object(Section)

    BuildAttributes$$THM_ISAv4$E$P$D$K$B$S$7EM$VFPi3$EXTD16$VFPS$VFMA$PE$A:L22UL41UL21$X:L11$S22US41US21$IEEE1$IW$USESV6$~STKCKD$USESV7$~SHL$OTIME$ROPI$IEEEX$EBA8$UX$STANDARDLIB$REQ8$PRES8$EABIv2 0x00000000   Number         0  anon$$obj.o ABSOLUTE
    __ARM_use_no_argv                        0x00000000   Number         0  main.o ABSOLUTE
    __Vectors                                0x00000000   Data           4  startup_lpc407x_8x_177x_8x.o(RESET)
    _printf_flags                            0x00000000   Number         0  printf_stubs.o ABSOLUTE
    _printf_return_value                     0x00000000   Number         0  printf_stubs.o ABSOLUTE
    _printf_sizespec                         0x00000000   Number         0  printf_stubs.o ABSOLUTE
    _printf_widthprec                        0x00000000   Number         0  printf_stubs.o ABSOLUTE
    __ARM_exceptions_init                     - Undefined Weak Reference
    __alloca_initialize                       - Undefined Weak Reference
    __arm_fini_                               - Undefined Weak Reference
    __arm_preinit_                            - Undefined Weak Reference
    __cpp_initialize__aeabi_                  - Undefined Weak Reference
    __cxa_finalize                            - Undefined Weak Reference
    __sigvec_lookup                           - Undefined Weak Reference
    _atexit_init                              - Undefined Weak Reference
    _call_atexit_fns                          - Undefined Weak Reference
    _clock_init                               - Undefined Weak Reference
    _fp_trap_init                             - Undefined Weak Reference
    _fp_trap_shutdown                         - Undefined Weak Reference
    _get_lc_collate                           - Undefined Weak Reference
    _get_lc_monetary                          - Undefined Weak Reference
    _get_lc_time                              - Undefined Weak Reference
    _getenv_init                              - Undefined Weak Reference
    _handle_redirection                       - Undefined Weak Reference
    _init_alloc                               - Undefined Weak Reference
    _init_user_alloc                          - Undefined Weak Reference
    _initio                                   - Undefined Weak Reference
    _printf_fp_hex                            - Undefined Weak Reference
    _printf_mbtowc                            - Undefined Weak Reference
    _printf_wc                                - Undefined Weak Reference
    _rand_init                                - Undefined Weak Reference
    _signal_finish                            - Undefined Weak Reference
    _signal_init                              - Undefined Weak Reference
    _terminate_alloc                          - Undefined Weak Reference
    _terminate_user_alloc                     - Undefined Weak Reference
    _terminateio                              - Undefined Weak Reference
    __main                                   0x000000e5   Thumb Code     8  __main.o(!!!main)
    __scatterload                            0x000000ed   Thumb Code     0  __scatter.o(!!!scatter)
    __scatterload_rt2                        0x000000ed   Thumb Code    44  __scatter.o(!!!scatter)
    __scatterload_rt2_thumb_only             0x000000ed   Thumb Code     0  __scatter.o(!!!scatter)
    __scatterload_null                       0x000000fb   Thumb Code     0  __scatter.o(!!!scatter)
    __scatterload_copy                       0x00000121   Thumb Code    26  __scatter_copy.o(!!handler_copy)
    __scatterload_zeroinit                   0x0000013d   Thumb Code    28  __scatter_zi.o(!!handler_zi)
    _printf_n                                0x00000159   Thumb Code     0  _printf_n.o(.ARM.Collect$$_printf_percent$$00000001)
    _printf_percent                          0x00000159   Thumb Code     0  _printf_percent.o(.ARM.Collect$$_printf_percent$$00000000)
    _printf_p                                0x0000015f   Thumb Code     0  _printf_p.o(.ARM.Collect$$_printf_percent$$00000002)
    _printf_f                                0x00000165   Thumb Code     0  _printf_f.o(.ARM.Collect$$_printf_percent$$00000003)
    _printf_e                                0x0000016b   Thumb Code     0  _printf_e.o(.ARM.Collect$$_printf_percent$$00000004)
    _printf_g                                0x00000171   Thumb Code     0  _printf_g.o(.ARM.Collect$$_printf_percent$$00000005)
    _printf_a                                0x00000177   Thumb Code     0  _printf_a.o(.ARM.Collect$$_printf_percent$$00000006)
    _printf_ll                               0x0000017d   Thumb Code     0  _printf_ll.o(.ARM.Collect$$_printf_percent$$00000007)
    _printf_i                                0x00000187   Thumb Code     0  _printf_i.o(.ARM.Collect$$_printf_percent$$00000008)
    _printf_d                                0x0000018d   Thumb Code     0  _printf_d.o(.ARM.Collect$$_printf_percent$$00000009)
    _printf_u                                0x00000193   Thumb Code     0  _printf_u.o(.ARM.Collect$$_printf_percent$$0000000A)
    _printf_o                                0x00000199   Thumb Code     0  _printf_o.o(.ARM.Collect$$_printf_percent$$0000000B)
    _printf_x                                0x0000019f   Thumb Code     0  _printf_x.o(.ARM.Collect$$_printf_percent$$0000000C)
    _printf_lli                              0x000001a5   Thumb Code     0  _printf_lli.o(.ARM.Collect$$_printf_percent$$0000000D)
    _printf_lld                              0x000001ab   Thumb Code     0  _printf_lld.o(.ARM.Collect$$_printf_percent$$0000000E)
    _printf_llu                              0x000001b1   Thumb Code     0  _printf_llu.o(.ARM.Collect$$_printf_percent$$0000000F)
    _printf_llo                              0x000001b7   Thumb Code     0  _printf_llo.o(.ARM.Collect$$_printf_percent$$00000010)
    _printf_llx                              0x000001bd   Thumb Code     0  _printf_llx.o(.ARM.Collect$$_printf_percent$$00000011)
    _printf_l                                0x000001c3   Thumb Code     0  _printf_l.o(.ARM.Collect$$_printf_percent$$00000012)
    _printf_c                                0x000001cd   Thumb Code     0  _printf_c.o(.ARM.Collect$$_printf_percent$$00000013)
    _printf_s                                0x000001d3   Thumb Code     0  _printf_s.o(.ARM.Collect$$_printf_percent$$00000014)
    _printf_lc                               0x000001d9   Thumb Code     0  _printf_lc.o(.ARM.Collect$$_printf_percent$$00000015)
    _printf_ls                               0x000001df   Thumb Code     0  _printf_ls.o(.ARM.Collect$$_printf_percent$$00000016)
    _printf_percent_end                      0x000001e5   Thumb Code     0  _printf_percent_end.o(.ARM.Collect$$_printf_percent$$00000017)
    __rt_lib_init                            0x000001e9   Thumb Code     0  libinit.o(.ARM.Collect$$libinit$$00000000)
    __rt_lib_init_fp_1                       0x000001eb   Thumb Code     0  libinit2.o(.ARM.Collect$$libinit$$00000001)
    __rt_lib_init_heap_1                     0x000001ef   Thumb Code     0  libinit2.o(.ARM.Collect$$libinit$$0000000A)
    __rt_lib_init_lc_common                  0x000001ef   Thumb Code     0  libinit2.o(.ARM.Collect$$libinit$$0000000F)
    __rt_lib_init_preinit_1                  0x000001ef   Thumb Code     0  libinit2.o(.ARM.Collect$$libinit$$00000004)
    __rt_lib_init_rand_1                     0x000001ef   Thumb Code     0  libinit2.o(.ARM.Collect$$libinit$$0000000E)
    __rt_lib_init_user_alloc_1               0x000001ef   Thumb Code     0  libinit2.o(.ARM.Collect$$libinit$$0000000C)
    __rt_lib_init_lc_collate_1               0x000001f5   Thumb Code     0  libinit2.o(.ARM.Collect$$libinit$$00000011)
    __rt_lib_init_lc_ctype_2                 0x000001f5   Thumb Code     0  libinit2.o(.ARM.Collect$$libinit$$00000012)
    __rt_lib_init_lc_ctype_1                 0x00000201   Thumb Code     0  libinit2.o(.ARM.Collect$$libinit$$00000013)
    __rt_lib_init_lc_monetary_1              0x00000201   Thumb Code     0  libinit2.o(.ARM.Collect$$libinit$$00000015)
    __rt_lib_init_lc_numeric_2               0x00000201   Thumb Code     0  libinit2.o(.ARM.Collect$$libinit$$00000016)
    __rt_lib_init_alloca_1                   0x0000020b   Thumb Code     0  libinit2.o(.ARM.Collect$$libinit$$0000002E)
    __rt_lib_init_argv_1                     0x0000020b   Thumb Code     0  libinit2.o(.ARM.Collect$$libinit$$0000002C)
    __rt_lib_init_atexit_1                   0x0000020b   Thumb Code     0  libinit2.o(.ARM.Collect$$libinit$$0000001B)
    __rt_lib_init_clock_1                    0x0000020b   Thumb Code     0  libinit2.o(.ARM.Collect$$libinit$$00000021)
    __rt_lib_init_cpp_1                      0x0000020b   Thumb Code     0  libinit2.o(.ARM.Collect$$libinit$$00000032)
    __rt_lib_init_exceptions_1               0x0000020b   Thumb Code     0  libinit2.o(.ARM.Collect$$libinit$$00000030)
    __rt_lib_init_fp_trap_1                  0x0000020b   Thumb Code     0  libinit2.o(.ARM.Collect$$libinit$$0000001F)
    __rt_lib_init_getenv_1                   0x0000020b   Thumb Code     0  libinit2.o(.ARM.Collect$$libinit$$00000023)
    __rt_lib_init_lc_numeric_1               0x0000020b   Thumb Code     0  libinit2.o(.ARM.Collect$$libinit$$00000017)
    __rt_lib_init_lc_time_1                  0x0000020b   Thumb Code     0  libinit2.o(.ARM.Collect$$libinit$$00000019)
    __rt_lib_init_return                     0x0000020b   Thumb Code     0  libinit2.o(.ARM.Collect$$libinit$$00000033)
    __rt_lib_init_signal_1                   0x0000020b   Thumb Code     0  libinit2.o(.ARM.Collect$$libinit$$0000001D)
    __rt_lib_init_stdio_1                    0x0000020b   Thumb Code     0  libinit2.o(.ARM.Collect$$libinit$$00000025)
    __rt_lib_shutdown                        0x0000020d   Thumb Code     0  libshutdown.o(.ARM.Collect$$libshutdown$$00000000)
    __rt_lib_shutdown_cpp_1                  0x0000020f   Thumb Code     0  libshutdown2.o(.ARM.Collect$$libshutdown$$00000004)
    __rt_lib_shutdown_fini_1                 0x0000020f   Thumb Code     0  libshutdown2.o(.ARM.Collect$$libshutdown$$00000002)
    __rt_lib_shutdown_fp_trap_1              0x0000020f   Thumb Code     0  libshutdown2.o(.ARM.Collect$$libshutdown$$00000009)
    __rt_lib_shutdown_heap_1                 0x0000020f   Thumb Code     0  libshutdown2.o(.ARM.Collect$$libshutdown$$00000011)
    __rt_lib_shutdown_return                 0x0000020f   Thumb Code     0  libshutdown2.o(.ARM.Collect$$libshutdown$$00000012)
    __rt_lib_shutdown_signal_1               0x0000020f   Thumb Code     0  libshutdown2.o(.ARM.Collect$$libshutdown$$0000000C)
    __rt_lib_shutdown_stdio_1                0x0000020f   Thumb Code     0  libshutdown2.o(.ARM.Collect$$libshutdown$$00000006)
    __rt_lib_shutdown_user_alloc_1           0x0000020f   Thumb Code     0  libshutdown2.o(.ARM.Collect$$libshutdown$$0000000E)
    __rt_entry                               0x00000211   Thumb Code     0  __rtentry.o(.ARM.Collect$$rtentry$$00000000)
    __rt_entry_presh_1                       0x00000211   Thumb Code     0  __rtentry2.o(.ARM.Collect$$rtentry$$00000002)
    __rt_entry_sh                            0x00000211   Thumb Code     0  __rtentry4.o(.ARM.Collect$$rtentry$$00000004)
    __rt_entry_li                            0x00000217   Thumb Code     0  __rtentry2.o(.ARM.Collect$$rtentry$$0000000A)
    __rt_entry_postsh_1                      0x00000217   Thumb Code     0  __rtentry2.o(.ARM.Collect$$rtentry$$00000009)
    __rt_entry_main                          0x0000021b   Thumb Code     0  __rtentry2.o(.ARM.Collect$$rtentry$$0000000D)
    __rt_entry_postli_1                      0x0000021b   Thumb Code     0  __rtentry2.o(.ARM.Collect$$rtentry$$0000000C)
    __rt_exit                                0x00000223   Thumb Code     0  rtexit.o(.ARM.Collect$$rtexit$$00000000)
    __rt_exit_ls                             0x00000225   Thumb Code     0  rtexit2.o(.ARM.Collect$$rtexit$$00000003)
    __rt_exit_prels_1                        0x00000225   Thumb Code     0  rtexit2.o(.ARM.Collect$$rtexit$$00000002)
    __rt_exit_exit                           0x00000229   Thumb Code     0  rtexit2.o(.ARM.Collect$$rtexit$$00000004)
    Reset_Handler                            0x00000231   Thumb Code     8  startup_lpc407x_8x_177x_8x.o(.text)
    NMI_Handler                              0x00000239   Thumb Code     2  startup_lpc407x_8x_177x_8x.o(.text)
    HardFault_Handler                        0x0000023b   Thumb Code     2  startup_lpc407x_8x_177x_8x.o(.text)
    MemManage_Handler                        0x0000023d   Thumb Code     2  startup_lpc407x_8x_177x_8x.o(.text)
    BusFault_Handler                         0x0000023f   Thumb Code     2  startup_lpc407x_8x_177x_8x.o(.text)
    UsageFault_Handler                       0x00000241   Thumb Code     2  startup_lpc407x_8x_177x_8x.o(.text)
    SVC_Handler                              0x00000243   Thumb Code     2  startup_lpc407x_8x_177x_8x.o(.text)
    DebugMon_Handler                         0x00000245   Thumb Code     2  startup_lpc407x_8x_177x_8x.o(.text)
    PendSV_Handler                           0x00000247   Thumb Code     2  startup_lpc407x_8x_177x_8x.o(.text)
    SysTick_Handler                          0x00000249   Thumb Code     2  startup_lpc407x_8x_177x_8x.o(.text)
    ADC_IRQHandler                           0x0000024b   Thumb Code     0  startup_lpc407x_8x_177x_8x.o(.text)
    BOD_IRQHandler                           0x0000024b   Thumb Code     0  startup_lpc407x_8x_177x_8x.o(.text)
    CANActivity_IRQHandler                   0x0000024b   Thumb Code     0  startup_lpc407x_8x_177x_8x.o(.text)
    CAN_IRQHandler                           0x0000024b   Thumb Code     0  startup_lpc407x_8x_177x_8x.o(.text)
    DMA_IRQHandler                           0x0000024b   Thumb Code     0  startup_lpc407x_8x_177x_8x.o(.text)
    EEPROM_IRQHandler                        0x0000024b   Thumb Code     0  startup_lpc407x_8x_177x_8x.o(.text)
    EINT0_IRQHandler                         0x0000024b   Thumb Code     0  startup_lpc407x_8x_177x_8x.o(.text)
    EINT1_IRQHandler                         0x0000024b   Thumb Code     0  startup_lpc407x_8x_177x_8x.o(.text)
    EINT2_IRQHandler                         0x0000024b   Thumb Code     0  startup_lpc407x_8x_177x_8x.o(.text)
    EINT3_IRQHandler                         0x0000024b   Thumb Code     0  startup_lpc407x_8x_177x_8x.o(.text)
    ENET_IRQHandler                          0x0000024b   Thumb Code     0  startup_lpc407x_8x_177x_8x.o(.text)
    I2C0_IRQHandler                          0x0000024b   Thumb Code     0  startup_lpc407x_8x_177x_8x.o(.text)
    I2C1_IRQHandler                          0x0000024b   Thumb Code     0  startup_lpc407x_8x_177x_8x.o(.text)
    I2C2_IRQHandler                          0x0000024b   Thumb Code     0  startup_lpc407x_8x_177x_8x.o(.text)
    I2S_IRQHandler                           0x0000024b   Thumb Code     0  startup_lpc407x_8x_177x_8x.o(.text)
    LCD_IRQHandler                           0x0000024b   Thumb Code     0  startup_lpc407x_8x_177x_8x.o(.text)
    MCI_IRQHandler                           0x0000024b   Thumb Code     0  startup_lpc407x_8x_177x_8x.o(.text)
    MCPWM_IRQHandler                         0x0000024b   Thumb Code     0  startup_lpc407x_8x_177x_8x.o(.text)
    PLL0_IRQHandler                          0x0000024b   Thumb Code     0  startup_lpc407x_8x_177x_8x.o(.text)
    PLL1_IRQHandler                          0x0000024b   Thumb Code     0  startup_lpc407x_8x_177x_8x.o(.text)
    PWM0_IRQHandler                          0x0000024b   Thumb Code     0  startup_lpc407x_8x_177x_8x.o(.text)
    PWM1_IRQHandler                          0x0000024b   Thumb Code     0  startup_lpc407x_8x_177x_8x.o(.text)
    QEI_IRQHandler                           0x0000024b   Thumb Code     0  startup_lpc407x_8x_177x_8x.o(.text)
    RTC_IRQHandler                           0x0000024b   Thumb Code     0  startup_lpc407x_8x_177x_8x.o(.text)
    SSP0_IRQHandler                          0x0000024b   Thumb Code     0  startup_lpc407x_8x_177x_8x.o(.text)
    SSP1_IRQHandler                          0x0000024b   Thumb Code     0  startup_lpc407x_8x_177x_8x.o(.text)
    SSP2_IRQHandler                          0x0000024b   Thumb Code     0  startup_lpc407x_8x_177x_8x.o(.text)
    TIMER0_IRQHandler                        0x0000024b   Thumb Code     0  startup_lpc407x_8x_177x_8x.o(.text)
    TIMER2_IRQHandler                        0x0000024b   Thumb Code     0  startup_lpc407x_8x_177x_8x.o(.text)
    UART0_IRQHandler                         0x0000024b   Thumb Code     0  startup_lpc407x_8x_177x_8x.o(.text)
    UART1_IRQHandler                         0x0000024b   Thumb Code     0  startup_lpc407x_8x_177x_8x.o(.text)
    UART2_IRQHandler                         0x0000024b   Thumb Code     0  startup_lpc407x_8x_177x_8x.o(.text)
    UART3_IRQHandler                         0x0000024b   Thumb Code     0  startup_lpc407x_8x_177x_8x.o(.text)
    UART4_IRQHandler                         0x0000024b   Thumb Code     0  startup_lpc407x_8x_177x_8x.o(.text)
    USBActivity_IRQHandler                   0x0000024b   Thumb Code     0  startup_lpc407x_8x_177x_8x.o(.text)
    USB_IRQHandler                           0x0000024b   Thumb Code     0  startup_lpc407x_8x_177x_8x.o(.text)
    WDT_IRQHandler                           0x0000024b   Thumb Code     0  startup_lpc407x_8x_177x_8x.o(.text)
    __user_initial_stackheap                 0x0000024d   Thumb Code     0  startup_lpc407x_8x_177x_8x.o(.text)
    __I$use$semihosting                      0x0000026d   Thumb Code     0  use_no_semi.o(.text)
    __use_no_semihosting_swi                 0x0000026d   Thumb Code     2  use_no_semi.o(.text)
    __c89vprintf                             0x00000271   Thumb Code     8  c89vprintf.o(.text)
    __2snprintf                              0x0000027d   Thumb Code    50  __2snprintf.o(.text)
    __use_two_region_memory                  0x000002b5   Thumb Code     2  heapauxi.o(.text)
    __rt_heap_escrow$2region                 0x000002b7   Thumb Code     2  heapauxi.o(.text)
    __rt_heap_expand$2region                 0x000002b9   Thumb Code     2  heapauxi.o(.text)
    __read_errno                             0x000002bb   Thumb Code    10  _rserrno.o(.text)
    __set_errno                              0x000002c5   Thumb Code    12  _rserrno.o(.text)
    _printf_truncate_signed                  0x000002d1   Thumb Code    18  _printf_truncate.o(.text)
    _printf_truncate_unsigned                0x000002e3   Thumb Code    18  _printf_truncate.o(.text)
    __aeabi_errno_addr                       0x000002f5   Thumb Code     8  rt_errno_addr_intlibspace.o(.text)
    __errno$intlibspace                      0x000002f5   Thumb Code     0  rt_errno_addr_intlibspace.o(.text)
    __rt_errno_addr$intlibspace              0x000002f5   Thumb Code     0  rt_errno_addr_intlibspace.o(.text)
    _printf_str                              0x00000301   Thumb Code    82  _printf_str.o(.text)
    _printf_int_dec                          0x00000355   Thumb Code   104  _printf_dec.o(.text)
    __printf                                 0x000003cd   Thumb Code   388  __printf_flags_ss_wp.o(.text)
    __aeabi_memmove                          0x00000555   Thumb Code     0  rt_memmove_v6.o(.text)
    __rt_memmove                             0x00000555   Thumb Code   132  rt_memmove_v6.o(.text)
    __memmove_lastfew                        0x000005b5   Thumb Code     0  rt_memmove_v6.o(.text)
    __aeabi_memcpy4                          0x000005d9   Thumb Code     0  rt_memcpy_w.o(.text)
    __aeabi_memcpy8                          0x000005d9   Thumb Code     0  rt_memcpy_w.o(.text)
    __rt_memcpy_w                            0x000005d9   Thumb Code   100  rt_memcpy_w.o(.text)
    _memcpy_lastbytes_aligned                0x00000621   Thumb Code     0  rt_memcpy_w.o(.text)
    _printf_pre_padding                      0x0000063d   Thumb Code    44  _printf_pad.o(.text)
    _printf_post_padding                     0x00000669   Thumb Code    34  _printf_pad.o(.text)
    _printf_int_common                       0x0000068b   Thumb Code   178  _printf_intcommon.o(.text)
    _printf_charcount                        0x0000073d   Thumb Code    40  _printf_charcount.o(.text)
    _printf_char_common                      0x0000076f   Thumb Code    32  _printf_char_common.o(.text)
    _sputc                                   0x00000795   Thumb Code    10  _sputc.o(.text)
    _snputc                                  0x0000079f   Thumb Code    16  _snputc.o(.text)
    _printf_cs_common                        0x000007af   Thumb Code    20  _printf_char.o(.text)
    _printf_char                             0x000007c3   Thumb Code    16  _printf_char.o(.text)
    _printf_string                           0x000007d3   Thumb Code     8  _printf_char.o(.text)
    _printf_char_file                        0x000007dd   Thumb Code    32  _printf_char_file.o(.text)
    _printf_wctomb                           0x00000801   Thumb Code   182  _printf_wctomb.o(.text)
    _printf_longlong_dec                     0x000008bd   Thumb Code   108  _printf_longlong_dec.o(.text)
    _printf_longlong_oct                     0x00000939   Thumb Code    66  _printf_oct_int_ll.o(.text)
    _printf_int_oct                          0x0000097b   Thumb Code    24  _printf_oct_int_ll.o(.text)
    _printf_ll_oct                           0x00000993   Thumb Code    12  _printf_oct_int_ll.o(.text)
    _printf_longlong_hex                     0x000009a9   Thumb Code    86  _printf_hex_int_ll_ptr.o(.text)
    _printf_int_hex                          0x000009ff   Thumb Code    28  _printf_hex_int_ll_ptr.o(.text)
    _printf_ll_hex                           0x00000a1b   Thumb Code    12  _printf_hex_int_ll_ptr.o(.text)
    _printf_hex_ptr                          0x00000a27   Thumb Code    18  _printf_hex_int_ll_ptr.o(.text)
    __aeabi_memcpy                           0x00000a3d   Thumb Code     0  rt_memcpy_v6.o(.text)
    __rt_memcpy                              0x00000a3d   Thumb Code   138  rt_memcpy_v6.o(.text)
    _memcpy_lastbytes                        0x00000aa3   Thumb Code     0  rt_memcpy_v6.o(.text)
    __aeabi_memmove4                         0x00000ac7   Thumb Code     0  rt_memmove_w.o(.text)
    __aeabi_memmove8                         0x00000ac7   Thumb Code     0  rt_memmove_w.o(.text)
    __rt_memmove_w                           0x00000ac7   Thumb Code   122  rt_memmove_w.o(.text)
    __memmove_aligned                        0x00000aed   Thumb Code     0  rt_memmove_w.o(.text)
    __memmove_lastfew_aligned                0x00000b25   Thumb Code     0  rt_memmove_w.o(.text)
    _ll_udiv10                               0x00000b41   Thumb Code   138  lludiv10.o(.text)
    __lib_sel_fp_printf                      0x00000bcb   Thumb Code     2  _printf_fp_dec.o(.text)
    _printf_fp_dec_real                      0x00000d7d   Thumb Code   620  _printf_fp_dec.o(.text)
    _printf_lcs_common                       0x00000fe9   Thumb Code    20  _printf_wchar.o(.text)
    _printf_wchar                            0x00000ffd   Thumb Code    16  _printf_wchar.o(.text)
    _printf_wstring                          0x0000100d   Thumb Code     8  _printf_wchar.o(.text)
    _wcrtomb                                 0x00001015   Thumb Code    64  _wcrtomb.o(.text)
    __user_libspace                          0x00001055   Thumb Code     8  libspace.o(.text)
    __user_perproc_libspace                  0x00001055   Thumb Code     0  libspace.o(.text)
    __user_perthread_libspace                0x00001055   Thumb Code     0  libspace.o(.text)
    __user_setup_stackheap                   0x0000105d   Thumb Code    74  sys_stackheap_outer.o(.text)
    __rt_ctype_table                         0x000010a9   Thumb Code    16  rt_ctype_table.o(.text)
    __rt_locale                              0x000010b9   Thumb Code     8  rt_locale_intlibspace.o(.text)
    _printf_fp_infnan                        0x000010c1   Thumb Code   112  _printf_fp_infnan.o(.text)
    _btod_etento                             0x00001141   Thumb Code   224  bigflt0.o(.text)
    exit                                     0x00001225   Thumb Code    18  exit.o(.text)
    strcmp                                   0x00001239   Thumb Code   128  strcmpv7m.o(.text)
    _btod_d2e                                0x000012b9   Thumb Code    62  btod.o(CL$$btod_d2e)
    _d2e_denorm_low                          0x000012f7   Thumb Code    70  btod.o(CL$$btod_d2e_denorm_low)
    _d2e_norm_op1                            0x0000133d   Thumb Code    96  btod.o(CL$$btod_d2e_norm_op1)
    __btod_div_common                        0x0000139d   Thumb Code   696  btod.o(CL$$btod_div_common)
    _e2e                                     0x000016d5   Thumb Code   220  btod.o(CL$$btod_e2e)
    _btod_ediv                               0x000017b1   Thumb Code    42  btod.o(CL$$btod_ediv)
    _btod_emul                               0x000017db   Thumb Code    42  btod.o(CL$$btod_emul)
    __btod_mult_common                       0x00001805   Thumb Code   580  btod.o(CL$$btod_mult_common)
    GPIO_IRQHandler                          0x00001a49   Thumb Code    64  teclado_4x4_interrupciones_gpio_y_timer.o(i.GPIO_IRQHandler)
    SystemCoreClockUpdate                    0x00001a9d   Thumb Code   696  system_lpc407x_8x_177x_8x.o(i.SystemCoreClockUpdate)
    SystemInit                               0x00001d71   Thumb Code   224  system_lpc407x_8x_177x_8x.o(i.SystemInit)
    SystemInit_ExtMemCtl                     0x00001e61   Thumb Code   468  system_lpc407x_8x_177x_8x.o(i.SystemInit_ExtMemCtl)
    TIMER1_IRQHandler                        0x00002059   Thumb Code    72  sonido.o(i.TIMER1_IRQHandler)
    TIMER3_IRQHandler                        0x000020b5   Thumb Code   284  teclado_4x4_interrupciones_gpio_y_timer.o(i.TIMER3_IRQHandler)
    __ARM_fpclassify                         0x0000226d   Thumb Code    48  fpclassify.o(i.__ARM_fpclassify)
    __ARM_fpclassifyf                        0x0000229d   Thumb Code    38  fpclassifyf.o(i.__ARM_fpclassifyf)
    __hardfp_pow                             0x00002311   Thumb Code  3072  pow.o(i.__hardfp_pow)
    __hardfp_powf                            0x00002f61   Thumb Code  1606  powf.o(i.__hardfp_powf)
    __mathlib_powf                           0x00002f61   Thumb Code     0  powf.o(i.__hardfp_powf)
    __kernel_poly                            0x000035c5   Thumb Code   248  poly.o(i.__kernel_poly)
    __mathlib_dbl_divzero                    0x000036c1   Thumb Code    28  dunder.o(i.__mathlib_dbl_divzero)
    __mathlib_dbl_infnan2                    0x000036f1   Thumb Code    20  dunder.o(i.__mathlib_dbl_infnan2)
    __mathlib_dbl_invalid                    0x00003709   Thumb Code    24  dunder.o(i.__mathlib_dbl_invalid)
    __mathlib_dbl_overflow                   0x00003729   Thumb Code    24  dunder.o(i.__mathlib_dbl_overflow)
    __mathlib_dbl_underflow                  0x00003749   Thumb Code    24  dunder.o(i.__mathlib_dbl_underflow)
    __mathlib_flt_divzero                    0x00003769   Thumb Code    14  funder.o(i.__mathlib_flt_divzero)
    __mathlib_flt_infnan2                    0x0000377d   Thumb Code     6  funder.o(i.__mathlib_flt_infnan2)
    __mathlib_flt_invalid                    0x00003785   Thumb Code    10  funder.o(i.__mathlib_flt_invalid)
    __mathlib_flt_overflow                   0x00003795   Thumb Code    10  funder.o(i.__mathlib_flt_overflow)
    __mathlib_flt_underflow                  0x000037a5   Thumb Code    10  funder.o(i.__mathlib_flt_underflow)
    _is_digit                                0x000037b5   Thumb Code    14  __printf_wp.o(i._is_digit)
    _sys_exit                                0x000037c3   Thumb Code     4  glcd.o(i._sys_exit)
    adc_convertir                            0x000037c9   Thumb Code    66  adc_lpc40xx.o(i.adc_convertir)
    adc_inicializar                          0x0000383d   Thumb Code   188  adc_lpc40xx.o(i.adc_inicializar)
    adc_traducir_a_tension                   0x000039ad   Thumb Code    48  adc_lpc40xx.o(i.adc_traducir_a_tension)
    adjust_timing                            0x00003a1d   Thumb Code    76  sdram.o(i.adjust_timing)
    fabs                                     0x00003abd   Thumb Code    24  fabs.o(i.fabs)
    ferror                                   0x00003ad5   Thumb Code    16  glcd.o(i.ferror)
    fpu_init                                 0x00003bf1   Thumb Code    62  system_lpc407x_8x_177x_8x.o(i.fpu_init)
    fputc                                    0x00003c41   Thumb Code   334  glcd.o(i.fputc)
    glcd_borrar                              0x00003db1   Thumb Code    20  glcd.o(i.glcd_borrar)
    glcd_caracter                            0x00003dc9   Thumb Code   242  glcd.o(i.glcd_caracter)
    glcd_desplazar                           0x00003ee1   Thumb Code    78  glcd.o(i.glcd_desplazar)
    glcd_inicializar                         0x00004029   Thumb Code   876  glcd.o(i.glcd_inicializar)
    glcd_texto                               0x000043bd   Thumb Code   138  glcd.o(i.glcd_texto)
    glcd_xprintf                             0x000044e1   Thumb Code   124  glcd.o(i.glcd_xprintf)
    gpio_ajustar_dir                         0x00004571   Thumb Code   130  gpio_lpc40xx.o(i.gpio_ajustar_dir)
    ldr_traducir_a_iluminancia               0x0000464d   Thumb Code   178  ldr.o(i.ldr_traducir_a_iluminancia)
    main                                     0x0000472d   Thumb Code   144  main.o(i.main)
    parar_con_error                          0x000047e9   Thumb Code   150  error.o(i.parar_con_error)
    sdram_inicializar                        0x00004cc1   Thumb Code   198  sdram.o(i.sdram_inicializar)
    sonido_emitir_pitido                     0x00004e01   Thumb Code    94  sonido.o(i.sonido_emitir_pitido)
    sqrt                                     0x00004e6d   Thumb Code   110  sqrt.o(i.sqrt)
    timer_esperar_fin_ciclo                  0x00004f35   Thumb Code    58  timer_lpc40xx.o(i.timer_esperar_fin_ciclo)
    timer_inicializar                        0x00004fa9   Thumb Code   226  timer_lpc40xx.o(i.timer_inicializar)
    timer_iniciar_ciclos_ms                  0x000050c9   Thumb Code   102  timer_lpc40xx.o(i.timer_iniciar_ciclos_ms)
    timer_iniciar_ciclos_us                  0x00005181   Thumb Code   100  timer_lpc40xx.o(i.timer_iniciar_ciclos_us)
    _get_lc_numeric                          0x00005239   Thumb Code    44  lc_numeric_c.o(locale$$code)
    _get_lc_ctype                            0x00005265   Thumb Code    44  lc_ctype_c.o(locale$$code)
    __aeabi_dneg                             0x00005291   Thumb Code     0  basic.o(x$fpl$basic)
    _dneg                                    0x00005291   Thumb Code     6  basic.o(x$fpl$basic)
    __aeabi_fneg                             0x00005297   Thumb Code     0  basic.o(x$fpl$basic)
    _fneg                                    0x00005297   Thumb Code     6  basic.o(x$fpl$basic)
    _dabs                                    0x0000529d   Thumb Code     6  basic.o(x$fpl$basic)
    _fabs                                    0x000052a3   Thumb Code     6  basic.o(x$fpl$basic)
    __aeabi_d2f                              0x000052a9   Thumb Code     0  d2f.o(x$fpl$d2f)
    _d2f                                     0x000052a9   Thumb Code    98  d2f.o(x$fpl$d2f)
    __aeabi_dadd                             0x0000530d   Thumb Code     0  daddsub_clz.o(x$fpl$dadd)
    _dadd                                    0x0000530d   Thumb Code   332  daddsub_clz.o(x$fpl$dadd)
    __fpl_dcheck_NaN1                        0x0000545d   Thumb Code    10  dcheck1.o(x$fpl$dcheck1)
    __fpl_dcmp_Inf                           0x0000546d   Thumb Code    24  dcmpi.o(x$fpl$dcmpinf)
    __aeabi_ddiv                             0x00005485   Thumb Code     0  ddiv.o(x$fpl$ddiv)
    _ddiv                                    0x00005485   Thumb Code   552  ddiv.o(x$fpl$ddiv)
    __aeabi_i2d                              0x00005735   Thumb Code     0  dflt_clz.o(x$fpl$dflt)
    _dflt                                    0x00005735   Thumb Code    46  dflt_clz.o(x$fpl$dflt)
    __aeabi_cdcmple                          0x00005765   Thumb Code     0  dleqf.o(x$fpl$dleqf)
    _dcmple                                  0x00005765   Thumb Code   120  dleqf.o(x$fpl$dleqf)
    __fpl_dcmple_InfNaN                      0x000057c7   Thumb Code     0  dleqf.o(x$fpl$dleqf)
    __aeabi_dmul                             0x000057dd   Thumb Code     0  dmul.o(x$fpl$dmul)
    _dmul                                    0x000057dd   Thumb Code   332  dmul.o(x$fpl$dmul)
    __fpl_dnaninf                            0x00005931   Thumb Code   156  dnaninf.o(x$fpl$dnaninf)
    __fpl_dretinf                            0x000059cd   Thumb Code    12  dretinf.o(x$fpl$dretinf)
    __aeabi_cdrcmple                         0x000059d9   Thumb Code     0  drleqf.o(x$fpl$drleqf)
    _drcmple                                 0x000059d9   Thumb Code   108  drleqf.o(x$fpl$drleqf)
    __aeabi_drsub                            0x00005a45   Thumb Code     0  daddsub_clz.o(x$fpl$drsb)
    _drsb                                    0x00005a45   Thumb Code    22  daddsub_clz.o(x$fpl$drsb)
    _dsqrt                                   0x00005a5d   Thumb Code   404  dsqrt_umaal.o(x$fpl$dsqrt)
    __aeabi_dsub                             0x00005bf5   Thumb Code     0  daddsub_clz.o(x$fpl$dsub)
    _dsub                                    0x00005bf5   Thumb Code   464  daddsub_clz.o(x$fpl$dsub)
    __aeabi_f2d                              0x00005dc9   Thumb Code     0  f2d.o(x$fpl$f2d)
    _f2d                                     0x00005dc9   Thumb Code    86  f2d.o(x$fpl$f2d)
    __fpl_fnaninf                            0x00005e1f   Thumb Code   140  fnaninf.o(x$fpl$fnaninf)
    _fp_init                                 0x00005eab   Thumb Code    10  fpinit.o(x$fpl$fpinit)
    __fplib_config_fpu_vfp                   0x00005eb3   Thumb Code     0  fpinit.o(x$fpl$fpinit)
    __fplib_config_pureend_doubles           0x00005eb3   Thumb Code     0  fpinit.o(x$fpl$fpinit)
    __fpl_fretinf                            0x00005eb5   Thumb Code    10  fretinf.o(x$fpl$fretinf)
    _printf_fp_dec                           0x00005ebf   Thumb Code     4  printf1.o(x$fpl$printf1)
    __fpl_return_NaN                         0x00005ec3   Thumb Code   100  retnan.o(x$fpl$retnan)
    __ARM_scalbn                             0x00005f27   Thumb Code    92  scalbn.o(x$fpl$scalbn)
    __fpl_cmpreturn                          0x00005f83   Thumb Code    48  trapv.o(x$fpl$trapveneer)
    __I$use$fp                               0x00005fb2   Number         0  usenofp.o(x$fpl$usenofp)
    font_8x16                                0x0000604c   Data          20  font_8x16.o(.constdata)
    font_8x16_datos                          0x00006060   Data        3584  font_8x16.o(.constdata)
    font_12x24                               0x00006e60   Data          20  font_12x24.o(.constdata)
    font_12x24_datos                         0x00006e74   Data       10752  font_12x24.o(.constdata)
    font_16x32                               0x00009874   Data          20  font_16x32.o(.constdata)
    font_16x32_datos                         0x00009888   Data       14336  font_16x32.o(.constdata)
    nota_a_semiperiodo_us                    0x0000d0da   Data         174  sonido.o(.constdata)
    __mathlib_zero                           0x0000d510   Data           8  qnan.o(.constdata)
    Region$$Table$$Base                      0x0000d5ac   Number         0  anon$$obj.o(Region$$Table)
    Region$$Table$$Limit                     0x0000d5cc   Number         0  anon$$obj.o(Region$$Table)
    __ctype                                  0x0000d5f5   Data           0  lc_ctype_c.o(locale$$data)
    __stdout                                 0x10000020   Data           4  glcd.o(.data)
    __stdin                                  0x10000024   Data           4  glcd.o(.data)
    __stderr                                 0x10000028   Data           4  glcd.o(.data)
    SystemCoreClock                          0x10000054   Data           4  system_lpc407x_8x_177x_8x.o(.data)
    PeripheralClock                          0x10000058   Data           4  system_lpc407x_8x_177x_8x.o(.data)
    EMCClock                                 0x1000005c   Data           4  system_lpc407x_8x_177x_8x.o(.data)
    USBClock                                 0x10000060   Data           4  system_lpc407x_8x_177x_8x.o(.data)
    __libspace_start                         0x10000070   Data          96  libspace.o(.bss)
    __temporary_stack_top$libspace           0x100000d0   Data           0  libspace.o(.bss)



==============================================================================

Memory Map of the image

  Image Entry point : 0x000000e5

  Load Region LR_IROM1 (Base: 0x00000000, Size: 0x0000d75c, Max: 0x00080000, ABSOLUTE)

    Execution Region ER_IROM1 (Exec base: 0x00000000, Load base: 0x00000000, Size: 0x0000d6f8, Max: 0x00080000, ABSOLUTE)

    Exec Addr    Load Addr    Size         Type   Attr      Idx    E Section Name        Object

    0x00000000   0x00000000   0x000000e4   Data   RO          900    RESET               startup_lpc407x_8x_177x_8x.o
    0x000000e4   0x000000e4   0x00000008   Code   RO         1006  * !!!main             c_w.l(__main.o)
    0x000000ec   0x000000ec   0x00000034   Code   RO         1429    !!!scatter          c_w.l(__scatter.o)
    0x00000120   0x00000120   0x0000001a   Code   RO         1431    !!handler_copy      c_w.l(__scatter_copy.o)
    0x0000013a   0x0000013a   0x00000002   PAD
    0x0000013c   0x0000013c   0x0000001c   Code   RO         1433    !!handler_zi        c_w.l(__scatter_zi.o)
    0x00000158   0x00000158   0x00000000   Code   RO          999    .ARM.Collect$$_printf_percent$$00000000  c_w.l(_printf_percent.o)
    0x00000158   0x00000158   0x00000006   Code   RO         1106    .ARM.Collect$$_printf_percent$$00000001  c_w.l(_printf_n.o)
    0x0000015e   0x0000015e   0x00000006   Code   RO         1108    .ARM.Collect$$_printf_percent$$00000002  c_w.l(_printf_p.o)
    0x00000164   0x00000164   0x00000006   Code   RO         1112    .ARM.Collect$$_printf_percent$$00000003  c_w.l(_printf_f.o)
    0x0000016a   0x0000016a   0x00000006   Code   RO         1113    .ARM.Collect$$_printf_percent$$00000004  c_w.l(_printf_e.o)
    0x00000170   0x00000170   0x00000006   Code   RO         1114    .ARM.Collect$$_printf_percent$$00000005  c_w.l(_printf_g.o)
    0x00000176   0x00000176   0x00000006   Code   RO         1115    .ARM.Collect$$_printf_percent$$00000006  c_w.l(_printf_a.o)
    0x0000017c   0x0000017c   0x0000000a   Code   RO         1120    .ARM.Collect$$_printf_percent$$00000007  c_w.l(_printf_ll.o)
    0x00000186   0x00000186   0x00000006   Code   RO         1110    .ARM.Collect$$_printf_percent$$00000008  c_w.l(_printf_i.o)
    0x0000018c   0x0000018c   0x00000006   Code   RO         1111    .ARM.Collect$$_printf_percent$$00000009  c_w.l(_printf_d.o)
    0x00000192   0x00000192   0x00000006   Code   RO          998    .ARM.Collect$$_printf_percent$$0000000A  c_w.l(_printf_u.o)
    0x00000198   0x00000198   0x00000006   Code   RO         1109    .ARM.Collect$$_printf_percent$$0000000B  c_w.l(_printf_o.o)
    0x0000019e   0x0000019e   0x00000006   Code   RO         1107    .ARM.Collect$$_printf_percent$$0000000C  c_w.l(_printf_x.o)
    0x000001a4   0x000001a4   0x00000006   Code   RO         1117    .ARM.Collect$$_printf_percent$$0000000D  c_w.l(_printf_lli.o)
    0x000001aa   0x000001aa   0x00000006   Code   RO         1118    .ARM.Collect$$_printf_percent$$0000000E  c_w.l(_printf_lld.o)
    0x000001b0   0x000001b0   0x00000006   Code   RO         1119    .ARM.Collect$$_printf_percent$$0000000F  c_w.l(_printf_llu.o)
    0x000001b6   0x000001b6   0x00000006   Code   RO         1124    .ARM.Collect$$_printf_percent$$00000010  c_w.l(_printf_llo.o)
    0x000001bc   0x000001bc   0x00000006   Code   RO         1125    .ARM.Collect$$_printf_percent$$00000011  c_w.l(_printf_llx.o)
    0x000001c2   0x000001c2   0x0000000a   Code   RO         1121    .ARM.Collect$$_printf_percent$$00000012  c_w.l(_printf_l.o)
    0x000001cc   0x000001cc   0x00000006   Code   RO         1105    .ARM.Collect$$_printf_percent$$00000013  c_w.l(_printf_c.o)
    0x000001d2   0x000001d2   0x00000006   Code   RO          997    .ARM.Collect$$_printf_percent$$00000014  c_w.l(_printf_s.o)
    0x000001d8   0x000001d8   0x00000006   Code   RO         1122    .ARM.Collect$$_printf_percent$$00000015  c_w.l(_printf_lc.o)
    0x000001de   0x000001de   0x00000006   Code   RO         1123    .ARM.Collect$$_printf_percent$$00000016  c_w.l(_printf_ls.o)
    0x000001e4   0x000001e4   0x00000004   Code   RO         1116    .ARM.Collect$$_printf_percent$$00000017  c_w.l(_printf_percent_end.o)
    0x000001e8   0x000001e8   0x00000002   Code   RO         1293    .ARM.Collect$$libinit$$00000000  c_w.l(libinit.o)
    0x000001ea   0x000001ea   0x00000004   Code   RO         1305    .ARM.Collect$$libinit$$00000001  c_w.l(libinit2.o)
    0x000001ee   0x000001ee   0x00000000   Code   RO         1308    .ARM.Collect$$libinit$$00000004  c_w.l(libinit2.o)
    0x000001ee   0x000001ee   0x00000000   Code   RO         1311    .ARM.Collect$$libinit$$0000000A  c_w.l(libinit2.o)
    0x000001ee   0x000001ee   0x00000000   Code   RO         1313    .ARM.Collect$$libinit$$0000000C  c_w.l(libinit2.o)
    0x000001ee   0x000001ee   0x00000000   Code   RO         1315    .ARM.Collect$$libinit$$0000000E  c_w.l(libinit2.o)
    0x000001ee   0x000001ee   0x00000006   Code   RO         1316    .ARM.Collect$$libinit$$0000000F  c_w.l(libinit2.o)
    0x000001f4   0x000001f4   0x00000000   Code   RO         1318    .ARM.Collect$$libinit$$00000011  c_w.l(libinit2.o)
    0x000001f4   0x000001f4   0x0000000c   Code   RO         1319    .ARM.Collect$$libinit$$00000012  c_w.l(libinit2.o)
    0x00000200   0x00000200   0x00000000   Code   RO         1320    .ARM.Collect$$libinit$$00000013  c_w.l(libinit2.o)
    0x00000200   0x00000200   0x00000000   Code   RO         1322    .ARM.Collect$$libinit$$00000015  c_w.l(libinit2.o)
    0x00000200   0x00000200   0x0000000a   Code   RO         1323    .ARM.Collect$$libinit$$00000016  c_w.l(libinit2.o)
    0x0000020a   0x0000020a   0x00000000   Code   RO         1324    .ARM.Collect$$libinit$$00000017  c_w.l(libinit2.o)
    0x0000020a   0x0000020a   0x00000000   Code   RO         1326    .ARM.Collect$$libinit$$00000019  c_w.l(libinit2.o)
    0x0000020a   0x0000020a   0x00000000   Code   RO         1328    .ARM.Collect$$libinit$$0000001B  c_w.l(libinit2.o)
    0x0000020a   0x0000020a   0x00000000   Code   RO         1330    .ARM.Collect$$libinit$$0000001D  c_w.l(libinit2.o)
    0x0000020a   0x0000020a   0x00000000   Code   RO         1332    .ARM.Collect$$libinit$$0000001F  c_w.l(libinit2.o)
    0x0000020a   0x0000020a   0x00000000   Code   RO         1334    .ARM.Collect$$libinit$$00000021  c_w.l(libinit2.o)
    0x0000020a   0x0000020a   0x00000000   Code   RO         1336    .ARM.Collect$$libinit$$00000023  c_w.l(libinit2.o)
    0x0000020a   0x0000020a   0x00000000   Code   RO         1338    .ARM.Collect$$libinit$$00000025  c_w.l(libinit2.o)
    0x0000020a   0x0000020a   0x00000000   Code   RO         1342    .ARM.Collect$$libinit$$0000002C  c_w.l(libinit2.o)
    0x0000020a   0x0000020a   0x00000000   Code   RO         1344    .ARM.Collect$$libinit$$0000002E  c_w.l(libinit2.o)
    0x0000020a   0x0000020a   0x00000000   Code   RO         1346    .ARM.Collect$$libinit$$00000030  c_w.l(libinit2.o)
    0x0000020a   0x0000020a   0x00000000   Code   RO         1348    .ARM.Collect$$libinit$$00000032  c_w.l(libinit2.o)
    0x0000020a   0x0000020a   0x00000002   Code   RO         1349    .ARM.Collect$$libinit$$00000033  c_w.l(libinit2.o)
    0x0000020c   0x0000020c   0x00000002   Code   RO         1369    .ARM.Collect$$libshutdown$$00000000  c_w.l(libshutdown.o)
    0x0000020e   0x0000020e   0x00000000   Code   RO         1379    .ARM.Collect$$libshutdown$$00000002  c_w.l(libshutdown2.o)
    0x0000020e   0x0000020e   0x00000000   Code   RO         1381    .ARM.Collect$$libshutdown$$00000004  c_w.l(libshutdown2.o)
    0x0000020e   0x0000020e   0x00000000   Code   RO         1383    .ARM.Collect$$libshutdown$$00000006  c_w.l(libshutdown2.o)
    0x0000020e   0x0000020e   0x00000000   Code   RO         1386    .ARM.Collect$$libshutdown$$00000009  c_w.l(libshutdown2.o)
    0x0000020e   0x0000020e   0x00000000   Code   RO         1389    .ARM.Collect$$libshutdown$$0000000C  c_w.l(libshutdown2.o)
    0x0000020e   0x0000020e   0x00000000   Code   RO         1391    .ARM.Collect$$libshutdown$$0000000E  c_w.l(libshutdown2.o)
    0x0000020e   0x0000020e   0x00000000   Code   RO         1394    .ARM.Collect$$libshutdown$$00000011  c_w.l(libshutdown2.o)
    0x0000020e   0x0000020e   0x00000002   Code   RO         1395    .ARM.Collect$$libshutdown$$00000012  c_w.l(libshutdown2.o)
    0x00000210   0x00000210   0x00000000   Code   RO         1052    .ARM.Collect$$rtentry$$00000000  c_w.l(__rtentry.o)
    0x00000210   0x00000210   0x00000000   Code   RO         1209    .ARM.Collect$$rtentry$$00000002  c_w.l(__rtentry2.o)
    0x00000210   0x00000210   0x00000006   Code   RO         1221    .ARM.Collect$$rtentry$$00000004  c_w.l(__rtentry4.o)
    0x00000216   0x00000216   0x00000000   Code   RO         1211    .ARM.Collect$$rtentry$$00000009  c_w.l(__rtentry2.o)
    0x00000216   0x00000216   0x00000004   Code   RO         1212    .ARM.Collect$$rtentry$$0000000A  c_w.l(__rtentry2.o)
    0x0000021a   0x0000021a   0x00000000   Code   RO         1214    .ARM.Collect$$rtentry$$0000000C  c_w.l(__rtentry2.o)
    0x0000021a   0x0000021a   0x00000008   Code   RO         1215    .ARM.Collect$$rtentry$$0000000D  c_w.l(__rtentry2.o)
    0x00000222   0x00000222   0x00000002   Code   RO         1298    .ARM.Collect$$rtexit$$00000000  c_w.l(rtexit.o)
    0x00000224   0x00000224   0x00000000   Code   RO         1353    .ARM.Collect$$rtexit$$00000002  c_w.l(rtexit2.o)
    0x00000224   0x00000224   0x00000004   Code   RO         1354    .ARM.Collect$$rtexit$$00000003  c_w.l(rtexit2.o)
    0x00000228   0x00000228   0x00000006   Code   RO         1355    .ARM.Collect$$rtexit$$00000004  c_w.l(rtexit2.o)
    0x0000022e   0x0000022e   0x00000002   PAD
    0x00000230   0x00000230   0x0000003c   Code   RO          902    .text               startup_lpc407x_8x_177x_8x.o
    0x0000026c   0x0000026c   0x00000002   Code   RO          963    .text               c_w.l(use_no_semi.o)
    0x0000026e   0x0000026e   0x00000002   PAD
    0x00000270   0x00000270   0x0000000c   Code   RO          965    .text               c_w.l(c89vprintf.o)
    0x0000027c   0x0000027c   0x00000038   Code   RO          967    .text               c_w.l(__2snprintf.o)
    0x000002b4   0x000002b4   0x00000006   Code   RO         1004    .text               c_w.l(heapauxi.o)
    0x000002ba   0x000002ba   0x00000016   Code   RO         1053    .text               c_w.l(_rserrno.o)
    0x000002d0   0x000002d0   0x00000024   Code   RO         1057    .text               c_w.l(_printf_truncate.o)
    0x000002f4   0x000002f4   0x00000008   Code   RO         1226    .text               c_w.l(rt_errno_addr_intlibspace.o)
    0x000002fc   0x000002fc   0x00000004   Code   RO          901    .ARM.__at_0x02FC    startup_lpc407x_8x_177x_8x.o
    0x00000300   0x00000300   0x00000052   Code   RO          973    .text               c_w.l(_printf_str.o)
    0x00000352   0x00000352   0x00000002   PAD
    0x00000354   0x00000354   0x00000078   Code   RO          975    .text               c_w.l(_printf_dec.o)
    0x000003cc   0x000003cc   0x00000188   Code   RO          994    .text               c_w.l(__printf_flags_ss_wp.o)
    0x00000554   0x00000554   0x00000084   Code   RO         1000    .text               c_w.l(rt_memmove_v6.o)
    0x000005d8   0x000005d8   0x00000064   Code   RO         1002    .text               c_w.l(rt_memcpy_w.o)
    0x0000063c   0x0000063c   0x0000004e   Code   RO         1055    .text               c_w.l(_printf_pad.o)
    0x0000068a   0x0000068a   0x000000b2   Code   RO         1059    .text               c_w.l(_printf_intcommon.o)
    0x0000073c   0x0000073c   0x00000028   Code   RO         1061    .text               c_w.l(_printf_charcount.o)
    0x00000764   0x00000764   0x00000030   Code   RO         1063    .text               c_w.l(_printf_char_common.o)
    0x00000794   0x00000794   0x0000000a   Code   RO         1065    .text               c_w.l(_sputc.o)
    0x0000079e   0x0000079e   0x00000010   Code   RO         1067    .text               c_w.l(_snputc.o)
    0x000007ae   0x000007ae   0x0000002c   Code   RO         1069    .text               c_w.l(_printf_char.o)
    0x000007da   0x000007da   0x00000002   PAD
    0x000007dc   0x000007dc   0x00000024   Code   RO         1071    .text               c_w.l(_printf_char_file.o)
    0x00000800   0x00000800   0x000000bc   Code   RO         1073    .text               c_w.l(_printf_wctomb.o)
    0x000008bc   0x000008bc   0x0000007c   Code   RO         1076    .text               c_w.l(_printf_longlong_dec.o)
    0x00000938   0x00000938   0x00000070   Code   RO         1082    .text               c_w.l(_printf_oct_int_ll.o)
    0x000009a8   0x000009a8   0x00000094   Code   RO         1102    .text               c_w.l(_printf_hex_int_ll_ptr.o)
    0x00000a3c   0x00000a3c   0x0000008a   Code   RO         1126    .text               c_w.l(rt_memcpy_v6.o)
    0x00000ac6   0x00000ac6   0x0000007a   Code   RO         1128    .text               c_w.l(rt_memmove_w.o)
    0x00000b40   0x00000b40   0x0000008a   Code   RO         1228    .text               c_w.l(lludiv10.o)
    0x00000bca   0x00000bca   0x0000041e   Code   RO         1230    .text               c_w.l(_printf_fp_dec.o)
    0x00000fe8   0x00000fe8   0x0000002c   Code   RO         1234    .text               c_w.l(_printf_wchar.o)
    0x00001014   0x00001014   0x00000040   Code   RO         1236    .text               c_w.l(_wcrtomb.o)
    0x00001054   0x00001054   0x00000008   Code   RO         1244    .text               c_w.l(libspace.o)
    0x0000105c   0x0000105c   0x0000004a   Code   RO         1247    .text               c_w.l(sys_stackheap_outer.o)
    0x000010a6   0x000010a6   0x00000002   PAD
    0x000010a8   0x000010a8   0x00000010   Code   RO         1249    .text               c_w.l(rt_ctype_table.o)
    0x000010b8   0x000010b8   0x00000008   Code   RO         1254    .text               c_w.l(rt_locale_intlibspace.o)
    0x000010c0   0x000010c0   0x00000080   Code   RO         1256    .text               c_w.l(_printf_fp_infnan.o)
    0x00001140   0x00001140   0x000000e4   Code   RO         1258    .text               c_w.l(bigflt0.o)
    0x00001224   0x00001224   0x00000012   Code   RO         1286    .text               c_w.l(exit.o)
    0x00001236   0x00001236   0x00000002   PAD
    0x00001238   0x00001238   0x00000080   Code   RO         1303    .text               c_w.l(strcmpv7m.o)
    0x000012b8   0x000012b8   0x0000003e   Code   RO         1261    CL$$btod_d2e        c_w.l(btod.o)
    0x000012f6   0x000012f6   0x00000046   Code   RO         1263    CL$$btod_d2e_denorm_low  c_w.l(btod.o)
    0x0000133c   0x0000133c   0x00000060   Code   RO         1262    CL$$btod_d2e_norm_op1  c_w.l(btod.o)
    0x0000139c   0x0000139c   0x00000338   Code   RO         1271    CL$$btod_div_common  c_w.l(btod.o)
    0x000016d4   0x000016d4   0x000000dc   Code   RO         1268    CL$$btod_e2e        c_w.l(btod.o)
    0x000017b0   0x000017b0   0x0000002a   Code   RO         1265    CL$$btod_ediv       c_w.l(btod.o)
    0x000017da   0x000017da   0x0000002a   Code   RO         1264    CL$$btod_emul       c_w.l(btod.o)
    0x00001804   0x00001804   0x00000244   Code   RO         1270    CL$$btod_mult_common  c_w.l(btod.o)
    0x00001a48   0x00001a48   0x00000054   Code   RO          704    i.GPIO_IRQHandler   teclado_4x4_interrupciones_gpio_y_timer.o
    0x00001a9c   0x00001a9c   0x000002d4   Code   RO          911    i.SystemCoreClockUpdate  system_lpc407x_8x_177x_8x.o
    0x00001d70   0x00001d70   0x000000f0   Code   RO          912    i.SystemInit        system_lpc407x_8x_177x_8x.o
    0x00001e60   0x00001e60   0x000001f8   Code   RO          913    i.SystemInit_ExtMemCtl  system_lpc407x_8x_177x_8x.o
    0x00002058   0x00002058   0x0000005c   Code   RO          636    i.TIMER1_IRQHandler  sonido.o
    0x000020b4   0x000020b4   0x00000150   Code   RO          705    i.TIMER3_IRQHandler  teclado_4x4_interrupciones_gpio_y_timer.o
    0x00002204   0x00002204   0x0000003c   Code   RO          574    i.TIM_Waitms        sdram.o
    0x00002240   0x00002240   0x0000002c   Code   RO          914    i._DelayMs          system_lpc407x_8x_177x_8x.o
    0x0000226c   0x0000226c   0x00000030   Code   RO         1175    i.__ARM_fpclassify  m_wm.l(fpclassify.o)
    0x0000229c   0x0000229c   0x00000026   Code   RO         1177    i.__ARM_fpclassifyf  m_wm.l(fpclassifyf.o)
    0x000022c2   0x000022c2   0x00000002   PAD
    0x000022c4   0x000022c4   0x00000024   Code   RO          707    i.__NVIC_DisableIRQ  teclado_4x4_interrupciones_gpio_y_timer.o
    0x000022e8   0x000022e8   0x00000022   Code   RO          708    i.__NVIC_EnableIRQ  teclado_4x4_interrupciones_gpio_y_timer.o
    0x0000230a   0x0000230a   0x00000006   PAD
    0x00002310   0x00002310   0x00000c50   Code   RO         1024    i.__hardfp_pow      m_wm.l(pow.o)
    0x00002f60   0x00002f60   0x00000664   Code   RO         1038    i.__hardfp_powf     m_wm.l(powf.o)
    0x000035c4   0x000035c4   0x000000f8   Code   RO         1193    i.__kernel_poly     m_wm.l(poly.o)
    0x000036bc   0x000036bc   0x00000004   PAD
    0x000036c0   0x000036c0   0x00000030   Code   RO         1155    i.__mathlib_dbl_divzero  m_wm.l(dunder.o)
    0x000036f0   0x000036f0   0x00000014   Code   RO         1157    i.__mathlib_dbl_infnan2  m_wm.l(dunder.o)
    0x00003704   0x00003704   0x00000004   PAD
    0x00003708   0x00003708   0x00000020   Code   RO         1158    i.__mathlib_dbl_invalid  m_wm.l(dunder.o)
    0x00003728   0x00003728   0x00000020   Code   RO         1159    i.__mathlib_dbl_overflow  m_wm.l(dunder.o)
    0x00003748   0x00003748   0x00000020   Code   RO         1161    i.__mathlib_dbl_underflow  m_wm.l(dunder.o)
    0x00003768   0x00003768   0x00000014   Code   RO         1179    i.__mathlib_flt_divzero  m_wm.l(funder.o)
    0x0000377c   0x0000377c   0x00000006   Code   RO         1181    i.__mathlib_flt_infnan2  m_wm.l(funder.o)
    0x00003782   0x00003782   0x00000002   PAD
    0x00003784   0x00003784   0x00000010   Code   RO         1182    i.__mathlib_flt_invalid  m_wm.l(funder.o)
    0x00003794   0x00003794   0x00000010   Code   RO         1183    i.__mathlib_flt_overflow  m_wm.l(funder.o)
    0x000037a4   0x000037a4   0x00000010   Code   RO         1185    i.__mathlib_flt_underflow  m_wm.l(funder.o)
    0x000037b4   0x000037b4   0x0000000e   Code   RO          987    i._is_digit         c_w.l(__printf_wp.o)
    0x000037c2   0x000037c2   0x00000004   Code   RO          146    i._sys_exit         glcd.o
    0x000037c6   0x000037c6   0x00000002   PAD
    0x000037c8   0x000037c8   0x00000074   Code   RO            4    i.adc_convertir     adc_lpc40xx.o
    0x0000383c   0x0000383c   0x00000170   Code   RO            5    i.adc_inicializar   adc_lpc40xx.o
    0x000039ac   0x000039ac   0x00000070   Code   RO            6    i.adc_traducir_a_tension  adc_lpc40xx.o
    0x00003a1c   0x00003a1c   0x00000058   Code   RO          575    i.adjust_timing     sdram.o
    0x00003a74   0x00003a74   0x00000048   Code   RO          576    i.calibration       sdram.o
    0x00003abc   0x00003abc   0x00000018   Code   RO         1171    i.fabs              m_wm.l(fabs.o)
    0x00003ad4   0x00003ad4   0x00000014   Code   RO          147    i.ferror            glcd.o
    0x00003ae8   0x00003ae8   0x00000084   Code   RO          577    i.find_cmddly       sdram.o
    0x00003b6c   0x00003b6c   0x00000084   Code   RO          578    i.find_fbclkdly     sdram.o
    0x00003bf0   0x00003bf0   0x00000050   Code   RO          915    i.fpu_init          system_lpc407x_8x_177x_8x.o
    0x00003c40   0x00003c40   0x00000170   Code   RO          149    i.fputc             glcd.o
    0x00003db0   0x00003db0   0x00000018   Code   RO          151    i.glcd_borrar       glcd.o
    0x00003dc8   0x00003dc8   0x00000118   Code   RO          152    i.glcd_caracter     glcd.o
    0x00003ee0   0x00003ee0   0x00000058   Code   RO          156    i.glcd_desplazar    glcd.o
    0x00003f38   0x00003f38   0x00000044   Code   RO          158    i.glcd_i2c0_inicializar  glcd.o
    0x00003f7c   0x00003f7c   0x00000034   Code   RO          159    i.glcd_i2c0_start   glcd.o
    0x00003fb0   0x00003fb0   0x00000020   Code   RO          160    i.glcd_i2c0_stop    glcd.o
    0x00003fd0   0x00003fd0   0x00000032   Code   RO          161    i.glcd_i2c0_transmitir_buffer  glcd.o
    0x00004002   0x00004002   0x00000002   PAD
    0x00004004   0x00004004   0x00000024   Code   RO          162    i.glcd_i2c0_transmitir_byte  glcd.o
    0x00004028   0x00004028   0x00000394   Code   RO          163    i.glcd_inicializar  glcd.o
    0x000043bc   0x000043bc   0x000000cc   Code   RO          170    i.glcd_texto        glcd.o
    0x00004488   0x00004488   0x00000058   Code   RO          171    i.glcd_timer0_retardo_ms  glcd.o
    0x000044e0   0x000044e0   0x00000090   Code   RO          172    i.glcd_xprintf      glcd.o
    0x00004570   0x00004570   0x000000d8   Code   RO          341    i.gpio_ajustar_dir  gpio_lpc40xx.o
    0x00004648   0x00004648   0x00000004   Code   RO          710    i.gpio_pin_a_0      teclado_4x4_interrupciones_gpio_y_timer.o
    0x0000464c   0x0000464c   0x000000e0   Code   RO          445    i.ldr_traducir_a_iluminancia  ldr.o
    0x0000472c   0x0000472c   0x000000bc   Code   RO          528    i.main              main.o
    0x000047e8   0x000047e8   0x000000cc   Code   RO           82    i.parar_con_error   error.o
    0x000048b4   0x000048b4   0x0000040a   Code   RO          579    i.pinConfig         sdram.o
    0x00004cbe   0x00004cbe   0x00000002   PAD
    0x00004cc0   0x00004cc0   0x000000e4   Code   RO          580    i.sdram_inicializar  sdram.o
    0x00004da4   0x00004da4   0x0000005c   Code   RO          581    i.sdram_test        sdram.o
    0x00004e00   0x00004e00   0x0000006c   Code   RO          637    i.sonido_emitir_pitido  sonido.o
    0x00004e6c   0x00004e6c   0x0000006e   Code   RO         1198    i.sqrt              m_wm.l(sqrt.o)
    0x00004eda   0x00004eda   0x00000002   PAD
    0x00004edc   0x00004edc   0x00000058   Code   RO          715    i.tec4x4_insertar_en_buffer  teclado_4x4_interrupciones_gpio_y_timer.o
    0x00004f34   0x00004f34   0x00000074   Code   RO          822    i.timer_esperar_fin_ciclo  timer_lpc40xx.o
    0x00004fa8   0x00004fa8   0x00000120   Code   RO          823    i.timer_inicializar  timer_lpc40xx.o
    0x000050c8   0x000050c8   0x000000b8   Code   RO          824    i.timer_iniciar_ciclos_ms  timer_lpc40xx.o
    0x00005180   0x00005180   0x000000b8   Code   RO          825    i.timer_iniciar_ciclos_us  timer_lpc40xx.o
    0x00005238   0x00005238   0x0000002c   Code   RO         1284    locale$$code        c_w.l(lc_numeric_c.o)
    0x00005264   0x00005264   0x0000002c   Code   RO         1301    locale$$code        c_w.l(lc_ctype_c.o)
    0x00005290   0x00005290   0x00000018   Code   RO         1130    x$fpl$basic         fz_wm.l(basic.o)
    0x000052a8   0x000052a8   0x00000062   Code   RO         1008    x$fpl$d2f           fz_wm.l(d2f.o)
    0x0000530a   0x0000530a   0x00000002   PAD
    0x0000530c   0x0000530c   0x00000150   Code   RO         1010    x$fpl$dadd          fz_wm.l(daddsub_clz.o)
    0x0000545c   0x0000545c   0x00000010   Code   RO         1238    x$fpl$dcheck1       fz_wm.l(dcheck1.o)
    0x0000546c   0x0000546c   0x00000018   Code   RO         1294    x$fpl$dcmpinf       fz_wm.l(dcmpi.o)
    0x00005484   0x00005484   0x000002b0   Code   RO         1017    x$fpl$ddiv          fz_wm.l(ddiv.o)
    0x00005734   0x00005734   0x0000002e   Code   RO         1133    x$fpl$dflt          fz_wm.l(dflt_clz.o)
    0x00005762   0x00005762   0x00000002   PAD
    0x00005764   0x00005764   0x00000078   Code   RO         1240    x$fpl$dleqf         fz_wm.l(dleqf.o)
    0x000057dc   0x000057dc   0x00000154   Code   RO         1020    x$fpl$dmul          fz_wm.l(dmul.o)
    0x00005930   0x00005930   0x0000009c   Code   RO         1138    x$fpl$dnaninf       fz_wm.l(dnaninf.o)
    0x000059cc   0x000059cc   0x0000000c   Code   RO         1140    x$fpl$dretinf       fz_wm.l(dretinf.o)
    0x000059d8   0x000059d8   0x0000006c   Code   RO         1142    x$fpl$drleqf        fz_wm.l(drleqf.o)
    0x00005a44   0x00005a44   0x00000016   Code   RO         1011    x$fpl$drsb          fz_wm.l(daddsub_clz.o)
    0x00005a5a   0x00005a5a   0x00000002   PAD
    0x00005a5c   0x00005a5c   0x00000198   Code   RO         1242    x$fpl$dsqrt         fz_wm.l(dsqrt_umaal.o)
    0x00005bf4   0x00005bf4   0x000001d4   Code   RO         1012    x$fpl$dsub          fz_wm.l(daddsub_clz.o)
    0x00005dc8   0x00005dc8   0x00000056   Code   RO         1022    x$fpl$f2d           fz_wm.l(f2d.o)
    0x00005e1e   0x00005e1e   0x0000008c   Code   RO         1144    x$fpl$fnaninf       fz_wm.l(fnaninf.o)
    0x00005eaa   0x00005eaa   0x0000000a   Code   RO         1361    x$fpl$fpinit        fz_wm.l(fpinit.o)
    0x00005eb4   0x00005eb4   0x0000000a   Code   RO         1146    x$fpl$fretinf       fz_wm.l(fretinf.o)
    0x00005ebe   0x00005ebe   0x00000004   Code   RO         1150    x$fpl$printf1       fz_wm.l(printf1.o)
    0x00005ec2   0x00005ec2   0x00000064   Code   RO         1296    x$fpl$retnan        fz_wm.l(retnan.o)
    0x00005f26   0x00005f26   0x0000005c   Code   RO         1152    x$fpl$scalbn        fz_wm.l(scalbn.o)
    0x00005f82   0x00005f82   0x00000030   Code   RO         1350    x$fpl$trapveneer    fz_wm.l(trapv.o)
    0x00005fb2   0x00005fb2   0x00000000   Code   RO         1154    x$fpl$usenofp       fz_wm.l(usenofp.o)
    0x00005fb2   0x00005fb2   0x00000002   PAD
    0x00005fb4   0x00005fb4   0x00000095   Data   RO            7    .constdata          adc_lpc40xx.o
    0x00006049   0x00006049   0x00000003   PAD
    0x0000604c   0x0000604c   0x00000e14   Data   RO          116    .constdata          font_8x16.o
    0x00006e60   0x00006e60   0x00002a14   Data   RO          125    .constdata          font_12x24.o
    0x00009874   0x00009874   0x00003814   Data   RO          134    .constdata          font_16x32.o
    0x0000d088   0x0000d088   0x0000002f   Data   RO          174    .constdata          glcd.o
    0x0000d0b7   0x0000d0b7   0x00000022   Data   RO          343    .constdata          gpio_lpc40xx.o
    0x0000d0d9   0x0000d0d9   0x00000001   PAD
    0x0000d0da   0x0000d0da   0x000000e4   Data   RO          643    .constdata          sonido.o
    0x0000d1be   0x0000d1be   0x00000002   PAD
    0x0000d1c0   0x0000d1c0   0x00000077   Data   RO          721    .constdata          teclado_4x4_interrupciones_gpio_y_timer.o
    0x0000d237   0x0000d237   0x000000d0   Data   RO          832    .constdata          timer_lpc40xx.o
    0x0000d307   0x0000d307   0x00000011   Data   RO          995    .constdata          c_w.l(__printf_flags_ss_wp.o)
    0x0000d318   0x0000d318   0x00000088   Data   RO         1027    .constdata          m_wm.l(pow.o)
    0x0000d3a0   0x0000d3a0   0x00000140   Data   RO         1041    .constdata          m_wm.l(powf.o)
    0x0000d4e0   0x0000d4e0   0x00000008   Data   RO         1074    .constdata          c_w.l(_printf_wctomb.o)
    0x0000d4e8   0x0000d4e8   0x00000028   Data   RO         1103    .constdata          c_w.l(_printf_hex_int_ll_ptr.o)
    0x0000d510   0x0000d510   0x00000008   Data   RO         1195    .constdata          m_wm.l(qnan.o)
    0x0000d518   0x0000d518   0x00000094   Data   RO         1259    .constdata          c_w.l(bigflt0.o)
    0x0000d5ac   0x0000d5ac   0x00000020   Data   RO         1427    Region$$Table       anon$$obj.o
    0x0000d5cc   0x0000d5cc   0x0000001c   Data   RO         1283    locale$$data        c_w.l(lc_numeric_c.o)
    0x0000d5e8   0x0000d5e8   0x00000110   Data   RO         1300    locale$$data        c_w.l(lc_ctype_c.o)


    Execution Region RW_IRAM1 (Exec base: 0x10000000, Load base: 0x0000d6f8, Size: 0x000004d0, Max: 0x00010000, ABSOLUTE)

    Exec Addr    Load Addr    Size         Type   Attr      Idx    E Section Name        Object

    0x10000000   0x0000d6f8   0x0000002c   Data   RW          175    .data               glcd.o
    0x1000002c   0x0000d724   0x00000008   Data   RW          582    .data               sdram.o
    0x10000034   0x0000d72c   0x00000005   Data   RW          644    .data               sonido.o
    0x10000039   0x0000d731   0x00000003   PAD
    0x1000003c   0x0000d734   0x00000018   Data   RW          722    .data               teclado_4x4_interrupciones_gpio_y_timer.o
    0x10000054   0x0000d74c   0x00000010   Data   RW          916    .data               system_lpc407x_8x_177x_8x.o
    0x10000064        -       0x0000000a   Zero   RW          720    .bss                teclado_4x4_interrupciones_gpio_y_timer.o
    0x1000006e   0x0000d75c   0x00000002   PAD
    0x10000070        -       0x00000060   Zero   RW         1245    .bss                c_w.l(libspace.o)
    0x100000d0        -       0x00000000   Zero   RW          899    HEAP                startup_lpc407x_8x_177x_8x.o
    0x100000d0        -       0x00000400   Zero   RW          898    STACK               startup_lpc407x_8x_177x_8x.o


==============================================================================

Image component sizes


      Code (inc. data)   RO Data    RW Data    ZI Data      Debug   Object Name

       596        294        149          0          0      29687   adc_lpc40xx.o
       204         54          0          0          0       8406   error.o
         0          0      10772          0          0        534   font_12x24.o
         0          0      14356          0          0        534   font_16x32.o
         0          0       3604          0          0        524   font_8x16.o
      2374        256         47         44          0      13735   glcd.o
       216         86         34          0          0       1750   gpio_lpc40xx.o
       224         46          0          0          0       1305   ldr.o
       188         44          0          0          0        611   main.o
      1838         76          0          8          0       5676   sdram.o
       200         34        228          5          0       3053   sonido.o
        64         26        228          0       1024       1132   startup_lpc407x_8x_177x_8x.o
      1592        104          0         16          0       8823   system_lpc407x_8x_177x_8x.o
       582         90        119         24         10       8404   teclado_4x4_interrupciones_gpio_y_timer.o
       772        286        208          0          0       6256   timer_lpc40xx.o

    ----------------------------------------------------------------------
      8862       1396      29783        100       1036      90430   Object Totals
         0          0         32          0          0          0   (incl. Generated)
        12          0          6          3          2          0   (incl. Padding)

    ----------------------------------------------------------------------

      Code (inc. data)   RO Data    RW Data    ZI Data      Debug   Library Member Name

        56          6          0          0          0         88   __2snprintf.o
         8          0          0          0          0         68   __main.o
       392          4         17          0          0         92   __printf_flags_ss_wp.o
        14          0          0          0          0         68   __printf_wp.o
         0          0          0          0          0          0   __rtentry.o
        12          0          0          0          0          0   __rtentry2.o
         6          0          0          0          0          0   __rtentry4.o
        52          8          0          0          0          0   __scatter.o
        26          0          0          0          0          0   __scatter_copy.o
        28          0          0          0          0          0   __scatter_zi.o
         6          0          0          0          0          0   _printf_a.o
         6          0          0          0          0          0   _printf_c.o
        44          0          0          0          0        108   _printf_char.o
        48          6          0          0          0         96   _printf_char_common.o
        36          4          0          0          0         80   _printf_char_file.o
        40          0          0          0          0         68   _printf_charcount.o
         6          0          0          0          0          0   _printf_d.o
       120         16          0          0          0         92   _printf_dec.o
         6          0          0          0          0          0   _printf_e.o
         6          0          0          0          0          0   _printf_f.o
      1054          0          0          0          0        216   _printf_fp_dec.o
       128         16          0          0          0         84   _printf_fp_infnan.o
         6          0          0          0          0          0   _printf_g.o
       148          4         40          0          0        160   _printf_hex_int_ll_ptr.o
         6          0          0          0          0          0   _printf_i.o
       178          0          0          0          0         88   _printf_intcommon.o
        10          0          0          0          0          0   _printf_l.o
         6          0          0          0          0          0   _printf_lc.o
        10          0          0          0          0          0   _printf_ll.o
         6          0          0          0          0          0   _printf_lld.o
         6          0          0          0          0          0   _printf_lli.o
         6          0          0          0          0          0   _printf_llo.o
         6          0          0          0          0          0   _printf_llu.o
         6          0          0          0          0          0   _printf_llx.o
       124         16          0          0          0         92   _printf_longlong_dec.o
         6          0          0          0          0          0   _printf_ls.o
         6          0          0          0          0          0   _printf_n.o
         6          0          0          0          0          0   _printf_o.o
       112         10          0          0          0        124   _printf_oct_int_ll.o
         6          0          0          0          0          0   _printf_p.o
        78          0          0          0          0        108   _printf_pad.o
         0          0          0          0          0          0   _printf_percent.o
         4          0          0          0          0          0   _printf_percent_end.o
         6          0          0          0          0          0   _printf_s.o
        82          0          0          0          0         80   _printf_str.o
        36          0          0          0          0         84   _printf_truncate.o
         6          0          0          0          0          0   _printf_u.o
        44          0          0          0          0        108   _printf_wchar.o
       188          6          8          0          0         92   _printf_wctomb.o
         6          0          0          0          0          0   _printf_x.o
        22          0          0          0          0        100   _rserrno.o
        16          0          0          0          0         68   _snputc.o
        10          0          0          0          0         68   _sputc.o
        64          0          0          0          0         92   _wcrtomb.o
       228          4        148          0          0         96   bigflt0.o
      1936        128          0          0          0        672   btod.o
        12          4          0          0          0         68   c89vprintf.o
        18          0          0          0          0         80   exit.o
         6          0          0          0          0        152   heapauxi.o
        44         10        272          0          0         76   lc_ctype_c.o
        44         10         28          0          0         76   lc_numeric_c.o
         2          0          0          0          0          0   libinit.o
        34          0          0          0          0          0   libinit2.o
         2          0          0          0          0          0   libshutdown.o
         2          0          0          0          0          0   libshutdown2.o
         8          4          0          0         96         68   libspace.o
       138          0          0          0          0         80   lludiv10.o
        16          4          0          0          0         76   rt_ctype_table.o
         8          4          0          0          0         68   rt_errno_addr_intlibspace.o
         8          4          0          0          0         68   rt_locale_intlibspace.o
       138          0          0          0          0         68   rt_memcpy_v6.o
       100          0          0          0          0         80   rt_memcpy_w.o
       132          0          0          0          0         68   rt_memmove_v6.o
       122          0          0          0          0         80   rt_memmove_w.o
         2          0          0          0          0          0   rtexit.o
        10          0          0          0          0          0   rtexit2.o
       128          0          0          0          0         68   strcmpv7m.o
        74          0          0          0          0         80   sys_stackheap_outer.o
         2          0          0          0          0         68   use_no_semi.o
        24          0          0          0          0        164   basic.o
        98          4          0          0          0        140   d2f.o
       826         16          0          0          0        492   daddsub_clz.o
        16          4          0          0          0        116   dcheck1.o
        24          0          0          0          0        116   dcmpi.o
       688        140          0          0          0        256   ddiv.o
        46          0          0          0          0        116   dflt_clz.o
       120          4          0          0          0        140   dleqf.o
       340         12          0          0          0        152   dmul.o
       156          4          0          0          0        140   dnaninf.o
        12          0          0          0          0        116   dretinf.o
       108          0          0          0          0        128   drleqf.o
       408         56          0          0          0        168   dsqrt_umaal.o
        86          4          0          0          0        132   f2d.o
       140          4          0          0          0        132   fnaninf.o
        10          0          0          0          0        116   fpinit.o
        10          0          0          0          0        116   fretinf.o
         4          0          0          0          0        116   printf1.o
       100          0          0          0          0        116   retnan.o
        92          0          0          0          0        116   scalbn.o
        48          0          0          0          0        116   trapv.o
         0          0          0          0          0          0   usenofp.o
       164         44          0          0          0        620   dunder.o
        24          0          0          0          0        124   fabs.o
        48          0          0          0          0        124   fpclassify.o
        38          0          0          0          0        116   fpclassifyf.o
        74         24          0          0          0        580   funder.o
       248          0          0          0          0        152   poly.o
      3152        296        136          0          0        352   pow.o
      1636        110        320          0          0        372   powf.o
         0          0          8          0          0          0   qnan.o
       110          0          0          0          0        148   sqrt.o

    ----------------------------------------------------------------------
     15410        990        977          0         96      10208   Library Totals
        36          0          0          0          0          0   (incl. Padding)

    ----------------------------------------------------------------------

      Code (inc. data)   RO Data    RW Data    ZI Data      Debug   Library Name

      6524        268        513          0         96       4416   c_w.l
      3356        248          0          0          0       3204   fz_wm.l
      5494        474        464          0          0       2588   m_wm.l

    ----------------------------------------------------------------------
     15410        990        977          0         96      10208   Library Totals

    ----------------------------------------------------------------------

==============================================================================


      Code (inc. data)   RO Data    RW Data    ZI Data      Debug   

     24272       2386      30760        100       1132      90094   Grand Totals
     24272       2386      30760        100       1132      90094   ELF Image Totals
     24272       2386      30760        100          0          0   ROM Totals

==============================================================================

    Total RO  Size (Code + RO Data)                55032 (  53.74kB)
    Total RW  Size (RW Data + ZI Data)              1232 (   1.20kB)
    Total ROM Size (Code + RO Data + RW Data)      55132 (  53.84kB)

==============================================================================

