<html>
<body>
<pre>
<h1>µVision Build Log</h1>
<h2>Tool Versions:</h2>
IDE-Version: µVision V5.37.0.0
Copyright (C) 2022 ARM Ltd and ARM Germany GmbH. All rights reserved.
License Information: Jorge Ibáñez, Universidad de Cádiz, LIC=UE70W-9FIJR-CLRCF-JHT6S-HDEA0-BXKNV
 
Tool Versions:
Toolchain:       MDK-ARM Community  Version: 5.37.0.0
Toolchain Path:  C:\Keil_v5\ARM\ARM_Compiler_5.06u7\Bin
C Compiler:      Armcc.exe V5.06 update 7 (build 960)
Assembler:       Armasm.exe V5.06 update 7 (build 960)
Linker/Locator:  ArmLink.exe V5.06 update 7 (build 960)
Library Manager: ArmAr.exe V5.06 update 7 (build 960)
Hex Converter:   FromElf.exe V5.06 update 7 (build 960)
CPU DLL:         SARMCM3.DLL V5.37.0.0
Dialog DLL:      DCM.DLL V1.17.5.0
Target DLL:      Segger\JL2CM3.dll V2.99.42.0
Dialog DLL:      TCM.DLL V1.56.1.0
 
<h2>Project:</h2>
C:\Users\Jorge\Desktop\LPC4088\Práctica 10\pract_10_E2_E3\proyecto.uvprojx
Project File Date:  04/25/2024

<h2>Output:</h2>
*** Using Compiler 'V5.06 update 7 (build 960)', folder: 'C:\Keil_v5\ARM\ARM_Compiler_5.06u7\Bin'
Build target 'Target 1'
compiling main.c...
linking...
Program Size: Code=18132 RO-data=30032 RW-data=68 ZI-data=1124  
".\Objects\proyecto.axf" - 0 Error(s), 0 Warning(s).

<h2>Software Packages used:</h2>

Package Vendor: ARM
                http://www.keil.com/pack/ARM.CMSIS.5.9.0.pack
                ARM.CMSIS.5.9.0
                CMSIS (Common Microcontroller Software Interface Standard)
   * Component: CORE Version: 5.6.0

Package Vendor: Keil
                http://www.keil.com/pack/Keil.LPC4000_DFP.2.2.1.pack
                Keil.LPC4000_DFP.2.2.1
                NXP LPC4000 Series Device Support
   * Component: Startup Version: 1.0.1

<h2>Collection of Component include folders:</h2>
  ./RTE/Device/LPC4088FET208
  ./RTE/_Target_1
  C:/Users/Jorge/AppData/Local/Arm/Packs/ARM/CMSIS/5.9.0/CMSIS/Core/Include
  C:/Users/Jorge/AppData/Local/Arm/Packs/Keil/LPC4000_DFP/2.2.1/Device/Include

<h2>Collection of Component Files used:</h2>

   * Component: ARM::CMSIS:CORE:5.6.0

   * Component: Keil::Device:Startup:1.0.1
      Include file:  Device/Include/LPC407x_8x_177x_8x.h
      Include file:  RTE_Driver/Config/RTE_Device.h
      Include file:  Device/Include/system_LPC407x_8x_177x_8x.h
      Source file:   Device/Source/system_LPC407x_8x_177x_8x.c
      Source file:   Device/Source/ARM/startup_LPC407x_8x_177x_8x.s
Build Time Elapsed:  00:00:01
</pre>
</body>
</html>
