Component: ARM Compiler 5.06 update 7 (build 960) Tool: armlink [4d3601]

==============================================================================

Section Cross References

    error.o(.rev16_text) refers (Special) to use_no_semi.o(.text) for __use_no_semihosting_swi
    error.o(.revsh_text) refers (Special) to use_no_semi.o(.text) for __use_no_semihosting_swi
    error.o(.rrx_text) refers (Special) to use_no_semi.o(.text) for __use_no_semihosting_swi
    error.o(i.parar_con_error) refers (Special) to use_no_semi.o(.text) for __use_no_semihosting_swi
    error.o(i.parar_con_error) refers to _printf_percent.o(.ARM.Collect$$_printf_percent$$00000000) for _printf_percent
    error.o(i.parar_con_error) refers to _printf_s.o(.ARM.Collect$$_printf_percent$$00000014) for _printf_s
    error.o(i.parar_con_error) refers to _printf_str.o(.text) for _printf_str
    error.o(i.parar_con_error) refers to _printf_u.o(.ARM.Collect$$_printf_percent$$0000000A) for _printf_u
    error.o(i.parar_con_error) refers to _printf_dec.o(.text) for _printf_int_dec
    error.o(i.parar_con_error) refers to __2snprintf.o(.text) for __2snprintf
    error.o(i.parar_con_error) refers to glcd.o(i.glcd_texto) for glcd_texto
    glcd.o(.rev16_text) refers (Special) to use_no_semi.o(.text) for __use_no_semihosting_swi
    glcd.o(.revsh_text) refers (Special) to use_no_semi.o(.text) for __use_no_semihosting_swi
    glcd.o(.rrx_text) refers (Special) to use_no_semi.o(.text) for __use_no_semihosting_swi
    glcd.o(i._sys_exit) refers (Special) to use_no_semi.o(.text) for __use_no_semihosting_swi
    glcd.o(i.ferror) refers (Special) to use_no_semi.o(.text) for __use_no_semihosting_swi
    glcd.o(i.ferror) refers to glcd.o(.data) for __stdout
    glcd.o(i.fgetc) refers (Special) to use_no_semi.o(.text) for __use_no_semihosting_swi
    glcd.o(i.fputc) refers (Special) to use_no_semi.o(.text) for __use_no_semihosting_swi
    glcd.o(i.fputc) refers to glcd.o(i.glcd_desplazar) for glcd_desplazar
    glcd.o(i.fputc) refers to glcd.o(i.glcd_caracter) for glcd_caracter
    glcd.o(i.fputc) refers to glcd.o(.data) for tabla_fonts
    glcd.o(i.glcd_activar_desplazamiento) refers (Special) to use_no_semi.o(.text) for __use_no_semihosting_swi
    glcd.o(i.glcd_activar_desplazamiento) refers to glcd.o(.data) for desplazamiento_activado
    glcd.o(i.glcd_borrar) refers (Special) to use_no_semi.o(.text) for __use_no_semihosting_swi
    glcd.o(i.glcd_caracter) refers (Special) to use_no_semi.o(.text) for __use_no_semihosting_swi
    glcd.o(i.glcd_caracter) refers to error.o(i.parar_con_error) for parar_con_error
    glcd.o(i.glcd_caracter) refers to glcd.o(.constdata) for __FUNCTION__
    glcd.o(i.glcd_caracter) refers to glcd.o(.data) for tabla_fonts
    glcd.o(i.glcd_circulo) refers (Special) to use_no_semi.o(.text) for __use_no_semihosting_swi
    glcd.o(i.glcd_circulo) refers to glcd.o(i.glcd_linea) for glcd_linea
    glcd.o(i.glcd_circunferencia) refers (Special) to use_no_semi.o(.text) for __use_no_semihosting_swi
    glcd.o(i.glcd_circunferencia) refers to glcd.o(i.glcd_punto) for glcd_punto
    glcd.o(i.glcd_color_texto) refers (Special) to use_no_semi.o(.text) for __use_no_semihosting_swi
    glcd.o(i.glcd_color_texto) refers to glcd.o(.data) for color_texto_actual
    glcd.o(i.glcd_desplazar) refers (Special) to use_no_semi.o(.text) for __use_no_semihosting_swi
    glcd.o(i.glcd_desplazar) refers to rt_memmove_v6.o(.text) for __aeabi_memmove
    glcd.o(i.glcd_desplazar) refers to glcd.o(.data) for color_fondo_texto_actual
    glcd.o(i.glcd_fondo_texto) refers (Special) to use_no_semi.o(.text) for __use_no_semihosting_swi
    glcd.o(i.glcd_fondo_texto) refers to glcd.o(.data) for color_fondo_texto_actual
    glcd.o(i.glcd_i2c0_inicializar) refers (Special) to use_no_semi.o(.text) for __use_no_semihosting_swi
    glcd.o(i.glcd_i2c0_start) refers (Special) to use_no_semi.o(.text) for __use_no_semihosting_swi
    glcd.o(i.glcd_i2c0_stop) refers (Special) to use_no_semi.o(.text) for __use_no_semihosting_swi
    glcd.o(i.glcd_i2c0_transmitir_buffer) refers (Special) to use_no_semi.o(.text) for __use_no_semihosting_swi
    glcd.o(i.glcd_i2c0_transmitir_buffer) refers to glcd.o(i.glcd_i2c0_start) for glcd_i2c0_start
    glcd.o(i.glcd_i2c0_transmitir_buffer) refers to glcd.o(i.glcd_i2c0_transmitir_byte) for glcd_i2c0_transmitir_byte
    glcd.o(i.glcd_i2c0_transmitir_buffer) refers to glcd.o(i.glcd_i2c0_stop) for glcd_i2c0_stop
    glcd.o(i.glcd_i2c0_transmitir_byte) refers (Special) to use_no_semi.o(.text) for __use_no_semihosting_swi
    glcd.o(i.glcd_inicializar) refers (Special) to use_no_semi.o(.text) for __use_no_semihosting_swi
    glcd.o(i.glcd_inicializar) refers to glcd.o(i.glcd_i2c0_inicializar) for glcd_i2c0_inicializar
    glcd.o(i.glcd_inicializar) refers to sdram.o(i.sdram_inicializar) for sdram_inicializar
    glcd.o(i.glcd_inicializar) refers to glcd.o(i.glcd_i2c0_transmitir_buffer) for glcd_i2c0_transmitir_buffer
[...]
    ../clib/signal.c                         0x00000000   Number         0  defsig_rtmem_outer.o ABSOLUTE
    ../clib/signal.s                         0x00000000   Number         0  defsig.o ABSOLUTE
    ../clib/stdlib.c                         0x00000000   Number         0  exit.o ABSOLUTE
    ../fplib/fpinit.s                        0x00000000   Number         0  fpinit.o ABSOLUTE
    ../fplib/istatus.s                       0x00000000   Number         0  istatus.o ABSOLUTE
    ../fplib/printf1.s                       0x00000000   Number         0  printf1.o ABSOLUTE
    ../fplib/usenofp.s                       0x00000000   Number         0  usenofp.o ABSOLUTE
    ../mathlib/fpclassify.c                  0x00000000   Number         0  fpclassify.o ABSOLUTE
    RTE/Device/LPC4088FET208/startup_LPC407x_8x_177x_8x.s 0x00000000   Number         0  startup_lpc407x_8x_177x_8x.o ABSOLUTE
    RTE/Device/LPC4088FET208/system_LPC407x_8x_177x_8x.c 0x00000000   Number         0  system_lpc407x_8x_177x_8x.o ABSOLUTE
    RTE\Device\LPC4088FET208\system_LPC407x_8x_177x_8x.c 0x00000000   Number         0  system_lpc407x_8x_177x_8x.o ABSOLUTE
    dc.s                                     0x00000000   Number         0  dc.o ABSOLUTE
    error.c                                  0x00000000   Number         0  error.o ABSOLUTE
    error.c                                  0x00000000   Number         0  error.o ABSOLUTE
    font_12x24.c                             0x00000000   Number         0  font_12x24.o ABSOLUTE
    font_16x32.c                             0x00000000   Number         0  font_16x32.o ABSOLUTE
    font_8x16.c                              0x00000000   Number         0  font_8x16.o ABSOLUTE
    glcd.c                                   0x00000000   Number         0  glcd.o ABSOLUTE
    glcd.c                                   0x00000000   Number         0  glcd.o ABSOLUTE
    gpio_lpc40xx.c                           0x00000000   Number         0  gpio_lpc40xx.o ABSOLUTE
    gpio_lpc40xx.c                           0x00000000   Number         0  gpio_lpc40xx.o ABSOLUTE
    joystick.c                               0x00000000   Number         0  joystick.o ABSOLUTE
    joystick.c                               0x00000000   Number         0  joystick.o ABSOLUTE
    leds.c                                   0x00000000   Number         0  leds.o ABSOLUTE
    leds.c                                   0x00000000   Number         0  leds.o ABSOLUTE
    main.c                                   0x00000000   Number         0  main.o ABSOLUTE
    main.c                                   0x00000000   Number         0  main.o ABSOLUTE
    sdram.c                                  0x00000000   Number         0  sdram.o ABSOLUTE
    sdram.c                                  0x00000000   Number         0  sdram.o ABSOLUTE
    timer_lpc40xx.c                          0x00000000   Number         0  timer_lpc40xx.o ABSOLUTE
    timer_lpc40xx.c                          0x00000000   Number         0  timer_lpc40xx.o ABSOLUTE
    !!!main                                  0x000000e4   Section        8  __main.o(!!!main)
    !!!scatter                               0x000000ec   Section       52  __scatter.o(!!!scatter)
    !!handler_copy                           0x00000120   Section       26  __scatter_copy.o(!!handler_copy)
    !!handler_zi                             0x0000013c   Section       28  __scatter_zi.o(!!handler_zi)
    .ARM.Collect$$_printf_percent$$00000000  0x00000158   Section        0  _printf_percent.o(.ARM.Collect$$_printf_percent$$00000000)
    .ARM.Collect$$_printf_percent$$00000001  0x00000158   Section        6  _printf_n.o(.ARM.Collect$$_printf_percent$$00000001)
    .ARM.Collect$$_printf_percent$$00000002  0x0000015e   Section        6  _printf_p.o(.ARM.Collect$$_printf_percent$$00000002)
    .ARM.Collect$$_printf_percent$$00000003  0x00000164   Section        6  _printf_f.o(.ARM.Collect$$_printf_percent$$00000003)
    .ARM.Collect$$_printf_percent$$00000004  0x0000016a   Section        6  _printf_e.o(.ARM.Collect$$_printf_percent$$00000004)
    .ARM.Collect$$_printf_percent$$00000005  0x00000170   Section        6  _printf_g.o(.ARM.Collect$$_printf_percent$$00000005)
    .ARM.Collect$$_printf_percent$$00000006  0x00000176   Section        6  _printf_a.o(.ARM.Collect$$_printf_percent$$00000006)
    .ARM.Collect$$_printf_percent$$00000007  0x0000017c   Section       10  _printf_ll.o(.ARM.Collect$$_printf_percent$$00000007)
    .ARM.Collect$$_printf_percent$$00000008  0x00000186   Section        6  _printf_i.o(.ARM.Collect$$_printf_percent$$00000008)
    .ARM.Collect$$_printf_percent$$00000009  0x0000018c   Section        6  _printf_d.o(.ARM.Collect$$_printf_percent$$00000009)
    .ARM.Collect$$_printf_percent$$0000000A  0x00000192   Section        6  _printf_u.o(.ARM.Collect$$_printf_percent$$0000000A)
    .ARM.Collect$$_printf_percent$$0000000B  0x00000198   Section        6  _printf_o.o(.ARM.Collect$$_printf_percent$$0000000B)
    .ARM.Collect$$_printf_percent$$0000000C  0x0000019e   Section        6  _printf_x.o(.ARM.Collect$$_printf_percent$$0000000C)
    .ARM.Collect$$_printf_percent$$0000000D  0x000001a4   Section        6  _printf_lli.o(.ARM.Collect$$_printf_percent$$0000000D)
    .ARM.Collect$$_printf_percent$$0000000E  0x000001aa   Section        6  _printf_lld.o(.ARM.Collect$$_printf_percent$$0000000E)
    .ARM.Collect$$_printf_percent$$0000000F  0x000001b0   Section        6  _printf_llu.o(.ARM.Collect$$_printf_percent$$0000000F)
    .ARM.Collect$$_printf_percent$$00000010  0x000001b6   Section        6  _printf_llo.o(.ARM.Collect$$_printf_percent$$00000010)
    .ARM.Collect$$_printf_percent$$00000011  0x000001bc   Section        6  _printf_llx.o(.ARM.Collect$$_printf_percent$$00000011)
    .ARM.Collect$$_printf_percent$$00000012  0x000001c2   Section       10  _printf_l.o(.ARM.Collect$$_printf_percent$$00000012)
    .ARM.Collect$$_printf_percent$$00000013  0x000001cc   Section        6  _printf_c.o(.ARM.Collect$$_printf_percent$$00000013)
    .ARM.Collect$$_printf_percent$$00000014  0x000001d2   Section        6  _printf_s.o(.ARM.Collect$$_printf_percent$$00000014)
    .ARM.Collect$$_printf_percent$$00000015  0x000001d8   Section        6  _printf_lc.o(.ARM.Collect$$_printf_percent$$00000015)
    .ARM.Collect$$_printf_percent$$00000016  0x000001de   Section        6  _printf_ls.o(.ARM.Collect$$_printf_percent$$00000016)
    .ARM.Collect$$_printf_percent$$00000017  0x000001e4   Section        4  _printf_percent_end.o(.ARM.Collect$$_printf_percent$$00000017)
    .ARM.Collect$$libinit$$00000000          0x000001e8   Section        2  libinit.o(.ARM.Collect$$libinit$$00000000)
    .ARM.Collect$$libinit$$00000001          0x000001ea   Section        4  libinit2.o(.ARM.Collect$$libinit$$00000001)
    .ARM.Collect$$libinit$$00000004          0x000001ee   Section        0  libinit2.o(.ARM.Collect$$libinit$$00000004)
    .ARM.Collect$$libinit$$0000000A          0x000001ee   Section        0  libinit2.o(.ARM.Collect$$libinit$$0000000A)
    .ARM.Collect$$libinit$$0000000C          0x000001ee   Section        0  libinit2.o(.ARM.Collect$$libinit$$0000000C)
    .ARM.Collect$$libinit$$0000000E          0x000001ee   Section        0  libinit2.o(.ARM.Collect$$libinit$$0000000E)
    .ARM.Collect$$libinit$$0000000F          0x000001ee   Section        6  libinit2.o(.ARM.Collect$$libinit$$0000000F)
    .ARM.Collect$$libinit$$00000011          0x000001f4   Section        0  libinit2.o(.ARM.Collect$$libinit$$00000011)
    .ARM.Collect$$libinit$$00000012          0x000001f4   Section       12  libinit2.o(.ARM.Collect$$libinit$$00000012)
    .ARM.Collect$$libinit$$00000013          0x00000200   Section        0  libinit2.o(.ARM.Collect$$libinit$$00000013)
    .ARM.Collect$$libinit$$00000015          0x00000200   Section        0  libinit2.o(.ARM.Collect$$libinit$$00000015)
    .ARM.Collect$$libinit$$00000016          0x00000200   Section       10  libinit2.o(.ARM.Collect$$libinit$$00000016)
    .ARM.Collect$$libinit$$00000017          0x0000020a   Section        0  libinit2.o(.ARM.Collect$$libinit$$00000017)
    .ARM.Collect$$libinit$$00000019          0x0000020a   Section        0  libinit2.o(.ARM.Collect$$libinit$$00000019)
    .ARM.Collect$$libinit$$0000001B          0x0000020a   Section        0  libinit2.o(.ARM.Collect$$libinit$$0000001B)
    .ARM.Collect$$libinit$$0000001D          0x0000020a   Section        0  libinit2.o(.ARM.Collect$$libinit$$0000001D)
    .ARM.Collect$$libinit$$0000001F          0x0000020a   Section        0  libinit2.o(.ARM.Collect$$libinit$$0000001F)
    .ARM.Collect$$libinit$$00000021          0x0000020a   Section        0  libinit2.o(.ARM.Collect$$libinit$$00000021)
    .ARM.Collect$$libinit$$00000023          0x0000020a   Section        0  libinit2.o(.ARM.Collect$$libinit$$00000023)
    .ARM.Collect$$libinit$$00000025          0x0000020a   Section        0  libinit2.o(.ARM.Collect$$libinit$$00000025)
    .ARM.Collect$$libinit$$0000002C          0x0000020a   Section        0  libinit2.o(.ARM.Collect$$libinit$$0000002C)
    .ARM.Collect$$libinit$$0000002E          0x0000020a   Section        0  libinit2.o(.ARM.Collect$$libinit$$0000002E)
    .ARM.Collect$$libinit$$00000030          0x0000020a   Section        0  libinit2.o(.ARM.Collect$$libinit$$00000030)
    .ARM.Collect$$libinit$$00000032          0x0000020a   Section        0  libinit2.o(.ARM.Collect$$libinit$$00000032)
    .ARM.Collect$$libinit$$00000033          0x0000020a   Section        2  libinit2.o(.ARM.Collect$$libinit$$00000033)
    .ARM.Collect$$libshutdown$$00000000      0x0000020c   Section        2  libshutdown.o(.ARM.Collect$$libshutdown$$00000000)
    .ARM.Collect$$libshutdown$$00000002      0x0000020e   Section        0  libshutdown2.o(.ARM.Collect$$libshutdown$$00000002)
    .ARM.Collect$$libshutdown$$00000004      0x0000020e   Section        0  libshutdown2.o(.ARM.Collect$$libshutdown$$00000004)
    .ARM.Collect$$libshutdown$$00000006      0x0000020e   Section        0  libshutdown2.o(.ARM.Collect$$libshutdown$$00000006)
    .ARM.Collect$$libshutdown$$00000009      0x0000020e   Section        0  libshutdown2.o(.ARM.Collect$$libshutdown$$00000009)
    .ARM.Collect$$libshutdown$$0000000C      0x0000020e   Section        0  libshutdown2.o(.ARM.Collect$$libshutdown$$0000000C)
    .ARM.Collect$$libshutdown$$0000000E      0x0000020e   Section        0  libshutdown2.o(.ARM.Collect$$libshutdown$$0000000E)
    .ARM.Collect$$libshutdown$$00000011      0x0000020e   Section        0  libshutdown2.o(.ARM.Collect$$libshutdown$$00000011)
    .ARM.Collect$$libshutdown$$00000012      0x0000020e   Section        2  libshutdown2.o(.ARM.Collect$$libshutdown$$00000012)
    .ARM.Collect$$rtentry$$00000000          0x00000210   Section        0  __rtentry.o(.ARM.Collect$$rtentry$$00000000)
    .ARM.Collect$$rtentry$$00000002          0x00000210   Section        0  __rtentry2.o(.ARM.Collect$$rtentry$$00000002)
    .ARM.Collect$$rtentry$$00000004          0x00000210   Section        6  __rtentry4.o(.ARM.Collect$$rtentry$$00000004)
    .ARM.Collect$$rtentry$$00000009          0x00000216   Section        0  __rtentry2.o(.ARM.Collect$$rtentry$$00000009)
    .ARM.Collect$$rtentry$$0000000A          0x00000216   Section        4  __rtentry2.o(.ARM.Collect$$rtentry$$0000000A)
    .ARM.Collect$$rtentry$$0000000C          0x0000021a   Section        0  __rtentry2.o(.ARM.Collect$$rtentry$$0000000C)
    .ARM.Collect$$rtentry$$0000000D          0x0000021a   Section        8  __rtentry2.o(.ARM.Collect$$rtentry$$0000000D)
    .ARM.Collect$$rtexit$$00000000           0x00000222   Section        2  rtexit.o(.ARM.Collect$$rtexit$$00000000)
    .ARM.Collect$$rtexit$$00000002           0x00000224   Section        0  rtexit2.o(.ARM.Collect$$rtexit$$00000002)
    .ARM.Collect$$rtexit$$00000003           0x00000224   Section        4  rtexit2.o(.ARM.Collect$$rtexit$$00000003)
    .ARM.Collect$$rtexit$$00000004           0x00000228   Section        6  rtexit2.o(.ARM.Collect$$rtexit$$00000004)
    .text                                    0x00000230   Section       60  startup_lpc407x_8x_177x_8x.o(.text)
    $v0                                      0x00000230   Number         0  startup_lpc407x_8x_177x_8x.o(.text)
    .text                                    0x0000026c   Section        2  use_no_semi.o(.text)
    .text                                    0x00000270   Section        0  c89vprintf.o(.text)
    .text                                    0x0000027c   Section        0  __2snprintf.o(.text)
    .text                                    0x000002b4   Section        0  heapauxi.o(.text)
    .text                                    0x000002ba   Section        0  _printf_truncate.o(.text)
    .text                                    0x000002de   Section        0  _sputc.o(.text)
    .text                                    0x000002e8   Section        0  _snputc.o(.text)
    i._sys_exit                              0x000002f8   Section        0  glcd.o(i._sys_exit)
    .ARM.__at_0x02FC                         0x000002fc   Section        4  startup_lpc407x_8x_177x_8x.o(.ARM.__at_0x02FC)
    .text                                    0x00000300   Section        0  _printf_str.o(.text)
    .text                                    0x00000354   Section        0  _printf_dec.o(.text)
    .text                                    0x000003cc   Section        0  __printf_flags_ss_wp.o(.text)
    .text                                    0x00000554   Section      132  rt_memmove_v6.o(.text)
    .text                                    0x000005d8   Section        0  _printf_pad.o(.text)
    .text                                    0x00000626   Section        0  _printf_intcommon.o(.text)
    .text                                    0x000006d8   Section        0  _printf_charcount.o(.text)
    .text                                    0x00000700   Section        0  _printf_char_common.o(.text)
    _printf_input_char                       0x00000701   Thumb Code    10  _printf_char_common.o(.text)
    .text                                    0x00000730   Section        0  _printf_char.o(.text)
    .text                                    0x0000075c   Section        0  _printf_char_file.o(.text)
    .text                                    0x00000780   Section        0  _printf_wctomb.o(.text)
    .text                                    0x0000083c   Section        0  _printf_longlong_dec.o(.text)
    .text                                    0x000008b8   Section        0  _printf_oct_int_ll.o(.text)
    _printf_longlong_oct_internal            0x000008b9   Thumb Code     0  _printf_oct_int_ll.o(.text)
    .text                                    0x00000928   Section        0  _printf_hex_int_ll_ptr.o(.text)
    _printf_hex_common                       0x00000929   Thumb Code     0  _printf_hex_int_ll_ptr.o(.text)
    .text                                    0x000009bc   Section      138  rt_memcpy_v6.o(.text)
    .text                                    0x00000a46   Section      122  rt_memmove_w.o(.text)
    .text                                    0x00000ac0   Section      138  lludiv10.o(.text)
    .text                                    0x00000b4a   Section        0  _printf_fp_dec.o(.text)
    _fp_digits                               0x00000b4d   Thumb Code   432  _printf_fp_dec.o(.text)
    .text                                    0x00000f68   Section        0  _printf_wchar.o(.text)
    .text                                    0x00000f94   Section        0  _wcrtomb.o(.text)
    .text                                    0x00000fd4   Section      100  rt_memcpy_w.o(.text)
    .text                                    0x00001038   Section       74  sys_stackheap_outer.o(.text)
    .text                                    0x00001084   Section       16  rt_ctype_table.o(.text)
    .text                                    0x00001094   Section        8  rt_locale_intlibspace.o(.text)
    .text                                    0x0000109c   Section        0  _printf_fp_infnan.o(.text)
    .text                                    0x0000111c   Section        0  bigflt0.o(.text)
    .text                                    0x00001200   Section        0  exit.o(.text)
    .text                                    0x00001214   Section        8  libspace.o(.text)
    .text                                    0x0000121c   Section      128  strcmpv7m.o(.text)
    CL$$btod_d2e                             0x0000129c   Section       62  btod.o(CL$$btod_d2e)
    CL$$btod_d2e_denorm_low                  0x000012da   Section       70  btod.o(CL$$btod_d2e_denorm_low)
    CL$$btod_d2e_norm_op1                    0x00001320   Section       96  btod.o(CL$$btod_d2e_norm_op1)
    CL$$btod_div_common                      0x00001380   Section      824  btod.o(CL$$btod_div_common)
    CL$$btod_e2e                             0x000016b8   Section      220  btod.o(CL$$btod_e2e)
    CL$$btod_ediv                            0x00001794   Section       42  btod.o(CL$$btod_ediv)
    CL$$btod_emul                            0x000017be   Section       42  btod.o(CL$$btod_emul)
    CL$$btod_mult_common                     0x000017e8   Section      580  btod.o(CL$$btod_mult_common)
    i.GPIO_IRQHandler                        0x00001a2c   Section        0  main.o(i.GPIO_IRQHandler)
    i.SystemCoreClockUpdate                  0x00001a78   Section        0  system_lpc407x_8x_177x_8x.o(i.SystemCoreClockUpdate)
    i.SystemInit                             0x00001d4c   Section        0  system_lpc407x_8x_177x_8x.o(i.SystemInit)
    i.SystemInit_ExtMemCtl                   0x00001e3c   Section        0  system_lpc407x_8x_177x_8x.o(i.SystemInit_ExtMemCtl)
    i.TIMER0_IRQHandler                      0x00002034   Section        0  main.o(i.TIMER0_IRQHandler)
    i.TIM_Waitms                             0x000020d0   Section        0  sdram.o(i.TIM_Waitms)
    TIM_Waitms                               0x000020d1   Thumb Code    60  sdram.o(i.TIM_Waitms)
    i._DelayMs                               0x0000210c   Section        0  system_lpc407x_8x_177x_8x.o(i._DelayMs)
    _DelayMs                                 0x0000210d   Thumb Code    38  system_lpc407x_8x_177x_8x.o(i._DelayMs)
    i.__ARM_fpclassify                       0x00002138   Section        0  fpclassify.o(i.__ARM_fpclassify)
    i.__NVIC_ClearPendingIRQ                 0x00002168   Section        0  main.o(i.__NVIC_ClearPendingIRQ)
    __NVIC_ClearPendingIRQ                   0x00002169   Thumb Code    22  main.o(i.__NVIC_ClearPendingIRQ)
    i.__NVIC_EnableIRQ                       0x00002184   Section        0  main.o(i.__NVIC_EnableIRQ)
    __NVIC_EnableIRQ                         0x00002185   Thumb Code    34  main.o(i.__NVIC_EnableIRQ)
    i.__NVIC_SetPriority                     0x000021a8   Section        0  main.o(i.__NVIC_SetPriority)
    __NVIC_SetPriority                       0x000021a9   Thumb Code    32  main.o(i.__NVIC_SetPriority)
    i._is_digit                              0x000021d0   Section        0  __printf_wp.o(i._is_digit)
    i.adjust_timing                          0x000021e0   Section        0  sdram.o(i.adjust_timing)
    i.calibration                            0x00002238   Section        0  sdram.o(i.calibration)
    calibration                              0x00002239   Thumb Code    62  sdram.o(i.calibration)
    i.ferror                                 0x00002280   Section        0  glcd.o(i.ferror)
    i.find_cmddly                            0x00002294   Section        0  sdram.o(i.find_cmddly)
    find_cmddly                              0x00002295   Thumb Code   124  sdram.o(i.find_cmddly)
    i.find_fbclkdly                          0x00002318   Section        0  sdram.o(i.find_fbclkdly)
    find_fbclkdly                            0x00002319   Thumb Code   124  sdram.o(i.find_fbclkdly)
    i.fpu_init                               0x0000239c   Section        0  system_lpc407x_8x_177x_8x.o(i.fpu_init)
    i.fputc                                  0x000023ec   Section        0  glcd.o(i.fputc)
    i.glcd_borrar                            0x0000255c   Section        0  glcd.o(i.glcd_borrar)
    i.glcd_caracter                          0x00002574   Section        0  glcd.o(i.glcd_caracter)
    i.glcd_desplazar                         0x0000268c   Section        0  glcd.o(i.glcd_desplazar)
    i.glcd_i2c0_inicializar                  0x000026e4   Section        0  glcd.o(i.glcd_i2c0_inicializar)
    glcd_i2c0_inicializar                    0x000026e5   Thumb Code    56  glcd.o(i.glcd_i2c0_inicializar)
    i.glcd_i2c0_start                        0x00002728   Section        0  glcd.o(i.glcd_i2c0_start)
    glcd_i2c0_start                          0x00002729   Thumb Code    48  glcd.o(i.glcd_i2c0_start)
    i.glcd_i2c0_stop                         0x0000275c   Section        0  glcd.o(i.glcd_i2c0_stop)
    glcd_i2c0_stop                           0x0000275d   Thumb Code    26  glcd.o(i.glcd_i2c0_stop)
    i.glcd_i2c0_transmitir_buffer            0x0000277c   Section        0  glcd.o(i.glcd_i2c0_transmitir_buffer)
    glcd_i2c0_transmitir_buffer              0x0000277d   Thumb Code    50  glcd.o(i.glcd_i2c0_transmitir_buffer)
    i.glcd_i2c0_transmitir_byte              0x000027b0   Section        0  glcd.o(i.glcd_i2c0_transmitir_byte)
    glcd_i2c0_transmitir_byte                0x000027b1   Thumb Code    32  glcd.o(i.glcd_i2c0_transmitir_byte)
    i.glcd_inicializar                       0x000027d4   Section        0  glcd.o(i.glcd_inicializar)
    i.glcd_texto                             0x00002b68   Section        0  glcd.o(i.glcd_texto)
    i.glcd_timer0_retardo_ms                 0x00002c34   Section        0  glcd.o(i.glcd_timer0_retardo_ms)
    glcd_timer0_retardo_ms                   0x00002c35   Thumb Code    80  glcd.o(i.glcd_timer0_retardo_ms)
    i.glcd_xprintf                           0x00002c8c   Section        0  glcd.o(i.glcd_xprintf)
    i.gpio_ajustar_dir                       0x00002d1c   Section        0  gpio_lpc40xx.o(i.gpio_ajustar_dir)
    i.gpio_leer_pin                          0x00002df4   Section        0  joystick.o(i.gpio_leer_pin)
    gpio_leer_pin                            0x00002df5   Thumb Code    16  joystick.o(i.gpio_leer_pin)
    i.gpio_pin_a_1                           0x00002e04   Section        0  leds.o(i.gpio_pin_a_1)
    gpio_pin_a_1                             0x00002e05   Thumb Code     4  leds.o(i.gpio_pin_a_1)
    i.led_apagar                             0x00002e08   Section        0  leds.o(i.led_apagar)
    i.led_encender                           0x00002e64   Section        0  leds.o(i.led_encender)
    i.leds_inicializar                       0x00002ec0   Section        0  leds.o(i.leds_inicializar)
    i.leer_joystick                          0x00002ef8   Section        0  joystick.o(i.leer_joystick)
    i.main                                   0x00002f54   Section        0  main.o(i.main)
    i.parar_con_error                        0x0000302c   Section        0  error.o(i.parar_con_error)
    i.pinConfig                              0x000030f8   Section        0  sdram.o(i.pinConfig)
    pinConfig                                0x000030f9   Thumb Code  1034  sdram.o(i.pinConfig)
    i.sdram_inicializar                      0x00003504   Section        0  sdram.o(i.sdram_inicializar)
    i.sdram_test                             0x000035e8   Section        0  sdram.o(i.sdram_test)
    sdram_test                               0x000035e9   Thumb Code    92  sdram.o(i.sdram_test)
    i.timer_inicializar                      0x00003644   Section        0  timer_lpc40xx.o(i.timer_inicializar)
    i.timer_iniciar_ciclos_ms                0x000036f4   Section        0  timer_lpc40xx.o(i.timer_iniciar_ciclos_ms)
    locale$$code                             0x000037ac   Section       44  lc_numeric_c.o(locale$$code)
    locale$$code                             0x000037d8   Section       44  lc_ctype_c.o(locale$$code)
    x$fpl$fpinit                             0x00003804   Section       10  fpinit.o(x$fpl$fpinit)
    $v0                                      0x00003804   Number         0  fpinit.o(x$fpl$fpinit)
    x$fpl$printf1                            0x0000380e   Section        4  printf1.o(x$fpl$printf1)
    $v0                                      0x0000380e   Number         0  printf1.o(x$fpl$printf1)
    x$fpl$usenofp                            0x00003812   Section        0  usenofp.o(x$fpl$usenofp)
    .constdata                               0x00003814   Section     3604  font_8x16.o(.constdata)
    .constdata                               0x00004628   Section    10772  font_12x24.o(.constdata)
    .constdata                               0x0000703c   Section    14356  font_16x32.o(.constdata)
    .constdata                               0x0000a850   Section       47  glcd.o(.constdata)
    __FUNCTION__                             0x0000a850   Data          22  glcd.o(.constdata)
    __FUNCTION__                             0x0000a866   Data          14  glcd.o(.constdata)
    __FUNCTION__                             0x0000a874   Data          11  glcd.o(.constdata)
    .constdata                               0x0000a87f   Section       34  gpio_lpc40xx.o(.constdata)
    __FUNCTION__                             0x0000a87f   Data          17  gpio_lpc40xx.o(.constdata)
    __FUNCTION__                             0x0000a890   Data          17  gpio_lpc40xx.o(.constdata)
    .constdata                               0x0000a8a4   Section       81  leds.o(.constdata)
    puertos_leds                             0x0000a8a4   Data          16  leds.o(.constdata)
    mascaras_leds                            0x0000a8b4   Data          16  leds.o(.constdata)
    __FUNCTION__                             0x0000a8c4   Data          13  leds.o(.constdata)
    __FUNCTION__                             0x0000a8d1   Data          11  leds.o(.constdata)
    __FUNCTION__                             0x0000a8dc   Data          13  leds.o(.constdata)
    __FUNCTION__                             0x0000a8e9   Data          12  leds.o(.constdata)
    .constdata                               0x0000a8f5   Section      183  timer_lpc40xx.o(.constdata)
    __FUNCTION__                             0x0000a8f5   Data          18  timer_lpc40xx.o(.constdata)
    __FUNCTION__                             0x0000a907   Data          17  timer_lpc40xx.o(.constdata)
    __FUNCTION__                             0x0000a918   Data          17  timer_lpc40xx.o(.constdata)
    __FUNCTION__                             0x0000a929   Data          24  timer_lpc40xx.o(.constdata)
    __FUNCTION__                             0x0000a941   Data          24  timer_lpc40xx.o(.constdata)
    __FUNCTION__                             0x0000a959   Data          24  timer_lpc40xx.o(.constdata)
    __FUNCTION__                             0x0000a971   Data          24  timer_lpc40xx.o(.constdata)
    __FUNCTION__                             0x0000a989   Data          24  timer_lpc40xx.o(.constdata)
    __FUNCTION__                             0x0000a9a1   Data          11  timer_lpc40xx.o(.constdata)
    .constdata                               0x0000a9ac   Section       17  __printf_flags_ss_wp.o(.constdata)
    maptable                                 0x0000a9ac   Data          17  __printf_flags_ss_wp.o(.constdata)
    .constdata                               0x0000a9c0   Section        8  _printf_wctomb.o(.constdata)
    initial_mbstate                          0x0000a9c0   Data           8  _printf_wctomb.o(.constdata)
    .constdata                               0x0000a9c8   Section       40  _printf_hex_int_ll_ptr.o(.constdata)
    uc_hextab                                0x0000a9c8   Data          20  _printf_hex_int_ll_ptr.o(.constdata)
    lc_hextab                                0x0000a9dc   Data          20  _printf_hex_int_ll_ptr.o(.constdata)
    .constdata                               0x0000a9f0   Section      148  bigflt0.o(.constdata)
    tenpwrs_x                                0x0000a9f0   Data          60  bigflt0.o(.constdata)
    tenpwrs_i                                0x0000aa2c   Data          64  bigflt0.o(.constdata)
    locale$$data                             0x0000aaa4   Section       28  lc_numeric_c.o(locale$$data)
    __lcnum_c_name                           0x0000aaa8   Data           2  lc_numeric_c.o(locale$$data)
    __lcnum_c_start                          0x0000aab0   Data           0  lc_numeric_c.o(locale$$data)
    __lcnum_c_point                          0x0000aabc   Data           0  lc_numeric_c.o(locale$$data)
    __lcnum_c_thousands                      0x0000aabe   Data           0  lc_numeric_c.o(locale$$data)
    __lcnum_c_grouping                       0x0000aabf   Data           0  lc_numeric_c.o(locale$$data)
    locale$$data                             0x0000aac0   Section      272  lc_ctype_c.o(locale$$data)
    __lcnum_c_end                            0x0000aac0   Data           0  lc_numeric_c.o(locale$$data)
    __lcctype_c_name                         0x0000aac4   Data           2  lc_ctype_c.o(locale$$data)
    __lcctype_c_start                        0x0000aacc   Data           0  lc_ctype_c.o(locale$$data)
    __lcctype_c_end                          0x0000abd0   Data           0  lc_ctype_c.o(locale$$data)
    .data                                    0x10000000   Section       44  glcd.o(.data)
    tabla_fonts                              0x10000000   Data          12  glcd.o(.data)
    color_texto_actual                       0x1000000c   Data           2  glcd.o(.data)
    color_fondo_texto_actual                 0x1000000e   Data           2  glcd.o(.data)
    font_actual                              0x10000010   Data           4  glcd.o(.data)
    x_texto_actual                           0x10000014   Data           4  glcd.o(.data)
    y_texto_actual                           0x10000018   Data           4  glcd.o(.data)
    desplazamiento_activado                  0x1000001c   Data           1  glcd.o(.data)
    .data                                    0x1000002c   Section       12  main.o(.data)
    horas                                    0x1000002c   Data           4  main.o(.data)
    minutos                                  0x10000030   Data           4  main.o(.data)
    segundos                                 0x10000034   Data           4  main.o(.data)
    .data                                    0x10000038   Section        8  sdram.o(.data)
    ringosccount                             0x10000038   Data           8  sdram.o(.data)
    .data                                    0x10000040   Section       16  system_lpc407x_8x_177x_8x.o(.data)
    .bss                                     0x10000050   Section       96  libspace.o(.bss)
    HEAP                                     0x100000b0   Section        0  startup_lpc407x_8x_177x_8x.o(HEAP)
    STACK                                    0x100000b0   Section     1024  startup_lpc407x_8x_177x_8x.o(STACK)
    Heap_Mem                                 0x100000b0   Data           0  startup_lpc407x_8x_177x_8x.o(HEAP)
    Stack_Mem                                0x100000b0   Data        1024  startup_lpc407x_8x_177x_8x.o(STACK)
    __initial_sp                             0x100004b0   Data           0  startup_lpc407x_8x_177x_8x.o(STACK)

    Global Symbols

    Symbol Name                              Value     Ov Type        Size  Object(Section)

    BuildAttributes$$THM_ISAv4$E$P$D$K$B$S$7EM$VFPi3$EXTD16$VFPS$VFMA$PE$A:L22UL41UL21$X:L11$S22US41US21$IEEE1$IW$USESV6$~STKCKD$USESV7$~SHL$OTIME$ROPI$IEEEJ$EBA8$UX$STANDARDLIB$REQ8$PRES8$EABIv2 0x00000000   Number         0  anon$$obj.o ABSOLUTE
    __ARM_use_no_argv                        0x00000000   Number         0  main.o ABSOLUTE
    __Vectors                                0x00000000   Data           4  startup_lpc407x_8x_177x_8x.o(RESET)
    _printf_flags                            0x00000000   Number         0  printf_stubs.o ABSOLUTE
    _printf_return_value                     0x00000000   Number         0  printf_stubs.o ABSOLUTE
    _printf_sizespec                         0x00000000   Number         0  printf_stubs.o ABSOLUTE
    _printf_widthprec                        0x00000000   Number         0  printf_stubs.o ABSOLUTE
    __ARM_exceptions_init                     - Undefined Weak Reference
    __alloca_initialize                       - Undefined Weak Reference
    __arm_fini_                               - Undefined Weak Reference
    __arm_preinit_                            - Undefined Weak Reference
    __cpp_initialize__aeabi_                  - Undefined Weak Reference
    __cxa_finalize                            - Undefined Weak Reference
    __sigvec_lookup                           - Undefined Weak Reference
    _atexit_init                              - Undefined Weak Reference
    _call_atexit_fns                          - Undefined Weak Reference
    _clock_init                               - Undefined Weak Reference
    _fp_trap_init                             - Undefined Weak Reference
    _fp_trap_shutdown                         - Undefined Weak Reference
    _get_lc_collate                           - Undefined Weak Reference
    _get_lc_monetary                          - Undefined Weak Reference
    _get_lc_time                              - Undefined Weak Reference
    _getenv_init                              - Undefined Weak Reference
    _handle_redirection                       - Undefined Weak Reference
    _init_alloc                               - Undefined Weak Reference
    _init_user_alloc                          - Undefined Weak Reference
    _initio                                   - Undefined Weak Reference
    _printf_fp_hex                            - Undefined Weak Reference
    _printf_mbtowc                            - Undefined Weak Reference
    _printf_wc                                - Undefined Weak Reference
    _rand_init                                - Undefined Weak Reference
    _signal_finish                            - Undefined Weak Reference
    _signal_init                              - Undefined Weak Reference
    _terminate_alloc                          - Undefined Weak Reference
    _terminate_user_alloc                     - Undefined Weak Reference
    _terminateio                              - Undefined Weak Reference
    __main                                   0x000000e5   Thumb Code     8  __main.o(!!!main)
    __scatterload                            0x000000ed   Thumb Code     0  __scatter.o(!!!scatter)
    __scatterload_rt2                        0x000000ed   Thumb Code    44  __scatter.o(!!!scatter)
    __scatterload_rt2_thumb_only             0x000000ed   Thumb Code     0  __scatter.o(!!!scatter)
    __scatterload_null                       0x000000fb   Thumb Code     0  __scatter.o(!!!scatter)
    __scatterload_copy                       0x00000121   Thumb Code    26  __scatter_copy.o(!!handler_copy)
    __scatterload_zeroinit                   0x0000013d   Thumb Code    28  __scatter_zi.o(!!handler_zi)
    _printf_n                                0x00000159   Thumb Code     0  _printf_n.o(.ARM.Collect$$_printf_percent$$00000001)
    _printf_percent                          0x00000159   Thumb Code     0  _printf_percent.o(.ARM.Collect$$_printf_percent$$00000000)
    _printf_p                                0x0000015f   Thumb Code     0  _printf_p.o(.ARM.Collect$$_printf_percent$$00000002)
    _printf_f                                0x00000165   Thumb Code     0  _printf_f.o(.ARM.Collect$$_printf_percent$$00000003)
    _printf_e                                0x0000016b   Thumb Code     0  _printf_e.o(.ARM.Collect$$_printf_percent$$00000004)
    _printf_g                                0x00000171   Thumb Code     0  _printf_g.o(.ARM.Collect$$_printf_percent$$00000005)
    _printf_a                                0x00000177   Thumb Code     0  _printf_a.o(.ARM.Collect$$_printf_percent$$00000006)
    _printf_ll                               0x0000017d   Thumb Code     0  _printf_ll.o(.ARM.Collect$$_printf_percent$$00000007)
    _printf_i                                0x00000187   Thumb Code     0  _printf_i.o(.ARM.Collect$$_printf_percent$$00000008)
    _printf_d                                0x0000018d   Thumb Code     0  _printf_d.o(.ARM.Collect$$_printf_percent$$00000009)
    _printf_u                                0x00000193   Thumb Code     0  _printf_u.o(.ARM.Collect$$_printf_percent$$0000000A)
    _printf_o                                0x00000199   Thumb Code     0  _printf_o.o(.ARM.Collect$$_printf_percent$$0000000B)
    _printf_x                                0x0000019f   Thumb Code     0  _printf_x.o(.ARM.Collect$$_printf_percent$$0000000C)
    _printf_lli                              0x000001a5   Thumb Code     0  _printf_lli.o(.ARM.Collect$$_printf_percent$$0000000D)
    _printf_lld                              0x000001ab   Thumb Code     0  _printf_lld.o(.ARM.Collect$$_printf_percent$$0000000E)
    _printf_llu                              0x000001b1   Thumb Code     0  _printf_llu.o(.ARM.Collect$$_printf_percent$$0000000F)
    _printf_llo                              0x000001b7   Thumb Code     0  _printf_llo.o(.ARM.Collect$$_printf_percent$$00000010)
    _printf_llx                              0x000001bd   Thumb Code     0  _printf_llx.o(.ARM.Collect$$_printf_percent$$00000011)
    _printf_l                                0x000001c3   Thumb Code     0  _printf_l.o(.ARM.Collect$$_printf_percent$$00000012)
    _printf_c                                0x000001cd   Thumb Code     0  _printf_c.o(.ARM.Collect$$_printf_percent$$00000013)
    _printf_s                                0x000001d3   Thumb Code     0  _printf_s.o(.ARM.Collect$$_printf_percent$$00000014)
    _printf_lc                               0x000001d9   Thumb Code     0  _printf_lc.o(.ARM.Collect$$_printf_percent$$00000015)
    _printf_ls                               0x000001df   Thumb Code     0  _printf_ls.o(.ARM.Collect$$_printf_percent$$00000016)
    _printf_percent_end                      0x000001e5   Thumb Code     0  _printf_percent_end.o(.ARM.Collect$$_printf_percent$$00000017)
    __rt_lib_init                            0x000001e9   Thumb Code     0  libinit.o(.ARM.Collect$$libinit$$00000000)
    __rt_lib_init_fp_1                       0x000001eb   Thumb Code     0  libinit2.o(.ARM.Collect$$libinit$$00000001)
    __rt_lib_init_heap_1                     0x000001ef   Thumb Code     0  libinit2.o(.ARM.Collect$$libinit$$0000000A)
    __rt_lib_init_lc_common                  0x000001ef   Thumb Code     0  libinit2.o(.ARM.Collect$$libinit$$0000000F)
    __rt_lib_init_preinit_1                  0x000001ef   Thumb Code     0  libinit2.o(.ARM.Collect$$libinit$$00000004)
    __rt_lib_init_rand_1                     0x000001ef   Thumb Code     0  libinit2.o(.ARM.Collect$$libinit$$0000000E)
    __rt_lib_init_user_alloc_1               0x000001ef   Thumb Code     0  libinit2.o(.ARM.Collect$$libinit$$0000000C)
    __rt_lib_init_lc_collate_1               0x000001f5   Thumb Code     0  libinit2.o(.ARM.Collect$$libinit$$00000011)
    __rt_lib_init_lc_ctype_2                 0x000001f5   Thumb Code     0  libinit2.o(.ARM.Collect$$libinit$$00000012)
    __rt_lib_init_lc_ctype_1                 0x00000201   Thumb Code     0  libinit2.o(.ARM.Collect$$libinit$$00000013)
    __rt_lib_init_lc_monetary_1              0x00000201   Thumb Code     0  libinit2.o(.ARM.Collect$$libinit$$00000015)
    __rt_lib_init_lc_numeric_2               0x00000201   Thumb Code     0  libinit2.o(.ARM.Collect$$libinit$$00000016)
    __rt_lib_init_alloca_1                   0x0000020b   Thumb Code     0  libinit2.o(.ARM.Collect$$libinit$$0000002E)
    __rt_lib_init_argv_1                     0x0000020b   Thumb Code     0  libinit2.o(.ARM.Collect$$libinit$$0000002C)
    __rt_lib_init_atexit_1                   0x0000020b   Thumb Code     0  libinit2.o(.ARM.Collect$$libinit$$0000001B)
    __rt_lib_init_clock_1                    0x0000020b   Thumb Code     0  libinit2.o(.ARM.Collect$$libinit$$00000021)
    __rt_lib_init_cpp_1                      0x0000020b   Thumb Code     0  libinit2.o(.ARM.Collect$$libinit$$00000032)
    __rt_lib_init_exceptions_1               0x0000020b   Thumb Code     0  libinit2.o(.ARM.Collect$$libinit$$00000030)
    __rt_lib_init_fp_trap_1                  0x0000020b   Thumb Code     0  libinit2.o(.ARM.Collect$$libinit$$0000001F)
    __rt_lib_init_getenv_1                   0x0000020b   Thumb Code     0  libinit2.o(.ARM.Collect$$libinit$$00000023)
    __rt_lib_init_lc_numeric_1               0x0000020b   Thumb Code     0  libinit2.o(.ARM.Collect$$libinit$$00000017)
    __rt_lib_init_lc_time_1                  0x0000020b   Thumb Code     0  libinit2.o(.ARM.Collect$$libinit$$00000019)
    __rt_lib_init_return                     0x0000020b   Thumb Code     0  libinit2.o(.ARM.Collect$$libinit$$00000033)
    __rt_lib_init_signal_1                   0x0000020b   Thumb Code     0  libinit2.o(.ARM.Collect$$libinit$$0000001D)
    __rt_lib_init_stdio_1                    0x0000020b   Thumb Code     0  libinit2.o(.ARM.Collect$$libinit$$00000025)
    __rt_lib_shutdown                        0x0000020d   Thumb Code     0  libshutdown.o(.ARM.Collect$$libshutdown$$00000000)
    __rt_lib_shutdown_cpp_1                  0x0000020f   Thumb Code     0  libshutdown2.o(.ARM.Collect$$libshutdown$$00000004)
    __rt_lib_shutdown_fini_1                 0x0000020f   Thumb Code     0  libshutdown2.o(.ARM.Collect$$libshutdown$$00000002)
    __rt_lib_shutdown_fp_trap_1              0x0000020f   Thumb Code     0  libshutdown2.o(.ARM.Collect$$libshutdown$$00000009)
    __rt_lib_shutdown_heap_1                 0x0000020f   Thumb Code     0  libshutdown2.o(.ARM.Collect$$libshutdown$$00000011)
    __rt_lib_shutdown_return                 0x0000020f   Thumb Code     0  libshutdown2.o(.ARM.Collect$$libshutdown$$00000012)
    __rt_lib_shutdown_signal_1               0x0000020f   Thumb Code     0  libshutdown2.o(.ARM.Collect$$libshutdown$$0000000C)
    __rt_lib_shutdown_stdio_1                0x0000020f   Thumb Code     0  libshutdown2.o(.ARM.Collect$$libshutdown$$00000006)
    __rt_lib_shutdown_user_alloc_1           0x0000020f   Thumb Code     0  libshutdown2.o(.ARM.Collect$$libshutdown$$0000000E)
    __rt_entry                               0x00000211   Thumb Code     0  __rtentry.o(.ARM.Collect$$rtentry$$00000000)
    __rt_entry_presh_1                       0x00000211   Thumb Code     0  __rtentry2.o(.ARM.Collect$$rtentry$$00000002)
    __rt_entry_sh                            0x00000211   Thumb Code     0  __rtentry4.o(.ARM.Collect$$rtentry$$00000004)
    __rt_entry_li                            0x00000217   Thumb Code     0  __rtentry2.o(.ARM.Collect$$rtentry$$0000000A)
    __rt_entry_postsh_1                      0x00000217   Thumb Code     0  __rtentry2.o(.ARM.Collect$$rtentry$$00000009)
    __rt_entry_main                          0x0000021b   Thumb Code     0  __rtentry2.o(.ARM.Collect$$rtentry$$0000000D)
    __rt_entry_postli_1                      0x0000021b   Thumb Code     0  __rtentry2.o(.ARM.Collect$$rtentry$$0000000C)
    __rt_exit                                0x00000223   Thumb Code     0  rtexit.o(.ARM.Collect$$rtexit$$00000000)
    __rt_exit_ls                             0x00000225   Thumb Code     0  rtexit2.o(.ARM.Collect$$rtexit$$00000003)
    __rt_exit_prels_1                        0x00000225   Thumb Code     0  rtexit2.o(.ARM.Collect$$rtexit$$00000002)
    __rt_exit_exit                           0x00000229   Thumb Code     0  rtexit2.o(.ARM.Collect$$rtexit$$00000004)
    Reset_Handler                            0x00000231   Thumb Code     8  startup_lpc407x_8x_177x_8x.o(.text)
    NMI_Handler                              0x00000239   Thumb Code     2  startup_lpc407x_8x_177x_8x.o(.text)
    HardFault_Handler                        0x0000023b   Thumb Code     2  startup_lpc407x_8x_177x_8x.o(.text)
    MemManage_Handler                        0x0000023d   Thumb Code     2  startup_lpc407x_8x_177x_8x.o(.text)
    BusFault_Handler                         0x0000023f   Thumb Code     2  startup_lpc407x_8x_177x_8x.o(.text)
    UsageFault_Handler                       0x00000241   Thumb Code     2  startup_lpc407x_8x_177x_8x.o(.text)
    SVC_Handler                              0x00000243   Thumb Code     2  startup_lpc407x_8x_177x_8x.o(.text)
    DebugMon_Handler                         0x00000245   Thumb Code     2  startup_lpc407x_8x_177x_8x.o(.text)
    PendSV_Handler                           0x00000247   Thumb Code     2  startup_lpc407x_8x_177x_8x.o(.text)
    SysTick_Handler                          0x00000249   Thumb Code     2  startup_lpc407x_8x_177x_8x.o(.text)
    ADC_IRQHandler                           0x0000024b   Thumb Code     0  startup_lpc407x_8x_177x_8x.o(.text)
    BOD_IRQHandler                           0x0000024b   Thumb Code     0  startup_lpc407x_8x_177x_8x.o(.text)
    CANActivity_IRQHandler                   0x0000024b   Thumb Code     0  startup_lpc407x_8x_177x_8x.o(.text)
    CAN_IRQHandler                           0x0000024b   Thumb Code     0  startup_lpc407x_8x_177x_8x.o(.text)
    DMA_IRQHandler                           0x0000024b   Thumb Code     0  startup_lpc407x_8x_177x_8x.o(.text)
    EEPROM_IRQHandler                        0x0000024b   Thumb Code     0  startup_lpc407x_8x_177x_8x.o(.text)
    EINT0_IRQHandler                         0x0000024b   Thumb Code     0  startup_lpc407x_8x_177x_8x.o(.text)
    EINT1_IRQHandler                         0x0000024b   Thumb Code     0  startup_lpc407x_8x_177x_8x.o(.text)
    EINT2_IRQHandler                         0x0000024b   Thumb Code     0  startup_lpc407x_8x_177x_8x.o(.text)
    EINT3_IRQHandler                         0x0000024b   Thumb Code     0  startup_lpc407x_8x_177x_8x.o(.text)
    ENET_IRQHandler                          0x0000024b   Thumb Code     0  startup_lpc407x_8x_177x_8x.o(.text)
    I2C0_IRQHandler                          0x0000024b   Thumb Code     0  startup_lpc407x_8x_177x_8x.o(.text)
    I2C1_IRQHandler                          0x0000024b   Thumb Code     0  startup_lpc407x_8x_177x_8x.o(.text)
    I2C2_IRQHandler                          0x0000024b   Thumb Code     0  startup_lpc407x_8x_177x_8x.o(.text)
    I2S_IRQHandler                           0x0000024b   Thumb Code     0  startup_lpc407x_8x_177x_8x.o(.text)
    LCD_IRQHandler                           0x0000024b   Thumb Code     0  startup_lpc407x_8x_177x_8x.o(.text)
    MCI_IRQHandler                           0x0000024b   Thumb Code     0  startup_lpc407x_8x_177x_8x.o(.text)
    MCPWM_IRQHandler                         0x0000024b   Thumb Code     0  startup_lpc407x_8x_177x_8x.o(.text)
    PLL0_IRQHandler                          0x0000024b   Thumb Code     0  startup_lpc407x_8x_177x_8x.o(.text)
    PLL1_IRQHandler                          0x0000024b   Thumb Code     0  startup_lpc407x_8x_177x_8x.o(.text)
    PWM0_IRQHandler                          0x0000024b   Thumb Code     0  startup_lpc407x_8x_177x_8x.o(.text)
    PWM1_IRQHandler                          0x0000024b   Thumb Code     0  startup_lpc407x_8x_177x_8x.o(.text)
    QEI_IRQHandler                           0x0000024b   Thumb Code     0  startup_lpc407x_8x_177x_8x.o(.text)
    RTC_IRQHandler                           0x0000024b   Thumb Code     0  startup_lpc407x_8x_177x_8x.o(.text)
    SSP0_IRQHandler                          0x0000024b   Thumb Code     0  startup_lpc407x_8x_177x_8x.o(.text)
    SSP1_IRQHandler                          0x0000024b   Thumb Code     0  startup_lpc407x_8x_177x_8x.o(.text)
    SSP2_IRQHandler                          0x0000024b   Thumb Code     0  startup_lpc407x_8x_177x_8x.o(.text)
    TIMER1_IRQHandler                        0x0000024b   Thumb Code     0  startup_lpc407x_8x_177x_8x.o(.text)
    TIMER2_IRQHandler                        0x0000024b   Thumb Code     0  startup_lpc407x_8x_177x_8x.o(.text)
    TIMER3_IRQHandler                        0x0000024b   Thumb Code     0  startup_lpc407x_8x_177x_8x.o(.text)
    UART0_IRQHandler                         0x0000024b   Thumb Code     0  startup_lpc407x_8x_177x_8x.o(.text)
    UART1_IRQHandler                         0x0000024b   Thumb Code     0  startup_lpc407x_8x_177x_8x.o(.text)
    UART2_IRQHandler                         0x0000024b   Thumb Code     0  startup_lpc407x_8x_177x_8x.o(.text)
    UART3_IRQHandler                         0x0000024b   Thumb Code     0  startup_lpc407x_8x_177x_8x.o(.text)
    UART4_IRQHandler                         0x0000024b   Thumb Code     0  startup_lpc407x_8x_177x_8x.o(.text)
    USBActivity_IRQHandler                   0x0000024b   Thumb Code     0  startup_lpc407x_8x_177x_8x.o(.text)
    USB_IRQHandler                           0x0000024b   Thumb Code     0  startup_lpc407x_8x_177x_8x.o(.text)
    WDT_IRQHandler                           0x0000024b   Thumb Code     0  startup_lpc407x_8x_177x_8x.o(.text)
    __user_initial_stackheap                 0x0000024d   Thumb Code     0  startup_lpc407x_8x_177x_8x.o(.text)
    __I$use$semihosting                      0x0000026d   Thumb Code     0  use_no_semi.o(.text)
    __use_no_semihosting_swi                 0x0000026d   Thumb Code     2  use_no_semi.o(.text)
    __c89vprintf                             0x00000271   Thumb Code     8  c89vprintf.o(.text)
    __2snprintf                              0x0000027d   Thumb Code    50  __2snprintf.o(.text)
    __use_two_region_memory                  0x000002b5   Thumb Code     2  heapauxi.o(.text)
    __rt_heap_escrow$2region                 0x000002b7   Thumb Code     2  heapauxi.o(.text)
    __rt_heap_expand$2region                 0x000002b9   Thumb Code     2  heapauxi.o(.text)
    _printf_truncate_signed                  0x000002bb   Thumb Code    18  _printf_truncate.o(.text)
    _printf_truncate_unsigned                0x000002cd   Thumb Code    18  _printf_truncate.o(.text)
    _sputc                                   0x000002df   Thumb Code    10  _sputc.o(.text)
    _snputc                                  0x000002e9   Thumb Code    16  _snputc.o(.text)
    _sys_exit                                0x000002f9   Thumb Code     4  glcd.o(i._sys_exit)
    _printf_str                              0x00000301   Thumb Code    82  _printf_str.o(.text)
    _printf_int_dec                          0x00000355   Thumb Code   104  _printf_dec.o(.text)
    __printf                                 0x000003cd   Thumb Code   388  __printf_flags_ss_wp.o(.text)
    __aeabi_memmove                          0x00000555   Thumb Code     0  rt_memmove_v6.o(.text)
    __rt_memmove                             0x00000555   Thumb Code   132  rt_memmove_v6.o(.text)
    __memmove_lastfew                        0x000005b5   Thumb Code     0  rt_memmove_v6.o(.text)
    _printf_pre_padding                      0x000005d9   Thumb Code    44  _printf_pad.o(.text)
    _printf_post_padding                     0x00000605   Thumb Code    34  _printf_pad.o(.text)
    _printf_int_common                       0x00000627   Thumb Code   178  _printf_intcommon.o(.text)
    _printf_charcount                        0x000006d9   Thumb Code    40  _printf_charcount.o(.text)
    _printf_char_common                      0x0000070b   Thumb Code    32  _printf_char_common.o(.text)
    _printf_cs_common                        0x00000731   Thumb Code    20  _printf_char.o(.text)
    _printf_char                             0x00000745   Thumb Code    16  _printf_char.o(.text)
    _printf_string                           0x00000755   Thumb Code     8  _printf_char.o(.text)
    _printf_char_file                        0x0000075d   Thumb Code    32  _printf_char_file.o(.text)
    _printf_wctomb                           0x00000781   Thumb Code   182  _printf_wctomb.o(.text)
    _printf_longlong_dec                     0x0000083d   Thumb Code   108  _printf_longlong_dec.o(.text)
    _printf_longlong_oct                     0x000008b9   Thumb Code    66  _printf_oct_int_ll.o(.text)
    _printf_int_oct                          0x000008fb   Thumb Code    24  _printf_oct_int_ll.o(.text)
    _printf_ll_oct                           0x00000913   Thumb Code    12  _printf_oct_int_ll.o(.text)
    _printf_longlong_hex                     0x00000929   Thumb Code    86  _printf_hex_int_ll_ptr.o(.text)
    _printf_int_hex                          0x0000097f   Thumb Code    28  _printf_hex_int_ll_ptr.o(.text)
    _printf_ll_hex                           0x0000099b   Thumb Code    12  _printf_hex_int_ll_ptr.o(.text)
    _printf_hex_ptr                          0x000009a7   Thumb Code    18  _printf_hex_int_ll_ptr.o(.text)
    __aeabi_memcpy                           0x000009bd   Thumb Code     0  rt_memcpy_v6.o(.text)
    __rt_memcpy                              0x000009bd   Thumb Code   138  rt_memcpy_v6.o(.text)
    _memcpy_lastbytes                        0x00000a23   Thumb Code     0  rt_memcpy_v6.o(.text)
    __aeabi_memmove4                         0x00000a47   Thumb Code     0  rt_memmove_w.o(.text)
    __aeabi_memmove8                         0x00000a47   Thumb Code     0  rt_memmove_w.o(.text)
    __rt_memmove_w                           0x00000a47   Thumb Code   122  rt_memmove_w.o(.text)
    __memmove_aligned                        0x00000a6d   Thumb Code     0  rt_memmove_w.o(.text)
    __memmove_lastfew_aligned                0x00000aa5   Thumb Code     0  rt_memmove_w.o(.text)
    _ll_udiv10                               0x00000ac1   Thumb Code   138  lludiv10.o(.text)
    __lib_sel_fp_printf                      0x00000b4b   Thumb Code     2  _printf_fp_dec.o(.text)
    _printf_fp_dec_real                      0x00000cfd   Thumb Code   620  _printf_fp_dec.o(.text)
    _printf_lcs_common                       0x00000f69   Thumb Code    20  _printf_wchar.o(.text)
    _printf_wchar                            0x00000f7d   Thumb Code    16  _printf_wchar.o(.text)
    _printf_wstring                          0x00000f8d   Thumb Code     8  _printf_wchar.o(.text)
    _wcrtomb                                 0x00000f95   Thumb Code    64  _wcrtomb.o(.text)
    __aeabi_memcpy4                          0x00000fd5   Thumb Code     0  rt_memcpy_w.o(.text)
    __aeabi_memcpy8                          0x00000fd5   Thumb Code     0  rt_memcpy_w.o(.text)
    __rt_memcpy_w                            0x00000fd5   Thumb Code   100  rt_memcpy_w.o(.text)
    _memcpy_lastbytes_aligned                0x0000101d   Thumb Code     0  rt_memcpy_w.o(.text)
    __user_setup_stackheap                   0x00001039   Thumb Code    74  sys_stackheap_outer.o(.text)
    __rt_ctype_table                         0x00001085   Thumb Code    16  rt_ctype_table.o(.text)
    __rt_locale                              0x00001095   Thumb Code     8  rt_locale_intlibspace.o(.text)
    _printf_fp_infnan                        0x0000109d   Thumb Code   112  _printf_fp_infnan.o(.text)
    _btod_etento                             0x0000111d   Thumb Code   224  bigflt0.o(.text)
    exit                                     0x00001201   Thumb Code    18  exit.o(.text)
    __user_libspace                          0x00001215   Thumb Code     8  libspace.o(.text)
    __user_perproc_libspace                  0x00001215   Thumb Code     0  libspace.o(.text)
    __user_perthread_libspace                0x00001215   Thumb Code     0  libspace.o(.text)
    strcmp                                   0x0000121d   Thumb Code   128  strcmpv7m.o(.text)
    _btod_d2e                                0x0000129d   Thumb Code    62  btod.o(CL$$btod_d2e)
    _d2e_denorm_low                          0x000012db   Thumb Code    70  btod.o(CL$$btod_d2e_denorm_low)
    _d2e_norm_op1                            0x00001321   Thumb Code    96  btod.o(CL$$btod_d2e_norm_op1)
    __btod_div_common                        0x00001381   Thumb Code   696  btod.o(CL$$btod_div_common)
    _e2e                                     0x000016b9   Thumb Code   220  btod.o(CL$$btod_e2e)
    _btod_ediv                               0x00001795   Thumb Code    42  btod.o(CL$$btod_ediv)
    _btod_emul                               0x000017bf   Thumb Code    42  btod.o(CL$$btod_emul)
    __btod_mult_common                       0x000017e9   Thumb Code   580  btod.o(CL$$btod_mult_common)
    GPIO_IRQHandler                          0x00001a2d   Thumb Code    70  main.o(i.GPIO_IRQHandler)
    SystemCoreClockUpdate                    0x00001a79   Thumb Code   696  system_lpc407x_8x_177x_8x.o(i.SystemCoreClockUpdate)
    SystemInit                               0x00001d4d   Thumb Code   224  system_lpc407x_8x_177x_8x.o(i.SystemInit)
    SystemInit_ExtMemCtl                     0x00001e3d   Thumb Code   468  system_lpc407x_8x_177x_8x.o(i.SystemInit_ExtMemCtl)
    TIMER0_IRQHandler                        0x00002035   Thumb Code   126  main.o(i.TIMER0_IRQHandler)
    __ARM_fpclassify                         0x00002139   Thumb Code    48  fpclassify.o(i.__ARM_fpclassify)
    _is_digit                                0x000021d1   Thumb Code    14  __printf_wp.o(i._is_digit)
    adjust_timing                            0x000021e1   Thumb Code    76  sdram.o(i.adjust_timing)
    ferror                                   0x00002281   Thumb Code    16  glcd.o(i.ferror)
    fpu_init                                 0x0000239d   Thumb Code    62  system_lpc407x_8x_177x_8x.o(i.fpu_init)
    fputc                                    0x000023ed   Thumb Code   334  glcd.o(i.fputc)
    glcd_borrar                              0x0000255d   Thumb Code    20  glcd.o(i.glcd_borrar)
    glcd_caracter                            0x00002575   Thumb Code   242  glcd.o(i.glcd_caracter)
    glcd_desplazar                           0x0000268d   Thumb Code    78  glcd.o(i.glcd_desplazar)
    glcd_inicializar                         0x000027d5   Thumb Code   876  glcd.o(i.glcd_inicializar)
    glcd_texto                               0x00002b69   Thumb Code   138  glcd.o(i.glcd_texto)
    glcd_xprintf                             0x00002c8d   Thumb Code   124  glcd.o(i.glcd_xprintf)
    gpio_ajustar_dir                         0x00002d1d   Thumb Code   130  gpio_lpc40xx.o(i.gpio_ajustar_dir)
    led_apagar                               0x00002e09   Thumb Code    44  leds.o(i.led_apagar)
    led_encender                             0x00002e65   Thumb Code    44  leds.o(i.led_encender)
    leds_inicializar                         0x00002ec1   Thumb Code    48  leds.o(i.leds_inicializar)
    leer_joystick                            0x00002ef9   Thumb Code    86  joystick.o(i.leer_joystick)
    main                                     0x00002f55   Thumb Code   182  main.o(i.main)
    parar_con_error                          0x0000302d   Thumb Code   150  error.o(i.parar_con_error)
    sdram_inicializar                        0x00003505   Thumb Code   198  sdram.o(i.sdram_inicializar)
    timer_inicializar                        0x00003645   Thumb Code   114  timer_lpc40xx.o(i.timer_inicializar)
    timer_iniciar_ciclos_ms                  0x000036f5   Thumb Code   102  timer_lpc40xx.o(i.timer_iniciar_ciclos_ms)
    _get_lc_numeric                          0x000037ad   Thumb Code    44  lc_numeric_c.o(locale$$code)
    _get_lc_ctype                            0x000037d9   Thumb Code    44  lc_ctype_c.o(locale$$code)
    _fp_init                                 0x00003805   Thumb Code    10  fpinit.o(x$fpl$fpinit)
    __fplib_config_fpu_vfp                   0x0000380d   Thumb Code     0  fpinit.o(x$fpl$fpinit)
    __fplib_config_pureend_doubles           0x0000380d   Thumb Code     0  fpinit.o(x$fpl$fpinit)
    _printf_fp_dec                           0x0000380f   Thumb Code     4  printf1.o(x$fpl$printf1)
    __I$use$fp                               0x00003812   Number         0  usenofp.o(x$fpl$usenofp)
    font_8x16                                0x00003814   Data          20  font_8x16.o(.constdata)
    font_8x16_datos                          0x00003828   Data        3584  font_8x16.o(.constdata)
    font_12x24                               0x00004628   Data          20  font_12x24.o(.constdata)
    font_12x24_datos                         0x0000463c   Data       10752  font_12x24.o(.constdata)
    font_16x32                               0x0000703c   Data          20  font_16x32.o(.constdata)
    font_16x32_datos                         0x00007050   Data       14336  font_16x32.o(.constdata)
    Region$$Table$$Base                      0x0000aa84   Number         0  anon$$obj.o(Region$$Table)
    Region$$Table$$Limit                     0x0000aaa4   Number         0  anon$$obj.o(Region$$Table)
    __ctype                                  0x0000aacd   Data           0  lc_ctype_c.o(locale$$data)
    __stdout                                 0x10000020   Data           4  glcd.o(.data)
    __stdin                                  0x10000024   Data           4  glcd.o(.data)
    __stderr                                 0x10000028   Data           4  glcd.o(.data)
    SystemCoreClock                          0x10000040   Data           4  system_lpc407x_8x_177x_8x.o(.data)
    PeripheralClock                          0x10000044   Data           4  system_lpc407x_8x_177x_8x.o(.data)
    EMCClock                                 0x10000048   Data           4  system_lpc407x_8x_177x_8x.o(.data)
    USBClock                                 0x1000004c   Data           4  system_lpc407x_8x_177x_8x.o(.data)
    __libspace_start                         0x10000050   Data          96  libspace.o(.bss)
    __temporary_stack_top$libspace           0x100000b0   Data           0  libspace.o(.bss)



==============================================================================

Memory Map of the image

  Image Entry point : 0x000000e5

  Load Region LR_IROM1 (Base: 0x00000000, Size: 0x0000ac20, Max: 0x00080000, ABSOLUTE)

    Execution Region ER_IROM1 (Exec base: 0x00000000, Load base: 0x00000000, Size: 0x0000abd0, Max: 0x00080000, ABSOLUTE)

    Exec Addr    Load Addr    Size         Type   Attr      Idx    E Section Name        Object

    0x00000000   0x00000000   0x000000e4   Data   RO          632    RESET               startup_lpc407x_8x_177x_8x.o
    0x000000e4   0x000000e4   0x00000008   Code   RO          736  * !!!main             c_w.l(__main.o)
    0x000000ec   0x000000ec   0x00000034   Code   RO         1027    !!!scatter          c_w.l(__scatter.o)
    0x00000120   0x00000120   0x0000001a   Code   RO         1029    !!handler_copy      c_w.l(__scatter_copy.o)
    0x0000013a   0x0000013a   0x00000002   PAD
    0x0000013c   0x0000013c   0x0000001c   Code   RO         1031    !!handler_zi        c_w.l(__scatter_zi.o)
    0x00000158   0x00000158   0x00000000   Code   RO          731    .ARM.Collect$$_printf_percent$$00000000  c_w.l(_printf_percent.o)
    0x00000158   0x00000158   0x00000006   Code   RO          790    .ARM.Collect$$_printf_percent$$00000001  c_w.l(_printf_n.o)
    0x0000015e   0x0000015e   0x00000006   Code   RO          792    .ARM.Collect$$_printf_percent$$00000002  c_w.l(_printf_p.o)
    0x00000164   0x00000164   0x00000006   Code   RO          796    .ARM.Collect$$_printf_percent$$00000003  c_w.l(_printf_f.o)
    0x0000016a   0x0000016a   0x00000006   Code   RO          797    .ARM.Collect$$_printf_percent$$00000004  c_w.l(_printf_e.o)
    0x00000170   0x00000170   0x00000006   Code   RO          798    .ARM.Collect$$_printf_percent$$00000005  c_w.l(_printf_g.o)
    0x00000176   0x00000176   0x00000006   Code   RO          799    .ARM.Collect$$_printf_percent$$00000006  c_w.l(_printf_a.o)
    0x0000017c   0x0000017c   0x0000000a   Code   RO          804    .ARM.Collect$$_printf_percent$$00000007  c_w.l(_printf_ll.o)
    0x00000186   0x00000186   0x00000006   Code   RO          794    .ARM.Collect$$_printf_percent$$00000008  c_w.l(_printf_i.o)
    0x0000018c   0x0000018c   0x00000006   Code   RO          795    .ARM.Collect$$_printf_percent$$00000009  c_w.l(_printf_d.o)
    0x00000192   0x00000192   0x00000006   Code   RO          730    .ARM.Collect$$_printf_percent$$0000000A  c_w.l(_printf_u.o)
    0x00000198   0x00000198   0x00000006   Code   RO          793    .ARM.Collect$$_printf_percent$$0000000B  c_w.l(_printf_o.o)
    0x0000019e   0x0000019e   0x00000006   Code   RO          791    .ARM.Collect$$_printf_percent$$0000000C  c_w.l(_printf_x.o)
    0x000001a4   0x000001a4   0x00000006   Code   RO          801    .ARM.Collect$$_printf_percent$$0000000D  c_w.l(_printf_lli.o)
    0x000001aa   0x000001aa   0x00000006   Code   RO          802    .ARM.Collect$$_printf_percent$$0000000E  c_w.l(_printf_lld.o)
    0x000001b0   0x000001b0   0x00000006   Code   RO          803    .ARM.Collect$$_printf_percent$$0000000F  c_w.l(_printf_llu.o)
    0x000001b6   0x000001b6   0x00000006   Code   RO          808    .ARM.Collect$$_printf_percent$$00000010  c_w.l(_printf_llo.o)
    0x000001bc   0x000001bc   0x00000006   Code   RO          809    .ARM.Collect$$_printf_percent$$00000011  c_w.l(_printf_llx.o)
    0x000001c2   0x000001c2   0x0000000a   Code   RO          805    .ARM.Collect$$_printf_percent$$00000012  c_w.l(_printf_l.o)
    0x000001cc   0x000001cc   0x00000006   Code   RO          789    .ARM.Collect$$_printf_percent$$00000013  c_w.l(_printf_c.o)
    0x000001d2   0x000001d2   0x00000006   Code   RO          729    .ARM.Collect$$_printf_percent$$00000014  c_w.l(_printf_s.o)
    0x000001d8   0x000001d8   0x00000006   Code   RO          806    .ARM.Collect$$_printf_percent$$00000015  c_w.l(_printf_lc.o)
    0x000001de   0x000001de   0x00000006   Code   RO          807    .ARM.Collect$$_printf_percent$$00000016  c_w.l(_printf_ls.o)
    0x000001e4   0x000001e4   0x00000004   Code   RO          800    .ARM.Collect$$_printf_percent$$00000017  c_w.l(_printf_percent_end.o)
    0x000001e8   0x000001e8   0x00000002   Code   RO          889    .ARM.Collect$$libinit$$00000000  c_w.l(libinit.o)
    0x000001ea   0x000001ea   0x00000004   Code   RO          905    .ARM.Collect$$libinit$$00000001  c_w.l(libinit2.o)
    0x000001ee   0x000001ee   0x00000000   Code   RO          908    .ARM.Collect$$libinit$$00000004  c_w.l(libinit2.o)
    0x000001ee   0x000001ee   0x00000000   Code   RO          911    .ARM.Collect$$libinit$$0000000A  c_w.l(libinit2.o)
    0x000001ee   0x000001ee   0x00000000   Code   RO          913    .ARM.Collect$$libinit$$0000000C  c_w.l(libinit2.o)
    0x000001ee   0x000001ee   0x00000000   Code   RO          915    .ARM.Collect$$libinit$$0000000E  c_w.l(libinit2.o)
    0x000001ee   0x000001ee   0x00000006   Code   RO          916    .ARM.Collect$$libinit$$0000000F  c_w.l(libinit2.o)
    0x000001f4   0x000001f4   0x00000000   Code   RO          918    .ARM.Collect$$libinit$$00000011  c_w.l(libinit2.o)
    0x000001f4   0x000001f4   0x0000000c   Code   RO          919    .ARM.Collect$$libinit$$00000012  c_w.l(libinit2.o)
    0x00000200   0x00000200   0x00000000   Code   RO          920    .ARM.Collect$$libinit$$00000013  c_w.l(libinit2.o)
    0x00000200   0x00000200   0x00000000   Code   RO          922    .ARM.Collect$$libinit$$00000015  c_w.l(libinit2.o)
    0x00000200   0x00000200   0x0000000a   Code   RO          923    .ARM.Collect$$libinit$$00000016  c_w.l(libinit2.o)
    0x0000020a   0x0000020a   0x00000000   Code   RO          924    .ARM.Collect$$libinit$$00000017  c_w.l(libinit2.o)
    0x0000020a   0x0000020a   0x00000000   Code   RO          926    .ARM.Collect$$libinit$$00000019  c_w.l(libinit2.o)
    0x0000020a   0x0000020a   0x00000000   Code   RO          928    .ARM.Collect$$libinit$$0000001B  c_w.l(libinit2.o)
    0x0000020a   0x0000020a   0x00000000   Code   RO          930    .ARM.Collect$$libinit$$0000001D  c_w.l(libinit2.o)
    0x0000020a   0x0000020a   0x00000000   Code   RO          932    .ARM.Collect$$libinit$$0000001F  c_w.l(libinit2.o)
    0x0000020a   0x0000020a   0x00000000   Code   RO          934    .ARM.Collect$$libinit$$00000021  c_w.l(libinit2.o)
    0x0000020a   0x0000020a   0x00000000   Code   RO          936    .ARM.Collect$$libinit$$00000023  c_w.l(libinit2.o)
    0x0000020a   0x0000020a   0x00000000   Code   RO          938    .ARM.Collect$$libinit$$00000025  c_w.l(libinit2.o)
    0x0000020a   0x0000020a   0x00000000   Code   RO          942    .ARM.Collect$$libinit$$0000002C  c_w.l(libinit2.o)
    0x0000020a   0x0000020a   0x00000000   Code   RO          944    .ARM.Collect$$libinit$$0000002E  c_w.l(libinit2.o)
    0x0000020a   0x0000020a   0x00000000   Code   RO          946    .ARM.Collect$$libinit$$00000030  c_w.l(libinit2.o)
    0x0000020a   0x0000020a   0x00000000   Code   RO          948    .ARM.Collect$$libinit$$00000032  c_w.l(libinit2.o)
    0x0000020a   0x0000020a   0x00000002   Code   RO          949    .ARM.Collect$$libinit$$00000033  c_w.l(libinit2.o)
    0x0000020c   0x0000020c   0x00000002   Code   RO          967    .ARM.Collect$$libshutdown$$00000000  c_w.l(libshutdown.o)
    0x0000020e   0x0000020e   0x00000000   Code   RO          977    .ARM.Collect$$libshutdown$$00000002  c_w.l(libshutdown2.o)
    0x0000020e   0x0000020e   0x00000000   Code   RO          979    .ARM.Collect$$libshutdown$$00000004  c_w.l(libshutdown2.o)
    0x0000020e   0x0000020e   0x00000000   Code   RO          981    .ARM.Collect$$libshutdown$$00000006  c_w.l(libshutdown2.o)
    0x0000020e   0x0000020e   0x00000000   Code   RO          984    .ARM.Collect$$libshutdown$$00000009  c_w.l(libshutdown2.o)
    0x0000020e   0x0000020e   0x00000000   Code   RO          987    .ARM.Collect$$libshutdown$$0000000C  c_w.l(libshutdown2.o)
    0x0000020e   0x0000020e   0x00000000   Code   RO          989    .ARM.Collect$$libshutdown$$0000000E  c_w.l(libshutdown2.o)
    0x0000020e   0x0000020e   0x00000000   Code   RO          992    .ARM.Collect$$libshutdown$$00000011  c_w.l(libshutdown2.o)
    0x0000020e   0x0000020e   0x00000002   Code   RO          993    .ARM.Collect$$libshutdown$$00000012  c_w.l(libshutdown2.o)
    0x00000210   0x00000210   0x00000000   Code   RO          738    .ARM.Collect$$rtentry$$00000000  c_w.l(__rtentry.o)
    0x00000210   0x00000210   0x00000000   Code   RO          817    .ARM.Collect$$rtentry$$00000002  c_w.l(__rtentry2.o)
    0x00000210   0x00000210   0x00000006   Code   RO          829    .ARM.Collect$$rtentry$$00000004  c_w.l(__rtentry4.o)
    0x00000216   0x00000216   0x00000000   Code   RO          819    .ARM.Collect$$rtentry$$00000009  c_w.l(__rtentry2.o)
    0x00000216   0x00000216   0x00000004   Code   RO          820    .ARM.Collect$$rtentry$$0000000A  c_w.l(__rtentry2.o)
    0x0000021a   0x0000021a   0x00000000   Code   RO          822    .ARM.Collect$$rtentry$$0000000C  c_w.l(__rtentry2.o)
    0x0000021a   0x0000021a   0x00000008   Code   RO          823    .ARM.Collect$$rtentry$$0000000D  c_w.l(__rtentry2.o)
    0x00000222   0x00000222   0x00000002   Code   RO          898    .ARM.Collect$$rtexit$$00000000  c_w.l(rtexit.o)
    0x00000224   0x00000224   0x00000000   Code   RO          951    .ARM.Collect$$rtexit$$00000002  c_w.l(rtexit2.o)
    0x00000224   0x00000224   0x00000004   Code   RO          952    .ARM.Collect$$rtexit$$00000003  c_w.l(rtexit2.o)
    0x00000228   0x00000228   0x00000006   Code   RO          953    .ARM.Collect$$rtexit$$00000004  c_w.l(rtexit2.o)
    0x0000022e   0x0000022e   0x00000002   PAD
    0x00000230   0x00000230   0x0000003c   Code   RO          634    .text               startup_lpc407x_8x_177x_8x.o
    0x0000026c   0x0000026c   0x00000002   Code   RO          695    .text               c_w.l(use_no_semi.o)
    0x0000026e   0x0000026e   0x00000002   PAD
    0x00000270   0x00000270   0x0000000c   Code   RO          697    .text               c_w.l(c89vprintf.o)
    0x0000027c   0x0000027c   0x00000038   Code   RO          699    .text               c_w.l(__2snprintf.o)
    0x000002b4   0x000002b4   0x00000006   Code   RO          734    .text               c_w.l(heapauxi.o)
    0x000002ba   0x000002ba   0x00000024   Code   RO          741    .text               c_w.l(_printf_truncate.o)
    0x000002de   0x000002de   0x0000000a   Code   RO          749    .text               c_w.l(_sputc.o)
    0x000002e8   0x000002e8   0x00000010   Code   RO          751    .text               c_w.l(_snputc.o)
    0x000002f8   0x000002f8   0x00000004   Code   RO          106    i._sys_exit         glcd.o
    0x000002fc   0x000002fc   0x00000004   Code   RO          633    .ARM.__at_0x02FC    startup_lpc407x_8x_177x_8x.o
    0x00000300   0x00000300   0x00000052   Code   RO          705    .text               c_w.l(_printf_str.o)
    0x00000352   0x00000352   0x00000002   PAD
    0x00000354   0x00000354   0x00000078   Code   RO          707    .text               c_w.l(_printf_dec.o)
    0x000003cc   0x000003cc   0x00000188   Code   RO          726    .text               c_w.l(__printf_flags_ss_wp.o)
    0x00000554   0x00000554   0x00000084   Code   RO          732    .text               c_w.l(rt_memmove_v6.o)
    0x000005d8   0x000005d8   0x0000004e   Code   RO          739    .text               c_w.l(_printf_pad.o)
    0x00000626   0x00000626   0x000000b2   Code   RO          743    .text               c_w.l(_printf_intcommon.o)
    0x000006d8   0x000006d8   0x00000028   Code   RO          745    .text               c_w.l(_printf_charcount.o)
    0x00000700   0x00000700   0x00000030   Code   RO          747    .text               c_w.l(_printf_char_common.o)
    0x00000730   0x00000730   0x0000002c   Code   RO          753    .text               c_w.l(_printf_char.o)
    0x0000075c   0x0000075c   0x00000024   Code   RO          755    .text               c_w.l(_printf_char_file.o)
    0x00000780   0x00000780   0x000000bc   Code   RO          757    .text               c_w.l(_printf_wctomb.o)
    0x0000083c   0x0000083c   0x0000007c   Code   RO          760    .text               c_w.l(_printf_longlong_dec.o)
    0x000008b8   0x000008b8   0x00000070   Code   RO          766    .text               c_w.l(_printf_oct_int_ll.o)
    0x00000928   0x00000928   0x00000094   Code   RO          786    .text               c_w.l(_printf_hex_int_ll_ptr.o)
    0x000009bc   0x000009bc   0x0000008a   Code   RO          810    .text               c_w.l(rt_memcpy_v6.o)
    0x00000a46   0x00000a46   0x0000007a   Code   RO          812    .text               c_w.l(rt_memmove_w.o)
    0x00000ac0   0x00000ac0   0x0000008a   Code   RO          831    .text               c_w.l(lludiv10.o)
    0x00000b4a   0x00000b4a   0x0000041e   Code   RO          833    .text               c_w.l(_printf_fp_dec.o)
    0x00000f68   0x00000f68   0x0000002c   Code   RO          837    .text               c_w.l(_printf_wchar.o)
    0x00000f94   0x00000f94   0x00000040   Code   RO          839    .text               c_w.l(_wcrtomb.o)
    0x00000fd4   0x00000fd4   0x00000064   Code   RO          841    .text               c_w.l(rt_memcpy_w.o)
    0x00001038   0x00001038   0x0000004a   Code   RO          843    .text               c_w.l(sys_stackheap_outer.o)
    0x00001082   0x00001082   0x00000002   PAD
    0x00001084   0x00001084   0x00000010   Code   RO          845    .text               c_w.l(rt_ctype_table.o)
    0x00001094   0x00001094   0x00000008   Code   RO          850    .text               c_w.l(rt_locale_intlibspace.o)
    0x0000109c   0x0000109c   0x00000080   Code   RO          852    .text               c_w.l(_printf_fp_infnan.o)
    0x0000111c   0x0000111c   0x000000e4   Code   RO          854    .text               c_w.l(bigflt0.o)
    0x00001200   0x00001200   0x00000012   Code   RO          882    .text               c_w.l(exit.o)
    0x00001212   0x00001212   0x00000002   PAD
    0x00001214   0x00001214   0x00000008   Code   RO          895    .text               c_w.l(libspace.o)
    0x0000121c   0x0000121c   0x00000080   Code   RO          903    .text               c_w.l(strcmpv7m.o)
    0x0000129c   0x0000129c   0x0000003e   Code   RO          857    CL$$btod_d2e        c_w.l(btod.o)
    0x000012da   0x000012da   0x00000046   Code   RO          859    CL$$btod_d2e_denorm_low  c_w.l(btod.o)
    0x00001320   0x00001320   0x00000060   Code   RO          858    CL$$btod_d2e_norm_op1  c_w.l(btod.o)
    0x00001380   0x00001380   0x00000338   Code   RO          867    CL$$btod_div_common  c_w.l(btod.o)
    0x000016b8   0x000016b8   0x000000dc   Code   RO          864    CL$$btod_e2e        c_w.l(btod.o)
    0x00001794   0x00001794   0x0000002a   Code   RO          861    CL$$btod_ediv       c_w.l(btod.o)
    0x000017be   0x000017be   0x0000002a   Code   RO          860    CL$$btod_emul       c_w.l(btod.o)
    0x000017e8   0x000017e8   0x00000244   Code   RO          866    CL$$btod_mult_common  c_w.l(btod.o)
    0x00001a2c   0x00001a2c   0x0000004c   Code   RO          431    i.GPIO_IRQHandler   main.o
    0x00001a78   0x00001a78   0x000002d4   Code   RO          643    i.SystemCoreClockUpdate  system_lpc407x_8x_177x_8x.o
    0x00001d4c   0x00001d4c   0x000000f0   Code   RO          644    i.SystemInit        system_lpc407x_8x_177x_8x.o
    0x00001e3c   0x00001e3c   0x000001f8   Code   RO          645    i.SystemInit_ExtMemCtl  system_lpc407x_8x_177x_8x.o
    0x00002034   0x00002034   0x0000009c   Code   RO          432    i.TIMER0_IRQHandler  main.o
    0x000020d0   0x000020d0   0x0000003c   Code   RO          498    i.TIM_Waitms        sdram.o
    0x0000210c   0x0000210c   0x0000002c   Code   RO          646    i._DelayMs          system_lpc407x_8x_177x_8x.o
    0x00002138   0x00002138   0x00000030   Code   RO          893    i.__ARM_fpclassify  m_wm.l(fpclassify.o)
    0x00002168   0x00002168   0x0000001c   Code   RO          433    i.__NVIC_ClearPendingIRQ  main.o
    0x00002184   0x00002184   0x00000022   Code   RO          434    i.__NVIC_EnableIRQ  main.o
    0x000021a6   0x000021a6   0x00000002   PAD
    0x000021a8   0x000021a8   0x00000028   Code   RO          435    i.__NVIC_SetPriority  main.o
    0x000021d0   0x000021d0   0x0000000e   Code   RO          719    i._is_digit         c_w.l(__printf_wp.o)
    0x000021de   0x000021de   0x00000002   PAD
    0x000021e0   0x000021e0   0x00000058   Code   RO          499    i.adjust_timing     sdram.o
    0x00002238   0x00002238   0x00000048   Code   RO          500    i.calibration       sdram.o
    0x00002280   0x00002280   0x00000014   Code   RO          107    i.ferror            glcd.o
    0x00002294   0x00002294   0x00000084   Code   RO          501    i.find_cmddly       sdram.o
    0x00002318   0x00002318   0x00000084   Code   RO          502    i.find_fbclkdly     sdram.o
    0x0000239c   0x0000239c   0x00000050   Code   RO          647    i.fpu_init          system_lpc407x_8x_177x_8x.o
    0x000023ec   0x000023ec   0x00000170   Code   RO          109    i.fputc             glcd.o
    0x0000255c   0x0000255c   0x00000018   Code   RO          111    i.glcd_borrar       glcd.o
    0x00002574   0x00002574   0x00000118   Code   RO          112    i.glcd_caracter     glcd.o
    0x0000268c   0x0000268c   0x00000058   Code   RO          116    i.glcd_desplazar    glcd.o
    0x000026e4   0x000026e4   0x00000044   Code   RO          118    i.glcd_i2c0_inicializar  glcd.o
    0x00002728   0x00002728   0x00000034   Code   RO          119    i.glcd_i2c0_start   glcd.o
    0x0000275c   0x0000275c   0x00000020   Code   RO          120    i.glcd_i2c0_stop    glcd.o
    0x0000277c   0x0000277c   0x00000032   Code   RO          121    i.glcd_i2c0_transmitir_buffer  glcd.o
    0x000027ae   0x000027ae   0x00000002   PAD
    0x000027b0   0x000027b0   0x00000024   Code   RO          122    i.glcd_i2c0_transmitir_byte  glcd.o
    0x000027d4   0x000027d4   0x00000394   Code   RO          123    i.glcd_inicializar  glcd.o
    0x00002b68   0x00002b68   0x000000cc   Code   RO          130    i.glcd_texto        glcd.o
    0x00002c34   0x00002c34   0x00000058   Code   RO          131    i.glcd_timer0_retardo_ms  glcd.o
    0x00002c8c   0x00002c8c   0x00000090   Code   RO          132    i.glcd_xprintf      glcd.o
    0x00002d1c   0x00002d1c   0x000000d8   Code   RO          301    i.gpio_ajustar_dir  gpio_lpc40xx.o
    0x00002df4   0x00002df4   0x00000010   Code   RO          335    i.gpio_leer_pin     joystick.o
    0x00002e04   0x00002e04   0x00000004   Code   RO          373    i.gpio_pin_a_1      leds.o
    0x00002e08   0x00002e08   0x0000005c   Code   RO          375    i.led_apagar        leds.o
    0x00002e64   0x00002e64   0x0000005c   Code   RO          376    i.led_encender      leds.o
    0x00002ec0   0x00002ec0   0x00000038   Code   RO          378    i.leds_inicializar  leds.o
    0x00002ef8   0x00002ef8   0x0000005c   Code   RO          336    i.leer_joystick     joystick.o
    0x00002f54   0x00002f54   0x000000d8   Code   RO          436    i.main              main.o
    0x0000302c   0x0000302c   0x000000cc   Code   RO            4    i.parar_con_error   error.o
    0x000030f8   0x000030f8   0x0000040a   Code   RO          503    i.pinConfig         sdram.o
    0x00003502   0x00003502   0x00000002   PAD
    0x00003504   0x00003504   0x000000e4   Code   RO          504    i.sdram_inicializar  sdram.o
    0x000035e8   0x000035e8   0x0000005c   Code   RO          505    i.sdram_test        sdram.o
    0x00003644   0x00003644   0x000000b0   Code   RO          561    i.timer_inicializar  timer_lpc40xx.o
    0x000036f4   0x000036f4   0x000000b8   Code   RO          562    i.timer_iniciar_ciclos_ms  timer_lpc40xx.o
    0x000037ac   0x000037ac   0x0000002c   Code   RO          880    locale$$code        c_w.l(lc_numeric_c.o)
    0x000037d8   0x000037d8   0x0000002c   Code   RO          901    locale$$code        c_w.l(lc_ctype_c.o)
    0x00003804   0x00003804   0x0000000a   Code   RO          959    x$fpl$fpinit        fz_wm.l(fpinit.o)
    0x0000380e   0x0000380e   0x00000004   Code   RO          814    x$fpl$printf1       fz_wm.l(printf1.o)
    0x00003812   0x00003812   0x00000000   Code   RO          892    x$fpl$usenofp       fz_wm.l(usenofp.o)
    0x00003812   0x00003812   0x00000002   PAD
    0x00003814   0x00003814   0x00000e14   Data   RO           76    .constdata          font_8x16.o
    0x00004628   0x00004628   0x00002a14   Data   RO           85    .constdata          font_12x24.o
    0x0000703c   0x0000703c   0x00003814   Data   RO           94    .constdata          font_16x32.o
    0x0000a850   0x0000a850   0x0000002f   Data   RO          134    .constdata          glcd.o
    0x0000a87f   0x0000a87f   0x00000022   Data   RO          303    .constdata          gpio_lpc40xx.o
    0x0000a8a1   0x0000a8a1   0x00000003   PAD
    0x0000a8a4   0x0000a8a4   0x00000051   Data   RO          379    .constdata          leds.o
    0x0000a8f5   0x0000a8f5   0x000000b7   Data   RO          569    .constdata          timer_lpc40xx.o
    0x0000a9ac   0x0000a9ac   0x00000011   Data   RO          727    .constdata          c_w.l(__printf_flags_ss_wp.o)
    0x0000a9bd   0x0000a9bd   0x00000003   PAD
    0x0000a9c0   0x0000a9c0   0x00000008   Data   RO          758    .constdata          c_w.l(_printf_wctomb.o)
    0x0000a9c8   0x0000a9c8   0x00000028   Data   RO          787    .constdata          c_w.l(_printf_hex_int_ll_ptr.o)
    0x0000a9f0   0x0000a9f0   0x00000094   Data   RO          855    .constdata          c_w.l(bigflt0.o)
    0x0000aa84   0x0000aa84   0x00000020   Data   RO         1025    Region$$Table       anon$$obj.o
    0x0000aaa4   0x0000aaa4   0x0000001c   Data   RO          879    locale$$data        c_w.l(lc_numeric_c.o)
    0x0000aac0   0x0000aac0   0x00000110   Data   RO          900    locale$$data        c_w.l(lc_ctype_c.o)


    Execution Region RW_IRAM1 (Exec base: 0x10000000, Load base: 0x0000abd0, Size: 0x000004b0, Max: 0x00010000, ABSOLUTE)

    Exec Addr    Load Addr    Size         Type   Attr      Idx    E Section Name        Object

    0x10000000   0x0000abd0   0x0000002c   Data   RW          135    .data               glcd.o
    0x1000002c   0x0000abfc   0x0000000c   Data   RW          437    .data               main.o
    0x10000038   0x0000ac08   0x00000008   Data   RW          506    .data               sdram.o
    0x10000040   0x0000ac10   0x00000010   Data   RW          648    .data               system_lpc407x_8x_177x_8x.o
    0x10000050        -       0x00000060   Zero   RW          896    .bss                c_w.l(libspace.o)
    0x100000b0        -       0x00000000   Zero   RW          631    HEAP                startup_lpc407x_8x_177x_8x.o
    0x100000b0        -       0x00000400   Zero   RW          630    STACK               startup_lpc407x_8x_177x_8x.o


==============================================================================

Image component sizes


      Code (inc. data)   RO Data    RW Data    ZI Data      Debug   Object Name

       204         54          0          0          0      35506   error.o
         0          0      10772          0          0        502   font_12x24.o
         0          0      14356          0          0        502   font_16x32.o
         0          0       3604          0          0        500   font_8x16.o
      2374        256         47         44          0      13503   glcd.o
       216         86         34          0          0       1710   gpio_lpc40xx.o
       108          6          0          0          0       2780   joystick.o
       244        104         81          0          0       5612   leds.o
       550         84          0         12          0      33348   main.o
      1838         76          0          8          0       5548   sdram.o
        64         26        228          0       1024       1108   startup_lpc407x_8x_177x_8x.o
      1592        104          0         16          0       8727   system_lpc407x_8x_177x_8x.o
       360        144        183          0          0       5325   timer_lpc40xx.o

    ----------------------------------------------------------------------
      7556        940      29340         80       1024     114671   Object Totals
         0          0         32          0          0          0   (incl. Generated)
         6          0          3          0          0          0   (incl. Padding)

    ----------------------------------------------------------------------

      Code (inc. data)   RO Data    RW Data    ZI Data      Debug   Library Member Name

        56          6          0          0          0         88   __2snprintf.o
         8          0          0          0          0         68   __main.o
       392          4         17          0          0         92   __printf_flags_ss_wp.o
        14          0          0          0          0         68   __printf_wp.o
         0          0          0          0          0          0   __rtentry.o
        12          0          0          0          0          0   __rtentry2.o
         6          0          0          0          0          0   __rtentry4.o
        52          8          0          0          0          0   __scatter.o
        26          0          0          0          0          0   __scatter_copy.o
        28          0          0          0          0          0   __scatter_zi.o
         6          0          0          0          0          0   _printf_a.o
         6          0          0          0          0          0   _printf_c.o
        44          0          0          0          0        108   _printf_char.o
        48          6          0          0          0         96   _printf_char_common.o
        36          4          0          0          0         80   _printf_char_file.o
        40          0          0          0          0         68   _printf_charcount.o
         6          0          0          0          0          0   _printf_d.o
       120         16          0          0          0         92   _printf_dec.o
         6          0          0          0          0          0   _printf_e.o
         6          0          0          0          0          0   _printf_f.o
      1054          0          0          0          0        216   _printf_fp_dec.o
       128         16          0          0          0         84   _printf_fp_infnan.o
         6          0          0          0          0          0   _printf_g.o
       148          4         40          0          0        160   _printf_hex_int_ll_ptr.o
         6          0          0          0          0          0   _printf_i.o
       178          0          0          0          0         88   _printf_intcommon.o
        10          0          0          0          0          0   _printf_l.o
         6          0          0          0          0          0   _printf_lc.o
        10          0          0          0          0          0   _printf_ll.o
         6          0          0          0          0          0   _printf_lld.o
         6          0          0          0          0          0   _printf_lli.o
         6          0          0          0          0          0   _printf_llo.o
         6          0          0          0          0          0   _printf_llu.o
         6          0          0          0          0          0   _printf_llx.o
       124         16          0          0          0         92   _printf_longlong_dec.o
         6          0          0          0          0          0   _printf_ls.o
         6          0          0          0          0          0   _printf_n.o
         6          0          0          0          0          0   _printf_o.o
       112         10          0          0          0        124   _printf_oct_int_ll.o
         6          0          0          0          0          0   _printf_p.o
        78          0          0          0          0        108   _printf_pad.o
         0          0          0          0          0          0   _printf_percent.o
         4          0          0          0          0          0   _printf_percent_end.o
         6          0          0          0          0          0   _printf_s.o
        82          0          0          0          0         80   _printf_str.o
        36          0          0          0          0         84   _printf_truncate.o
         6          0          0          0          0          0   _printf_u.o
        44          0          0          0          0        108   _printf_wchar.o
       188          6          8          0          0         92   _printf_wctomb.o
         6          0          0          0          0          0   _printf_x.o
        16          0          0          0          0         68   _snputc.o
        10          0          0          0          0         68   _sputc.o
        64          0          0          0          0         92   _wcrtomb.o
       228          4        148          0          0         96   bigflt0.o
      1936        128          0          0          0        672   btod.o
        12          4          0          0          0         68   c89vprintf.o
        18          0          0          0          0         80   exit.o
         6          0          0          0          0        152   heapauxi.o
        44         10        272          0          0         76   lc_ctype_c.o
        44         10         28          0          0         76   lc_numeric_c.o
         2          0          0          0          0          0   libinit.o
        34          0          0          0          0          0   libinit2.o
         2          0          0          0          0          0   libshutdown.o
         2          0          0          0          0          0   libshutdown2.o
         8          4          0          0         96         68   libspace.o
       138          0          0          0          0         80   lludiv10.o
        16          4          0          0          0         76   rt_ctype_table.o
         8          4          0          0          0         68   rt_locale_intlibspace.o
       138          0          0          0          0         68   rt_memcpy_v6.o
       100          0          0          0          0         80   rt_memcpy_w.o
       132          0          0          0          0         68   rt_memmove_v6.o
       122          0          0          0          0         80   rt_memmove_w.o
         2          0          0          0          0          0   rtexit.o
        10          0          0          0          0          0   rtexit2.o
       128          0          0          0          0         68   strcmpv7m.o
        74          0          0          0          0         80   sys_stackheap_outer.o
         2          0          0          0          0         68   use_no_semi.o
        10          0          0          0          0        116   fpinit.o
         4          0          0          0          0        116   printf1.o
         0          0          0          0          0          0   usenofp.o
        48          0          0          0          0        124   fpclassify.o

    ----------------------------------------------------------------------
      6572        264        516          0         96       4604   Library Totals
        16          0          3          0          0          0   (incl. Padding)

    ----------------------------------------------------------------------

      Code (inc. data)   RO Data    RW Data    ZI Data      Debug   Library Name

      6494        264        513          0         96       4248   c_w.l
        14          0          0          0          0        232   fz_wm.l
        48          0          0          0          0        124   m_wm.l

    ----------------------------------------------------------------------
      6572        264        516          0         96       4604   Library Totals

    ----------------------------------------------------------------------

==============================================================================


      Code (inc. data)   RO Data    RW Data    ZI Data      Debug   

     14128       1204      29856         80       1120     112735   Grand Totals
     14128       1204      29856         80       1120     112735   ELF Image Totals
     14128       1204      29856         80          0          0   ROM Totals

==============================================================================

    Total RO  Size (Code + RO Data)                43984 (  42.95kB)
    Total RW  Size (RW Data + ZI Data)              1200 (   1.17kB)
    Total ROM Size (Code + RO Data + RW Data)      44064 (  43.03kB)

==============================================================================

