<!doctype html public "-//w3c//dtd html 4.0 transitional//en">
<html><head>
<title>Static Call Graph - [.\Objects\proyecto.axf]</title></head>
<body><HR>
<H1>Static Call Graph for image .\Objects\proyecto.axf</H1><HR>
<BR><P>#&#060CALLGRAPH&#062# ARM Linker, 5060960: Last Updated: Thu May 02 10:51:36 2024
<BR><P>
<H3>Maximum Stack Usage =        384 bytes + Unknown(Functions without stacksize, Cycles, Untraceable Function Pointers)</H3><H3>
Call chain for Maximum Stack Depth:</H3>
__rt_entry_main &rArr; main &rArr; uart_inicializar &rArr; iocon_configurar_pin &rArr; parar_con_error &rArr; __2snprintf &rArr; _printf_char_common &rArr; __printf
<P>
<H3>
Functions with no stack information
</H3><UL>
 <LI><a href="#[5a]">__user_initial_stackheap</a>
</UL>
</UL>
<P>
<H3>
Mutually Recursive functions
</H3> <LI><a href="#[4]">NMI_Handler</a>&nbsp;&nbsp;&nbsp;&rArr;&nbsp;&nbsp;&nbsp;<a href="#[4]">NMI_Handler</a><BR>
 <LI><a href="#[5]">HardFault_Handler</a>&nbsp;&nbsp;&nbsp;&rArr;&nbsp;&nbsp;&nbsp;<a href="#[5]">HardFault_Handler</a><BR>
 <LI><a href="#[6]">MemManage_Handler</a>&nbsp;&nbsp;&nbsp;&rArr;&nbsp;&nbsp;&nbsp;<a href="#[6]">MemManage_Handler</a><BR>
 <LI><a href="#[7]">BusFault_Handler</a>&nbsp;&nbsp;&nbsp;&rArr;&nbsp;&nbsp;&nbsp;<a href="#[7]">BusFault_Handler</a><BR>
 <LI><a href="#[8]">UsageFault_Handler</a>&nbsp;&nbsp;&nbsp;&rArr;&nbsp;&nbsp;&nbsp;<a href="#[8]">UsageFault_Handler</a><BR>
 <LI><a href="#[9]">SVC_Handler</a>&nbsp;&nbsp;&nbsp;&rArr;&nbsp;&nbsp;&nbsp;<a href="#[9]">SVC_Handler</a><BR>
 <LI><a href="#[a]">DebugMon_Handler</a>&nbsp;&nbsp;&nbsp;&rArr;&nbsp;&nbsp;&nbsp;<a href="#[a]">DebugMon_Handler</a><BR>
 <LI><a href="#[b]">PendSV_Handler</a>&nbsp;&nbsp;&nbsp;&rArr;&nbsp;&nbsp;&nbsp;<a href="#[b]">PendSV_Handler</a><BR>
 <LI><a href="#[c]">SysTick_Handler</a>&nbsp;&nbsp;&nbsp;&rArr;&nbsp;&nbsp;&nbsp;<a href="#[c]">SysTick_Handler</a><BR>
 <LI><a href="#[22]">ADC_IRQHandler</a>&nbsp;&nbsp;&nbsp;&rArr;&nbsp;&nbsp;&nbsp;<a href="#[22]">ADC_IRQHandler</a><BR>
 <LI><a href="#[65]">glcd_caracter</a>&nbsp;&nbsp;&nbsp;&rArr;&nbsp;&nbsp;&nbsp;<a href="#[66]">parar_con_error</a><BR>
 <LI><a href="#[70]">glcd_texto</a>&nbsp;&nbsp;&nbsp;&rArr;&nbsp;&nbsp;&nbsp;<a href="#[66]">parar_con_error</a><BR>
</UL>
<P>
<H3>
Function Pointers
</H3><UL>
 <LI><a href="#[22]">ADC_IRQHandler</a> from startup_lpc407x_8x_177x_8x.o(.text) referenced from startup_lpc407x_8x_177x_8x.o(RESET)
 <LI><a href="#[23]">BOD_IRQHandler</a> from startup_lpc407x_8x_177x_8x.o(.text) referenced from startup_lpc407x_8x_177x_8x.o(RESET)
 <LI><a href="#[7]">BusFault_Handler</a> from startup_lpc407x_8x_177x_8x.o(.text) referenced from startup_lpc407x_8x_177x_8x.o(RESET)
 <LI><a href="#[2e]">CANActivity_IRQHandler</a> from startup_lpc407x_8x_177x_8x.o(.text) referenced from startup_lpc407x_8x_177x_8x.o(RESET)
 <LI><a href="#[25]">CAN_IRQHandler</a> from startup_lpc407x_8x_177x_8x.o(.text) referenced from startup_lpc407x_8x_177x_8x.o(RESET)
 <LI><a href="#[26]">DMA_IRQHandler</a> from startup_lpc407x_8x_177x_8x.o(.text) referenced from startup_lpc407x_8x_177x_8x.o(RESET)
 <LI><a href="#[a]">DebugMon_Handler</a> from startup_lpc407x_8x_177x_8x.o(.text) referenced from startup_lpc407x_8x_177x_8x.o(RESET)
 <LI><a href="#[34]">EEPROM_IRQHandler</a> from startup_lpc407x_8x_177x_8x.o(.text) referenced from startup_lpc407x_8x_177x_8x.o(RESET)
 <LI><a href="#[1e]">EINT0_IRQHandler</a> from startup_lpc407x_8x_177x_8x.o(.text) referenced from startup_lpc407x_8x_177x_8x.o(RESET)
 <LI><a href="#[1f]">EINT1_IRQHandler</a> from startup_lpc407x_8x_177x_8x.o(.text) referenced from startup_lpc407x_8x_177x_8x.o(RESET)
 <LI><a href="#[20]">EINT2_IRQHandler</a> from startup_lpc407x_8x_177x_8x.o(.text) referenced from startup_lpc407x_8x_177x_8x.o(RESET)
 <LI><a href="#[21]">EINT3_IRQHandler</a> from startup_lpc407x_8x_177x_8x.o(.text) referenced from startup_lpc407x_8x_177x_8x.o(RESET)
 <LI><a href="#[28]">ENET_IRQHandler</a> from startup_lpc407x_8x_177x_8x.o(.text) referenced from startup_lpc407x_8x_177x_8x.o(RESET)
 <LI><a href="#[32]">GPIO_IRQHandler</a> from startup_lpc407x_8x_177x_8x.o(.text) referenced from startup_lpc407x_8x_177x_8x.o(RESET)
 <LI><a href="#[5]">HardFault_Handler</a> from startup_lpc407x_8x_177x_8x.o(.text) referenced from startup_lpc407x_8x_177x_8x.o(RESET)
 <LI><a href="#[17]">I2C0_IRQHandler</a> from startup_lpc407x_8x_177x_8x.o(.text) referenced from startup_lpc407x_8x_177x_8x.o(RESET)
 <LI><a href="#[18]">I2C1_IRQHandler</a> from startup_lpc407x_8x_177x_8x.o(.text) referenced from startup_lpc407x_8x_177x_8x.o(RESET)
 <LI><a href="#[19]">I2C2_IRQHandler</a> from startup_lpc407x_8x_177x_8x.o(.text) referenced from startup_lpc407x_8x_177x_8x.o(RESET)
 <LI><a href="#[27]">I2S_IRQHandler</a> from startup_lpc407x_8x_177x_8x.o(.text) referenced from startup_lpc407x_8x_177x_8x.o(RESET)
 <LI><a href="#[31]">LCD_IRQHandler</a> from startup_lpc407x_8x_177x_8x.o(.text) referenced from startup_lpc407x_8x_177x_8x.o(RESET)
 <LI><a href="#[29]">MCI_IRQHandler</a> from startup_lpc407x_8x_177x_8x.o(.text) referenced from startup_lpc407x_8x_177x_8x.o(RESET)
 <LI><a href="#[2a]">MCPWM_IRQHandler</a> from startup_lpc407x_8x_177x_8x.o(.text) referenced from startup_lpc407x_8x_177x_8x.o(RESET)
 <LI><a href="#[6]">MemManage_Handler</a> from startup_lpc407x_8x_177x_8x.o(.text) referenced from startup_lpc407x_8x_177x_8x.o(RESET)
 <LI><a href="#[4]">NMI_Handler</a> from startup_lpc407x_8x_177x_8x.o(.text) referenced from startup_lpc407x_8x_177x_8x.o(RESET)
 <LI><a href="#[1c]">PLL0_IRQHandler</a> from startup_lpc407x_8x_177x_8x.o(.text) referenced from startup_lpc407x_8x_177x_8x.o(RESET)
 <LI><a href="#[2c]">PLL1_IRQHandler</a> from startup_lpc407x_8x_177x_8x.o(.text) referenced from startup_lpc407x_8x_177x_8x.o(RESET)
 <LI><a href="#[33]">PWM0_IRQHandler</a> from startup_lpc407x_8x_177x_8x.o(.text) referenced from startup_lpc407x_8x_177x_8x.o(RESET)
 <LI><a href="#[16]">PWM1_IRQHandler</a> from startup_lpc407x_8x_177x_8x.o(.text) referenced from startup_lpc407x_8x_177x_8x.o(RESET)
 <LI><a href="#[b]">PendSV_Handler</a> from startup_lpc407x_8x_177x_8x.o(.text) referenced from startup_lpc407x_8x_177x_8x.o(RESET)
 <LI><a href="#[2b]">QEI_IRQHandler</a> from startup_lpc407x_8x_177x_8x.o(.text) referenced from startup_lpc407x_8x_177x_8x.o(RESET)
 <LI><a href="#[1d]">RTC_IRQHandler</a> from startup_lpc407x_8x_177x_8x.o(.text) referenced from startup_lpc407x_8x_177x_8x.o(RESET)
 <LI><a href="#[3]">Reset_Handler</a> from startup_lpc407x_8x_177x_8x.o(.text) referenced from startup_lpc407x_8x_177x_8x.o(RESET)
 <LI><a href="#[1a]">SSP0_IRQHandler</a> from startup_lpc407x_8x_177x_8x.o(.text) referenced from startup_lpc407x_8x_177x_8x.o(RESET)
 <LI><a href="#[1b]">SSP1_IRQHandler</a> from startup_lpc407x_8x_177x_8x.o(.text) referenced from startup_lpc407x_8x_177x_8x.o(RESET)
 <LI><a href="#[30]">SSP2_IRQHandler</a> from startup_lpc407x_8x_177x_8x.o(.text) referenced from startup_lpc407x_8x_177x_8x.o(RESET)
 <LI><a href="#[9]">SVC_Handler</a> from startup_lpc407x_8x_177x_8x.o(.text) referenced from startup_lpc407x_8x_177x_8x.o(RESET)
 <LI><a href="#[c]">SysTick_Handler</a> from startup_lpc407x_8x_177x_8x.o(.text) referenced from startup_lpc407x_8x_177x_8x.o(RESET)
 <LI><a href="#[35]">SystemInit</a> from system_lpc407x_8x_177x_8x.o(i.SystemInit) referenced from startup_lpc407x_8x_177x_8x.o(.text)
 <LI><a href="#[e]">TIMER0_IRQHandler</a> from startup_lpc407x_8x_177x_8x.o(.text) referenced from startup_lpc407x_8x_177x_8x.o(RESET)
 <LI><a href="#[f]">TIMER1_IRQHandler</a> from startup_lpc407x_8x_177x_8x.o(.text) referenced from startup_lpc407x_8x_177x_8x.o(RESET)
 <LI><a href="#[10]">TIMER2_IRQHandler</a> from startup_lpc407x_8x_177x_8x.o(.text) referenced from startup_lpc407x_8x_177x_8x.o(RESET)
 <LI><a href="#[11]">TIMER3_IRQHandler</a> from sonido.o(i.TIMER3_IRQHandler) referenced from startup_lpc407x_8x_177x_8x.o(RESET)
 <LI><a href="#[12]">UART0_IRQHandler</a> from startup_lpc407x_8x_177x_8x.o(.text) referenced from startup_lpc407x_8x_177x_8x.o(RESET)
 <LI><a href="#[13]">UART1_IRQHandler</a> from startup_lpc407x_8x_177x_8x.o(.text) referenced from startup_lpc407x_8x_177x_8x.o(RESET)
 <LI><a href="#[14]">UART2_IRQHandler</a> from startup_lpc407x_8x_177x_8x.o(.text) referenced from startup_lpc407x_8x_177x_8x.o(RESET)
 <LI><a href="#[15]">UART3_IRQHandler</a> from startup_lpc407x_8x_177x_8x.o(.text) referenced from startup_lpc407x_8x_177x_8x.o(RESET)
 <LI><a href="#[2f]">UART4_IRQHandler</a> from startup_lpc407x_8x_177x_8x.o(.text) referenced from startup_lpc407x_8x_177x_8x.o(RESET)
 <LI><a href="#[2d]">USBActivity_IRQHandler</a> from startup_lpc407x_8x_177x_8x.o(.text) referenced from startup_lpc407x_8x_177x_8x.o(RESET)
 <LI><a href="#[24]">USB_IRQHandler</a> from startup_lpc407x_8x_177x_8x.o(.text) referenced from startup_lpc407x_8x_177x_8x.o(RESET)
 <LI><a href="#[8]">UsageFault_Handler</a> from startup_lpc407x_8x_177x_8x.o(.text) referenced from startup_lpc407x_8x_177x_8x.o(RESET)
 <LI><a href="#[d]">WDT_IRQHandler</a> from startup_lpc407x_8x_177x_8x.o(.text) referenced from startup_lpc407x_8x_177x_8x.o(RESET)
 <LI><a href="#[39]">__main</a> from __main.o(!!!main) referenced from startup_lpc407x_8x_177x_8x.o(.text)
 <LI><a href="#[38]">_printf_input_char</a> from _printf_char_common.o(.text) referenced from _printf_char_common.o(.text)
 <LI><a href="#[37]">_snputc</a> from _snputc.o(.text) referenced from __2snprintf.o(.text)
</UL>
<P>
<H3>
Global Symbols
</H3>
<P><STRONG><a name="[39]"></a>__main</STRONG> (Thumb, 8 bytes, Stack size 0 bytes, __main.o(!!!main))
<BR><BR>[Calls]<UL><LI><a href="#[3b]">&gt;&gt;</a>&nbsp;&nbsp;&nbsp;__rt_entry
<LI><a href="#[3a]">&gt;&gt;</a>&nbsp;&nbsp;&nbsp;__scatterload
</UL>

<P><STRONG><a name="[3a]"></a>__scatterload</STRONG> (Thumb, 0 bytes, Stack size unknown bytes, __scatter.o(!!!scatter))
<BR><BR>[Called By]<UL><LI><a href="#[39]">&gt;&gt;</a>&nbsp;&nbsp;&nbsp;__main
</UL>

<P><STRONG><a name="[3c]"></a>__scatterload_rt2</STRONG> (Thumb, 44 bytes, Stack size unknown bytes, __scatter.o(!!!scatter), UNUSED)
<BR><BR>[Calls]<UL><LI><a href="#[3b]">&gt;&gt;</a>&nbsp;&nbsp;&nbsp;__rt_entry
</UL>

<P><STRONG><a name="[87]"></a>__scatterload_rt2_thumb_only</STRONG> (Thumb, 0 bytes, Stack size unknown bytes, __scatter.o(!!!scatter), UNUSED)

<P><STRONG><a name="[88]"></a>__scatterload_null</STRONG> (Thumb, 0 bytes, Stack size unknown bytes, __scatter.o(!!!scatter), UNUSED)

<P><STRONG><a name="[3d]"></a>__scatterload_copy</STRONG> (Thumb, 26 bytes, Stack size unknown bytes, __scatter_copy.o(!!handler_copy), UNUSED)
<BR><BR>[Calls]<UL><LI><a href="#[3d]">&gt;&gt;</a>&nbsp;&nbsp;&nbsp;__scatterload_copy
</UL>
<BR>[Called By]<UL><LI><a href="#[3d]">&gt;&gt;</a>&nbsp;&nbsp;&nbsp;__scatterload_copy
</UL>

<P><STRONG><a name="[89]"></a>__scatterload_zeroinit</STRONG> (Thumb, 28 bytes, Stack size unknown bytes, __scatter_zi.o(!!handler_zi), UNUSED)

<P><STRONG><a name="[55]"></a>_printf_percent</STRONG> (Thumb, 0 bytes, Stack size unknown bytes, _printf_percent.o(.ARM.Collect$$_printf_percent$$00000000))
<BR><BR>[Called By]<UL><LI><a href="#[53]">&gt;&gt;</a>&nbsp;&nbsp;&nbsp;__printf
</UL>

<P><STRONG><a name="[3e]"></a>_printf_u</STRONG> (Thumb, 0 bytes, Stack size unknown bytes, _printf_u.o(.ARM.Collect$$_printf_percent$$0000000A))
<BR><BR>[Stack]<UL><LI>Max Depth = 56 + Unknown Stack Size
<LI>Call Chain = _printf_u &rArr; _printf_int_dec &rArr; _printf_int_common
</UL>
<BR>[Calls]<UL><LI><a href="#[3f]">&gt;&gt;</a>&nbsp;&nbsp;&nbsp;_printf_int_dec
</UL>

<P><STRONG><a name="[40]"></a>_printf_s</STRONG> (Thumb, 0 bytes, Stack size unknown bytes, _printf_s.o(.ARM.Collect$$_printf_percent$$00000014))
<BR><BR>[Stack]<UL><LI>Max Depth = 24 + Unknown Stack Size
<LI>Call Chain = _printf_s &rArr; _printf_string &rArr; _printf_cs_common &rArr; _printf_str
</UL>
<BR>[Calls]<UL><LI><a href="#[41]">&gt;&gt;</a>&nbsp;&nbsp;&nbsp;_printf_string
</UL>

<P><STRONG><a name="[8a]"></a>_printf_percent_end</STRONG> (Thumb, 0 bytes, Stack size unknown bytes, _printf_percent_end.o(.ARM.Collect$$_printf_percent$$00000017))

<P><STRONG><a name="[47]"></a>__rt_lib_init</STRONG> (Thumb, 0 bytes, Stack size unknown bytes, libinit.o(.ARM.Collect$$libinit$$00000000))
<BR><BR>[Called By]<UL><LI><a href="#[46]">&gt;&gt;</a>&nbsp;&nbsp;&nbsp;__rt_entry_li
</UL>

<P><STRONG><a name="[42]"></a>__rt_lib_init_fp_1</STRONG> (Thumb, 0 bytes, Stack size unknown bytes, libinit2.o(.ARM.Collect$$libinit$$00000001))
<BR><BR>[Calls]<UL><LI><a href="#[43]">&gt;&gt;</a>&nbsp;&nbsp;&nbsp;_fp_init
</UL>

<P><STRONG><a name="[8b]"></a>__rt_lib_init_alloca_1</STRONG> (Thumb, 0 bytes, Stack size unknown bytes, libinit2.o(.ARM.Collect$$libinit$$0000002E))

<P><STRONG><a name="[8c]"></a>__rt_lib_init_argv_1</STRONG> (Thumb, 0 bytes, Stack size unknown bytes, libinit2.o(.ARM.Collect$$libinit$$0000002C))

<P><STRONG><a name="[8d]"></a>__rt_lib_init_atexit_1</STRONG> (Thumb, 0 bytes, Stack size unknown bytes, libinit2.o(.ARM.Collect$$libinit$$0000001B))

<P><STRONG><a name="[8e]"></a>__rt_lib_init_clock_1</STRONG> (Thumb, 0 bytes, Stack size unknown bytes, libinit2.o(.ARM.Collect$$libinit$$00000021))

<P><STRONG><a name="[8f]"></a>__rt_lib_init_cpp_1</STRONG> (Thumb, 0 bytes, Stack size unknown bytes, libinit2.o(.ARM.Collect$$libinit$$00000032))

<P><STRONG><a name="[90]"></a>__rt_lib_init_exceptions_1</STRONG> (Thumb, 0 bytes, Stack size unknown bytes, libinit2.o(.ARM.Collect$$libinit$$00000030))

<P><STRONG><a name="[91]"></a>__rt_lib_init_fp_trap_1</STRONG> (Thumb, 0 bytes, Stack size unknown bytes, libinit2.o(.ARM.Collect$$libinit$$0000001F))

<P><STRONG><a name="[92]"></a>__rt_lib_init_getenv_1</STRONG> (Thumb, 0 bytes, Stack size unknown bytes, libinit2.o(.ARM.Collect$$libinit$$00000023))

<P><STRONG><a name="[93]"></a>__rt_lib_init_heap_1</STRONG> (Thumb, 0 bytes, Stack size unknown bytes, libinit2.o(.ARM.Collect$$libinit$$0000000A))

<P><STRONG><a name="[94]"></a>__rt_lib_init_lc_collate_1</STRONG> (Thumb, 0 bytes, Stack size unknown bytes, libinit2.o(.ARM.Collect$$libinit$$00000011))

<P><STRONG><a name="[95]"></a>__rt_lib_init_lc_ctype_1</STRONG> (Thumb, 0 bytes, Stack size unknown bytes, libinit2.o(.ARM.Collect$$libinit$$00000013))

<P><STRONG><a name="[96]"></a>__rt_lib_init_lc_monetary_1</STRONG> (Thumb, 0 bytes, Stack size unknown bytes, libinit2.o(.ARM.Collect$$libinit$$00000015))

<P><STRONG><a name="[97]"></a>__rt_lib_init_lc_numeric_1</STRONG> (Thumb, 0 bytes, Stack size unknown bytes, libinit2.o(.ARM.Collect$$libinit$$00000017))

<P><STRONG><a name="[98]"></a>__rt_lib_init_lc_time_1</STRONG> (Thumb, 0 bytes, Stack size unknown bytes, libinit2.o(.ARM.Collect$$libinit$$00000019))

<P><STRONG><a name="[99]"></a>__rt_lib_init_preinit_1</STRONG> (Thumb, 0 bytes, Stack size unknown bytes, libinit2.o(.ARM.Collect$$libinit$$00000004))

<P><STRONG><a name="[9a]"></a>__rt_lib_init_rand_1</STRONG> (Thumb, 0 bytes, Stack size unknown bytes, libinit2.o(.ARM.Collect$$libinit$$0000000E))

<P><STRONG><a name="[9b]"></a>__rt_lib_init_return</STRONG> (Thumb, 0 bytes, Stack size unknown bytes, libinit2.o(.ARM.Collect$$libinit$$00000033))

<P><STRONG><a name="[9c]"></a>__rt_lib_init_signal_1</STRONG> (Thumb, 0 bytes, Stack size unknown bytes, libinit2.o(.ARM.Collect$$libinit$$0000001D))

<P><STRONG><a name="[9d]"></a>__rt_lib_init_stdio_1</STRONG> (Thumb, 0 bytes, Stack size unknown bytes, libinit2.o(.ARM.Collect$$libinit$$00000025))

<P><STRONG><a name="[9e]"></a>__rt_lib_init_user_alloc_1</STRONG> (Thumb, 0 bytes, Stack size unknown bytes, libinit2.o(.ARM.Collect$$libinit$$0000000C))

<P><STRONG><a name="[4c]"></a>__rt_lib_shutdown</STRONG> (Thumb, 0 bytes, Stack size unknown bytes, libshutdown.o(.ARM.Collect$$libshutdown$$00000000))
<BR><BR>[Called By]<UL><LI><a href="#[4b]">&gt;&gt;</a>&nbsp;&nbsp;&nbsp;__rt_exit_ls
</UL>

<P><STRONG><a name="[9f]"></a>__rt_lib_shutdown_cpp_1</STRONG> (Thumb, 0 bytes, Stack size unknown bytes, libshutdown2.o(.ARM.Collect$$libshutdown$$00000004))

<P><STRONG><a name="[a0]"></a>__rt_lib_shutdown_fini_1</STRONG> (Thumb, 0 bytes, Stack size unknown bytes, libshutdown2.o(.ARM.Collect$$libshutdown$$00000002))

<P><STRONG><a name="[a1]"></a>__rt_lib_shutdown_fp_trap_1</STRONG> (Thumb, 0 bytes, Stack size unknown bytes, libshutdown2.o(.ARM.Collect$$libshutdown$$00000009))

<P><STRONG><a name="[a2]"></a>__rt_lib_shutdown_heap_1</STRONG> (Thumb, 0 bytes, Stack size unknown bytes, libshutdown2.o(.ARM.Collect$$libshutdown$$00000011))

<P><STRONG><a name="[a3]"></a>__rt_lib_shutdown_return</STRONG> (Thumb, 0 bytes, Stack size unknown bytes, libshutdown2.o(.ARM.Collect$$libshutdown$$00000012))

<P><STRONG><a name="[a4]"></a>__rt_lib_shutdown_signal_1</STRONG> (Thumb, 0 bytes, Stack size unknown bytes, libshutdown2.o(.ARM.Collect$$libshutdown$$0000000C))

<P><STRONG><a name="[a5]"></a>__rt_lib_shutdown_stdio_1</STRONG> (Thumb, 0 bytes, Stack size unknown bytes, libshutdown2.o(.ARM.Collect$$libshutdown$$00000006))

<P><STRONG><a name="[a6]"></a>__rt_lib_shutdown_user_alloc_1</STRONG> (Thumb, 0 bytes, Stack size unknown bytes, libshutdown2.o(.ARM.Collect$$libshutdown$$0000000E))

<P><STRONG><a name="[3b]"></a>__rt_entry</STRONG> (Thumb, 0 bytes, Stack size unknown bytes, __rtentry.o(.ARM.Collect$$rtentry$$00000000))
<BR><BR>[Called By]<UL><LI><a href="#[39]">&gt;&gt;</a>&nbsp;&nbsp;&nbsp;__main
<LI><a href="#[3c]">&gt;&gt;</a>&nbsp;&nbsp;&nbsp;__scatterload_rt2
</UL>

<P><STRONG><a name="[a7]"></a>__rt_entry_presh_1</STRONG> (Thumb, 0 bytes, Stack size unknown bytes, __rtentry2.o(.ARM.Collect$$rtentry$$00000002))

<P><STRONG><a name="[44]"></a>__rt_entry_sh</STRONG> (Thumb, 0 bytes, Stack size unknown bytes, __rtentry4.o(.ARM.Collect$$rtentry$$00000004))
<BR><BR>[Stack]<UL><LI>Max Depth = 8 + Unknown Stack Size
<LI>Call Chain = __rt_entry_sh &rArr; __user_setup_stackheap
</UL>
<BR>[Calls]<UL><LI><a href="#[45]">&gt;&gt;</a>&nbsp;&nbsp;&nbsp;__user_setup_stackheap
</UL>

<P><STRONG><a name="[46]"></a>__rt_entry_li</STRONG> (Thumb, 0 bytes, Stack size unknown bytes, __rtentry2.o(.ARM.Collect$$rtentry$$0000000A))
<BR><BR>[Calls]<UL><LI><a href="#[47]">&gt;&gt;</a>&nbsp;&nbsp;&nbsp;__rt_lib_init
</UL>

<P><STRONG><a name="[a8]"></a>__rt_entry_postsh_1</STRONG> (Thumb, 0 bytes, Stack size unknown bytes, __rtentry2.o(.ARM.Collect$$rtentry$$00000009))

<P><STRONG><a name="[48]"></a>__rt_entry_main</STRONG> (Thumb, 0 bytes, Stack size unknown bytes, __rtentry2.o(.ARM.Collect$$rtentry$$0000000D))
<BR><BR>[Stack]<UL><LI>Max Depth = 384 + Unknown Stack Size
<LI>Call Chain = __rt_entry_main &rArr; main &rArr; uart_inicializar &rArr; iocon_configurar_pin &rArr; parar_con_error &rArr; __2snprintf &rArr; _printf_char_common &rArr; __printf
</UL>
<BR>[Calls]<UL><LI><a href="#[49]">&gt;&gt;</a>&nbsp;&nbsp;&nbsp;main
<LI><a href="#[4a]">&gt;&gt;</a>&nbsp;&nbsp;&nbsp;exit
</UL>

<P><STRONG><a name="[a9]"></a>__rt_entry_postli_1</STRONG> (Thumb, 0 bytes, Stack size unknown bytes, __rtentry2.o(.ARM.Collect$$rtentry$$0000000C))

<P><STRONG><a name="[5b]"></a>__rt_exit</STRONG> (Thumb, 0 bytes, Stack size unknown bytes, rtexit.o(.ARM.Collect$$rtexit$$00000000))
<BR><BR>[Called By]<UL><LI><a href="#[4a]">&gt;&gt;</a>&nbsp;&nbsp;&nbsp;exit
</UL>

<P><STRONG><a name="[4b]"></a>__rt_exit_ls</STRONG> (Thumb, 0 bytes, Stack size unknown bytes, rtexit2.o(.ARM.Collect$$rtexit$$00000003))
<BR><BR>[Calls]<UL><LI><a href="#[4c]">&gt;&gt;</a>&nbsp;&nbsp;&nbsp;__rt_lib_shutdown
</UL>

<P><STRONG><a name="[aa]"></a>__rt_exit_prels_1</STRONG> (Thumb, 0 bytes, Stack size unknown bytes, rtexit2.o(.ARM.Collect$$rtexit$$00000002))

<P><STRONG><a name="[4d]"></a>__rt_exit_exit</STRONG> (Thumb, 0 bytes, Stack size unknown bytes, rtexit2.o(.ARM.Collect$$rtexit$$00000004))
<BR><BR>[Calls]<UL><LI><a href="#[4e]">&gt;&gt;</a>&nbsp;&nbsp;&nbsp;_sys_exit
</UL>

<P><STRONG><a name="[3]"></a>Reset_Handler</STRONG> (Thumb, 8 bytes, Stack size 0 bytes, startup_lpc407x_8x_177x_8x.o(.text))
<BR>[Address Reference Count : 1]<UL><LI> startup_lpc407x_8x_177x_8x.o(RESET)
</UL>
<P><STRONG><a name="[4]"></a>NMI_Handler</STRONG> (Thumb, 2 bytes, Stack size 0 bytes, startup_lpc407x_8x_177x_8x.o(.text))
<BR><BR>[Calls]<UL><LI><a href="#[4]">&gt;&gt;</a>&nbsp;&nbsp;&nbsp;NMI_Handler
</UL>
<BR>[Called By]<UL><LI><a href="#[4]">&gt;&gt;</a>&nbsp;&nbsp;&nbsp;NMI_Handler
</UL>
<BR>[Address Reference Count : 1]<UL><LI> startup_lpc407x_8x_177x_8x.o(RESET)
</UL>
<P><STRONG><a name="[5]"></a>HardFault_Handler</STRONG> (Thumb, 2 bytes, Stack size 0 bytes, startup_lpc407x_8x_177x_8x.o(.text))
<BR><BR>[Calls]<UL><LI><a href="#[5]">&gt;&gt;</a>&nbsp;&nbsp;&nbsp;HardFault_Handler
</UL>
<BR>[Called By]<UL><LI><a href="#[5]">&gt;&gt;</a>&nbsp;&nbsp;&nbsp;HardFault_Handler
</UL>
<BR>[Address Reference Count : 1]<UL><LI> startup_lpc407x_8x_177x_8x.o(RESET)
</UL>
<P><STRONG><a name="[6]"></a>MemManage_Handler</STRONG> (Thumb, 2 bytes, Stack size 0 bytes, startup_lpc407x_8x_177x_8x.o(.text))
<BR><BR>[Calls]<UL><LI><a href="#[6]">&gt;&gt;</a>&nbsp;&nbsp;&nbsp;MemManage_Handler
</UL>
<BR>[Called By]<UL><LI><a href="#[6]">&gt;&gt;</a>&nbsp;&nbsp;&nbsp;MemManage_Handler
</UL>
<BR>[Address Reference Count : 1]<UL><LI> startup_lpc407x_8x_177x_8x.o(RESET)
</UL>
<P><STRONG><a name="[7]"></a>BusFault_Handler</STRONG> (Thumb, 2 bytes, Stack size 0 bytes, startup_lpc407x_8x_177x_8x.o(.text))
<BR><BR>[Calls]<UL><LI><a href="#[7]">&gt;&gt;</a>&nbsp;&nbsp;&nbsp;BusFault_Handler
</UL>
<BR>[Called By]<UL><LI><a href="#[7]">&gt;&gt;</a>&nbsp;&nbsp;&nbsp;BusFault_Handler
</UL>
<BR>[Address Reference Count : 1]<UL><LI> startup_lpc407x_8x_177x_8x.o(RESET)
</UL>
<P><STRONG><a name="[8]"></a>UsageFault_Handler</STRONG> (Thumb, 2 bytes, Stack size 0 bytes, startup_lpc407x_8x_177x_8x.o(.text))
<BR><BR>[Calls]<UL><LI><a href="#[8]">&gt;&gt;</a>&nbsp;&nbsp;&nbsp;UsageFault_Handler
</UL>
<BR>[Called By]<UL><LI><a href="#[8]">&gt;&gt;</a>&nbsp;&nbsp;&nbsp;UsageFault_Handler
</UL>
<BR>[Address Reference Count : 1]<UL><LI> startup_lpc407x_8x_177x_8x.o(RESET)
</UL>
<P><STRONG><a name="[9]"></a>SVC_Handler</STRONG> (Thumb, 2 bytes, Stack size 0 bytes, startup_lpc407x_8x_177x_8x.o(.text))
<BR><BR>[Calls]<UL><LI><a href="#[9]">&gt;&gt;</a>&nbsp;&nbsp;&nbsp;SVC_Handler
</UL>
<BR>[Called By]<UL><LI><a href="#[9]">&gt;&gt;</a>&nbsp;&nbsp;&nbsp;SVC_Handler
</UL>
<BR>[Address Reference Count : 1]<UL><LI> startup_lpc407x_8x_177x_8x.o(RESET)
</UL>
<P><STRONG><a name="[a]"></a>DebugMon_Handler</STRONG> (Thumb, 2 bytes, Stack size 0 bytes, startup_lpc407x_8x_177x_8x.o(.text))
<BR><BR>[Calls]<UL><LI><a href="#[a]">&gt;&gt;</a>&nbsp;&nbsp;&nbsp;DebugMon_Handler
</UL>
<BR>[Called By]<UL><LI><a href="#[a]">&gt;&gt;</a>&nbsp;&nbsp;&nbsp;DebugMon_Handler
</UL>
<BR>[Address Reference Count : 1]<UL><LI> startup_lpc407x_8x_177x_8x.o(RESET)
</UL>
<P><STRONG><a name="[b]"></a>PendSV_Handler</STRONG> (Thumb, 2 bytes, Stack size 0 bytes, startup_lpc407x_8x_177x_8x.o(.text))
<BR><BR>[Calls]<UL><LI><a href="#[b]">&gt;&gt;</a>&nbsp;&nbsp;&nbsp;PendSV_Handler
</UL>
<BR>[Called By]<UL><LI><a href="#[b]">&gt;&gt;</a>&nbsp;&nbsp;&nbsp;PendSV_Handler
</UL>
<BR>[Address Reference Count : 1]<UL><LI> startup_lpc407x_8x_177x_8x.o(RESET)
</UL>
<P><STRONG><a name="[c]"></a>SysTick_Handler</STRONG> (Thumb, 2 bytes, Stack size 0 bytes, startup_lpc407x_8x_177x_8x.o(.text))
<BR><BR>[Calls]<UL><LI><a href="#[c]">&gt;&gt;</a>&nbsp;&nbsp;&nbsp;SysTick_Handler
</UL>
<BR>[Called By]<UL><LI><a href="#[c]">&gt;&gt;</a>&nbsp;&nbsp;&nbsp;SysTick_Handler
</UL>
<BR>[Address Reference Count : 1]<UL><LI> startup_lpc407x_8x_177x_8x.o(RESET)
</UL>
<P><STRONG><a name="[22]"></a>ADC_IRQHandler</STRONG> (Thumb, 0 bytes, Stack size 0 bytes, startup_lpc407x_8x_177x_8x.o(.text))
<BR><BR>[Calls]<UL><LI><a href="#[22]">&gt;&gt;</a>&nbsp;&nbsp;&nbsp;ADC_IRQHandler
</UL>
<BR>[Called By]<UL><LI><a href="#[22]">&gt;&gt;</a>&nbsp;&nbsp;&nbsp;ADC_IRQHandler
</UL>
<BR>[Address Reference Count : 1]<UL><LI> startup_lpc407x_8x_177x_8x.o(RESET)
</UL>
<P><STRONG><a name="[23]"></a>BOD_IRQHandler</STRONG> (Thumb, 0 bytes, Stack size 0 bytes, startup_lpc407x_8x_177x_8x.o(.text))
<BR>[Address Reference Count : 1]<UL><LI> startup_lpc407x_8x_177x_8x.o(RESET)
</UL>
<P><STRONG><a name="[2e]"></a>CANActivity_IRQHandler</STRONG> (Thumb, 0 bytes, Stack size 0 bytes, startup_lpc407x_8x_177x_8x.o(.text))
<BR>[Address Reference Count : 1]<UL><LI> startup_lpc407x_8x_177x_8x.o(RESET)
</UL>
<P><STRONG><a name="[25]"></a>CAN_IRQHandler</STRONG> (Thumb, 0 bytes, Stack size 0 bytes, startup_lpc407x_8x_177x_8x.o(.text))
<BR>[Address Reference Count : 1]<UL><LI> startup_lpc407x_8x_177x_8x.o(RESET)
</UL>
<P><STRONG><a name="[26]"></a>DMA_IRQHandler</STRONG> (Thumb, 0 bytes, Stack size 0 bytes, startup_lpc407x_8x_177x_8x.o(.text))
<BR>[Address Reference Count : 1]<UL><LI> startup_lpc407x_8x_177x_8x.o(RESET)
</UL>
<P><STRONG><a name="[34]"></a>EEPROM_IRQHandler</STRONG> (Thumb, 0 bytes, Stack size 0 bytes, startup_lpc407x_8x_177x_8x.o(.text))
<BR>[Address Reference Count : 1]<UL><LI> startup_lpc407x_8x_177x_8x.o(RESET)
</UL>
<P><STRONG><a name="[1e]"></a>EINT0_IRQHandler</STRONG> (Thumb, 0 bytes, Stack size 0 bytes, startup_lpc407x_8x_177x_8x.o(.text))
<BR>[Address Reference Count : 1]<UL><LI> startup_lpc407x_8x_177x_8x.o(RESET)
</UL>
<P><STRONG><a name="[1f]"></a>EINT1_IRQHandler</STRONG> (Thumb, 0 bytes, Stack size 0 bytes, startup_lpc407x_8x_177x_8x.o(.text))
<BR>[Address Reference Count : 1]<UL><LI> startup_lpc407x_8x_177x_8x.o(RESET)
</UL>
<P><STRONG><a name="[20]"></a>EINT2_IRQHandler</STRONG> (Thumb, 0 bytes, Stack size 0 bytes, startup_lpc407x_8x_177x_8x.o(.text))
<BR>[Address Reference Count : 1]<UL><LI> startup_lpc407x_8x_177x_8x.o(RESET)
</UL>
<P><STRONG><a name="[21]"></a>EINT3_IRQHandler</STRONG> (Thumb, 0 bytes, Stack size 0 bytes, startup_lpc407x_8x_177x_8x.o(.text))
<BR>[Address Reference Count : 1]<UL><LI> startup_lpc407x_8x_177x_8x.o(RESET)
</UL>
<P><STRONG><a name="[28]"></a>ENET_IRQHandler</STRONG> (Thumb, 0 bytes, Stack size 0 bytes, startup_lpc407x_8x_177x_8x.o(.text))
<BR>[Address Reference Count : 1]<UL><LI> startup_lpc407x_8x_177x_8x.o(RESET)
</UL>
<P><STRONG><a name="[32]"></a>GPIO_IRQHandler</STRONG> (Thumb, 0 bytes, Stack size 0 bytes, startup_lpc407x_8x_177x_8x.o(.text))
<BR>[Address Reference Count : 1]<UL><LI> startup_lpc407x_8x_177x_8x.o(RESET)
</UL>
<P><STRONG><a name="[17]"></a>I2C0_IRQHandler</STRONG> (Thumb, 0 bytes, Stack size 0 bytes, startup_lpc407x_8x_177x_8x.o(.text))
<BR>[Address Reference Count : 1]<UL><LI> startup_lpc407x_8x_177x_8x.o(RESET)
</UL>
<P><STRONG><a name="[18]"></a>I2C1_IRQHandler</STRONG> (Thumb, 0 bytes, Stack size 0 bytes, startup_lpc407x_8x_177x_8x.o(.text))
<BR>[Address Reference Count : 1]<UL><LI> startup_lpc407x_8x_177x_8x.o(RESET)
</UL>
<P><STRONG><a name="[19]"></a>I2C2_IRQHandler</STRONG> (Thumb, 0 bytes, Stack size 0 bytes, startup_lpc407x_8x_177x_8x.o(.text))
<BR>[Address Reference Count : 1]<UL><LI> startup_lpc407x_8x_177x_8x.o(RESET)
</UL>
<P><STRONG><a name="[27]"></a>I2S_IRQHandler</STRONG> (Thumb, 0 bytes, Stack size 0 bytes, startup_lpc407x_8x_177x_8x.o(.text))
<BR>[Address Reference Count : 1]<UL><LI> startup_lpc407x_8x_177x_8x.o(RESET)
</UL>
<P><STRONG><a name="[31]"></a>LCD_IRQHandler</STRONG> (Thumb, 0 bytes, Stack size 0 bytes, startup_lpc407x_8x_177x_8x.o(.text))
<BR>[Address Reference Count : 1]<UL><LI> startup_lpc407x_8x_177x_8x.o(RESET)
</UL>
<P><STRONG><a name="[29]"></a>MCI_IRQHandler</STRONG> (Thumb, 0 bytes, Stack size 0 bytes, startup_lpc407x_8x_177x_8x.o(.text))
<BR>[Address Reference Count : 1]<UL><LI> startup_lpc407x_8x_177x_8x.o(RESET)
</UL>
<P><STRONG><a name="[2a]"></a>MCPWM_IRQHandler</STRONG> (Thumb, 0 bytes, Stack size 0 bytes, startup_lpc407x_8x_177x_8x.o(.text))
<BR>[Address Reference Count : 1]<UL><LI> startup_lpc407x_8x_177x_8x.o(RESET)
</UL>
<P><STRONG><a name="[1c]"></a>PLL0_IRQHandler</STRONG> (Thumb, 0 bytes, Stack size 0 bytes, startup_lpc407x_8x_177x_8x.o(.text))
<BR>[Address Reference Count : 1]<UL><LI> startup_lpc407x_8x_177x_8x.o(RESET)
</UL>
<P><STRONG><a name="[2c]"></a>PLL1_IRQHandler</STRONG> (Thumb, 0 bytes, Stack size 0 bytes, startup_lpc407x_8x_177x_8x.o(.text))
<BR>[Address Reference Count : 1]<UL><LI> startup_lpc407x_8x_177x_8x.o(RESET)
</UL>
<P><STRONG><a name="[33]"></a>PWM0_IRQHandler</STRONG> (Thumb, 0 bytes, Stack size 0 bytes, startup_lpc407x_8x_177x_8x.o(.text))
<BR>[Address Reference Count : 1]<UL><LI> startup_lpc407x_8x_177x_8x.o(RESET)
</UL>
<P><STRONG><a name="[16]"></a>PWM1_IRQHandler</STRONG> (Thumb, 0 bytes, Stack size 0 bytes, startup_lpc407x_8x_177x_8x.o(.text))
<BR>[Address Reference Count : 1]<UL><LI> startup_lpc407x_8x_177x_8x.o(RESET)
</UL>
<P><STRONG><a name="[2b]"></a>QEI_IRQHandler</STRONG> (Thumb, 0 bytes, Stack size 0 bytes, startup_lpc407x_8x_177x_8x.o(.text))
<BR>[Address Reference Count : 1]<UL><LI> startup_lpc407x_8x_177x_8x.o(RESET)
</UL>
<P><STRONG><a name="[1d]"></a>RTC_IRQHandler</STRONG> (Thumb, 0 bytes, Stack size 0 bytes, startup_lpc407x_8x_177x_8x.o(.text))
<BR>[Address Reference Count : 1]<UL><LI> startup_lpc407x_8x_177x_8x.o(RESET)
</UL>
<P><STRONG><a name="[1a]"></a>SSP0_IRQHandler</STRONG> (Thumb, 0 bytes, Stack size 0 bytes, startup_lpc407x_8x_177x_8x.o(.text))
<BR>[Address Reference Count : 1]<UL><LI> startup_lpc407x_8x_177x_8x.o(RESET)
</UL>
<P><STRONG><a name="[1b]"></a>SSP1_IRQHandler</STRONG> (Thumb, 0 bytes, Stack size 0 bytes, startup_lpc407x_8x_177x_8x.o(.text))
<BR>[Address Reference Count : 1]<UL><LI> startup_lpc407x_8x_177x_8x.o(RESET)
</UL>
<P><STRONG><a name="[30]"></a>SSP2_IRQHandler</STRONG> (Thumb, 0 bytes, Stack size 0 bytes, startup_lpc407x_8x_177x_8x.o(.text))
<BR>[Address Reference Count : 1]<UL><LI> startup_lpc407x_8x_177x_8x.o(RESET)
</UL>
<P><STRONG><a name="[e]"></a>TIMER0_IRQHandler</STRONG> (Thumb, 0 bytes, Stack size 0 bytes, startup_lpc407x_8x_177x_8x.o(.text))
<BR>[Address Reference Count : 1]<UL><LI> startup_lpc407x_8x_177x_8x.o(RESET)
</UL>
<P><STRONG><a name="[f]"></a>TIMER1_IRQHandler</STRONG> (Thumb, 0 bytes, Stack size 0 bytes, startup_lpc407x_8x_177x_8x.o(.text))
<BR>[Address Reference Count : 1]<UL><LI> startup_lpc407x_8x_177x_8x.o(RESET)
</UL>
<P><STRONG><a name="[10]"></a>TIMER2_IRQHandler</STRONG> (Thumb, 0 bytes, Stack size 0 bytes, startup_lpc407x_8x_177x_8x.o(.text))
<BR>[Address Reference Count : 1]<UL><LI> startup_lpc407x_8x_177x_8x.o(RESET)
</UL>
<P><STRONG><a name="[12]"></a>UART0_IRQHandler</STRONG> (Thumb, 0 bytes, Stack size 0 bytes, startup_lpc407x_8x_177x_8x.o(.text))
<BR>[Address Reference Count : 1]<UL><LI> startup_lpc407x_8x_177x_8x.o(RESET)
</UL>
<P><STRONG><a name="[13]"></a>UART1_IRQHandler</STRONG> (Thumb, 0 bytes, Stack size 0 bytes, startup_lpc407x_8x_177x_8x.o(.text))
<BR>[Address Reference Count : 1]<UL><LI> startup_lpc407x_8x_177x_8x.o(RESET)
</UL>
<P><STRONG><a name="[14]"></a>UART2_IRQHandler</STRONG> (Thumb, 0 bytes, Stack size 0 bytes, startup_lpc407x_8x_177x_8x.o(.text))
<BR>[Address Reference Count : 1]<UL><LI> startup_lpc407x_8x_177x_8x.o(RESET)
</UL>
<P><STRONG><a name="[15]"></a>UART3_IRQHandler</STRONG> (Thumb, 0 bytes, Stack size 0 bytes, startup_lpc407x_8x_177x_8x.o(.text))
<BR>[Address Reference Count : 1]<UL><LI> startup_lpc407x_8x_177x_8x.o(RESET)
</UL>
<P><STRONG><a name="[2f]"></a>UART4_IRQHandler</STRONG> (Thumb, 0 bytes, Stack size 0 bytes, startup_lpc407x_8x_177x_8x.o(.text))
<BR>[Address Reference Count : 1]<UL><LI> startup_lpc407x_8x_177x_8x.o(RESET)
</UL>
<P><STRONG><a name="[2d]"></a>USBActivity_IRQHandler</STRONG> (Thumb, 0 bytes, Stack size 0 bytes, startup_lpc407x_8x_177x_8x.o(.text))
<BR>[Address Reference Count : 1]<UL><LI> startup_lpc407x_8x_177x_8x.o(RESET)
</UL>
<P><STRONG><a name="[24]"></a>USB_IRQHandler</STRONG> (Thumb, 0 bytes, Stack size 0 bytes, startup_lpc407x_8x_177x_8x.o(.text))
<BR>[Address Reference Count : 1]<UL><LI> startup_lpc407x_8x_177x_8x.o(RESET)
</UL>
<P><STRONG><a name="[d]"></a>WDT_IRQHandler</STRONG> (Thumb, 0 bytes, Stack size 0 bytes, startup_lpc407x_8x_177x_8x.o(.text))
<BR>[Address Reference Count : 1]<UL><LI> startup_lpc407x_8x_177x_8x.o(RESET)
</UL>
<P><STRONG><a name="[5a]"></a>__user_initial_stackheap</STRONG> (Thumb, 0 bytes, Stack size unknown bytes, startup_lpc407x_8x_177x_8x.o(.text))
<BR><BR>[Called By]<UL><LI><a href="#[45]">&gt;&gt;</a>&nbsp;&nbsp;&nbsp;__user_setup_stackheap
</UL>

<P><STRONG><a name="[ab]"></a>__I$use$semihosting</STRONG> (Thumb, 0 bytes, Stack size 0 bytes, use_no_semi.o(.text), UNUSED)

<P><STRONG><a name="[ac]"></a>__use_no_semihosting_swi</STRONG> (Thumb, 2 bytes, Stack size 0 bytes, use_no_semi.o(.text), UNUSED)

<P><STRONG><a name="[4f]"></a>__2snprintf</STRONG> (Thumb, 50 bytes, Stack size 40 bytes, __2snprintf.o(.text))
<BR><BR>[Stack]<UL><LI>Max Depth = 144 + Unknown Stack Size
<LI>Call Chain = __2snprintf &rArr; _printf_char_common &rArr; __printf
</UL>
<BR>[Calls]<UL><LI><a href="#[51]">&gt;&gt;</a>&nbsp;&nbsp;&nbsp;_sputc
<LI><a href="#[50]">&gt;&gt;</a>&nbsp;&nbsp;&nbsp;_printf_char_common
</UL>
<BR>[Called By]<UL><LI><a href="#[66]">&gt;&gt;</a>&nbsp;&nbsp;&nbsp;parar_con_error
</UL>

<P><STRONG><a name="[57]"></a>_printf_str</STRONG> (Thumb, 82 bytes, Stack size 16 bytes, _printf_str.o(.text))
<BR><BR>[Stack]<UL><LI>Max Depth = 16<LI>Call Chain = _printf_str
</UL>
<BR>[Called By]<UL><LI><a href="#[56]">&gt;&gt;</a>&nbsp;&nbsp;&nbsp;_printf_cs_common
</UL>

<P><STRONG><a name="[3f]"></a>_printf_int_dec</STRONG> (Thumb, 104 bytes, Stack size 24 bytes, _printf_dec.o(.text))
<BR><BR>[Stack]<UL><LI>Max Depth = 56<LI>Call Chain = _printf_int_dec &rArr; _printf_int_common
</UL>
<BR>[Calls]<UL><LI><a href="#[52]">&gt;&gt;</a>&nbsp;&nbsp;&nbsp;_printf_int_common
</UL>
<BR>[Called By]<UL><LI><a href="#[3e]">&gt;&gt;</a>&nbsp;&nbsp;&nbsp;_printf_u
</UL>

<P><STRONG><a name="[ad]"></a>__use_two_region_memory</STRONG> (Thumb, 2 bytes, Stack size 0 bytes, heapauxi.o(.text), UNUSED)

<P><STRONG><a name="[ae]"></a>__rt_heap_escrow$2region</STRONG> (Thumb, 2 bytes, Stack size 0 bytes, heapauxi.o(.text), UNUSED)

<P><STRONG><a name="[af]"></a>__rt_heap_expand$2region</STRONG> (Thumb, 2 bytes, Stack size 0 bytes, heapauxi.o(.text), UNUSED)

<P><STRONG><a name="[51]"></a>_sputc</STRONG> (Thumb, 10 bytes, Stack size 0 bytes, _sputc.o(.text))
<BR><BR>[Called By]<UL><LI><a href="#[4f]">&gt;&gt;</a>&nbsp;&nbsp;&nbsp;__2snprintf
</UL>

<P><STRONG><a name="[37]"></a>_snputc</STRONG> (Thumb, 16 bytes, Stack size 0 bytes, _snputc.o(.text))
<BR>[Address Reference Count : 1]<UL><LI> __2snprintf.o(.text)
</UL>
<P><STRONG><a name="[4e]"></a>_sys_exit</STRONG> (Thumb, 4 bytes, Stack size 0 bytes, glcd.o(i._sys_exit))
<BR><BR>[Called By]<UL><LI><a href="#[4d]">&gt;&gt;</a>&nbsp;&nbsp;&nbsp;__rt_exit_exit
</UL>

<P><STRONG><a name="[53]"></a>__printf</STRONG> (Thumb, 388 bytes, Stack size 40 bytes, __printf_flags_ss_wp.o(.text))
<BR><BR>[Stack]<UL><LI>Max Depth = 40 + Unknown Stack Size
<LI>Call Chain = __printf
</UL>
<BR>[Calls]<UL><LI><a href="#[55]">&gt;&gt;</a>&nbsp;&nbsp;&nbsp;_printf_percent
<LI><a href="#[54]">&gt;&gt;</a>&nbsp;&nbsp;&nbsp;_is_digit
</UL>
<BR>[Called By]<UL><LI><a href="#[50]">&gt;&gt;</a>&nbsp;&nbsp;&nbsp;_printf_char_common
</UL>

<P><STRONG><a name="[52]"></a>_printf_int_common</STRONG> (Thumb, 178 bytes, Stack size 32 bytes, _printf_intcommon.o(.text))
<BR><BR>[Stack]<UL><LI>Max Depth = 32<LI>Call Chain = _printf_int_common
</UL>
<BR>[Called By]<UL><LI><a href="#[3f]">&gt;&gt;</a>&nbsp;&nbsp;&nbsp;_printf_int_dec
</UL>

<P><STRONG><a name="[50]"></a>_printf_char_common</STRONG> (Thumb, 32 bytes, Stack size 64 bytes, _printf_char_common.o(.text))
<BR><BR>[Stack]<UL><LI>Max Depth = 104 + Unknown Stack Size
<LI>Call Chain = _printf_char_common &rArr; __printf
</UL>
<BR>[Calls]<UL><LI><a href="#[53]">&gt;&gt;</a>&nbsp;&nbsp;&nbsp;__printf
</UL>
<BR>[Called By]<UL><LI><a href="#[4f]">&gt;&gt;</a>&nbsp;&nbsp;&nbsp;__2snprintf
</UL>

<P><STRONG><a name="[56]"></a>_printf_cs_common</STRONG> (Thumb, 20 bytes, Stack size 8 bytes, _printf_char.o(.text))
<BR><BR>[Stack]<UL><LI>Max Depth = 24<LI>Call Chain = _printf_cs_common &rArr; _printf_str
</UL>
<BR>[Calls]<UL><LI><a href="#[57]">&gt;&gt;</a>&nbsp;&nbsp;&nbsp;_printf_str
</UL>
<BR>[Called By]<UL><LI><a href="#[41]">&gt;&gt;</a>&nbsp;&nbsp;&nbsp;_printf_string
<LI><a href="#[58]">&gt;&gt;</a>&nbsp;&nbsp;&nbsp;_printf_char
</UL>

<P><STRONG><a name="[58]"></a>_printf_char</STRONG> (Thumb, 16 bytes, Stack size 0 bytes, _printf_char.o(.text), UNUSED)
<BR><BR>[Calls]<UL><LI><a href="#[56]">&gt;&gt;</a>&nbsp;&nbsp;&nbsp;_printf_cs_common
</UL>

<P><STRONG><a name="[41]"></a>_printf_string</STRONG> (Thumb, 8 bytes, Stack size 0 bytes, _printf_char.o(.text))
<BR><BR>[Stack]<UL><LI>Max Depth = 24<LI>Call Chain = _printf_string &rArr; _printf_cs_common &rArr; _printf_str
</UL>
<BR>[Calls]<UL><LI><a href="#[56]">&gt;&gt;</a>&nbsp;&nbsp;&nbsp;_printf_cs_common
</UL>
<BR>[Called By]<UL><LI><a href="#[40]">&gt;&gt;</a>&nbsp;&nbsp;&nbsp;_printf_s
</UL>

<P><STRONG><a name="[45]"></a>__user_setup_stackheap</STRONG> (Thumb, 74 bytes, Stack size 8 bytes, sys_stackheap_outer.o(.text))
<BR><BR>[Stack]<UL><LI>Max Depth = 8 + Unknown Stack Size
<LI>Call Chain = __user_setup_stackheap
</UL>
<BR>[Calls]<UL><LI><a href="#[59]">&gt;&gt;</a>&nbsp;&nbsp;&nbsp;__user_perproc_libspace
<LI><a href="#[5a]">&gt;&gt;</a>&nbsp;&nbsp;&nbsp;__user_initial_stackheap
</UL>
<BR>[Called By]<UL><LI><a href="#[44]">&gt;&gt;</a>&nbsp;&nbsp;&nbsp;__rt_entry_sh
</UL>

<P><STRONG><a name="[4a]"></a>exit</STRONG> (Thumb, 18 bytes, Stack size 8 bytes, exit.o(.text))
<BR><BR>[Stack]<UL><LI>Max Depth = 8 + Unknown Stack Size
<LI>Call Chain = exit
</UL>
<BR>[Calls]<UL><LI><a href="#[5b]">&gt;&gt;</a>&nbsp;&nbsp;&nbsp;__rt_exit
</UL>
<BR>[Called By]<UL><LI><a href="#[48]">&gt;&gt;</a>&nbsp;&nbsp;&nbsp;__rt_entry_main
</UL>

<P><STRONG><a name="[b0]"></a>__user_libspace</STRONG> (Thumb, 8 bytes, Stack size 0 bytes, libspace.o(.text), UNUSED)

<P><STRONG><a name="[59]"></a>__user_perproc_libspace</STRONG> (Thumb, 0 bytes, Stack size 0 bytes, libspace.o(.text))
<BR><BR>[Called By]<UL><LI><a href="#[45]">&gt;&gt;</a>&nbsp;&nbsp;&nbsp;__user_setup_stackheap
</UL>

<P><STRONG><a name="[b1]"></a>__user_perthread_libspace</STRONG> (Thumb, 0 bytes, Stack size 0 bytes, libspace.o(.text), UNUSED)

<P><STRONG><a name="[5d]"></a>SystemCoreClockUpdate</STRONG> (Thumb, 696 bytes, Stack size 12 bytes, system_lpc407x_8x_177x_8x.o(i.SystemCoreClockUpdate))
<BR><BR>[Stack]<UL><LI>Max Depth = 12<LI>Call Chain = SystemCoreClockUpdate
</UL>
<BR>[Called By]<UL><LI><a href="#[35]">&gt;&gt;</a>&nbsp;&nbsp;&nbsp;SystemInit
</UL>

<P><STRONG><a name="[35]"></a>SystemInit</STRONG> (Thumb, 224 bytes, Stack size 8 bytes, system_lpc407x_8x_177x_8x.o(i.SystemInit))
<BR><BR>[Stack]<UL><LI>Max Depth = 32<LI>Call Chain = SystemInit &rArr; fpu_init
</UL>
<BR>[Calls]<UL><LI><a href="#[5c]">&gt;&gt;</a>&nbsp;&nbsp;&nbsp;fpu_init
<LI><a href="#[5e]">&gt;&gt;</a>&nbsp;&nbsp;&nbsp;SystemInit_ExtMemCtl
<LI><a href="#[5d]">&gt;&gt;</a>&nbsp;&nbsp;&nbsp;SystemCoreClockUpdate
</UL>
<BR>[Address Reference Count : 1]<UL><LI> startup_lpc407x_8x_177x_8x.o(.text)
</UL>
<P><STRONG><a name="[5e]"></a>SystemInit_ExtMemCtl</STRONG> (Thumb, 468 bytes, Stack size 8 bytes, system_lpc407x_8x_177x_8x.o(i.SystemInit_ExtMemCtl))
<BR><BR>[Stack]<UL><LI>Max Depth = 8<LI>Call Chain = SystemInit_ExtMemCtl
</UL>
<BR>[Calls]<UL><LI><a href="#[5f]">&gt;&gt;</a>&nbsp;&nbsp;&nbsp;_DelayMs
</UL>
<BR>[Called By]<UL><LI><a href="#[35]">&gt;&gt;</a>&nbsp;&nbsp;&nbsp;SystemInit
</UL>

<P><STRONG><a name="[11]"></a>TIMER3_IRQHandler</STRONG> (Thumb, 72 bytes, Stack size 0 bytes, sonido.o(i.TIMER3_IRQHandler))
<BR>[Address Reference Count : 1]<UL><LI> startup_lpc407x_8x_177x_8x.o(RESET)
</UL>
<P><STRONG><a name="[7f]"></a>__hardfp_fabs</STRONG> (Thumb, 20 bytes, Stack size 8 bytes, fabs.o(i.__hardfp_fabs))
<BR><BR>[Stack]<UL><LI>Max Depth = 8<LI>Call Chain = __hardfp_fabs
</UL>
<BR>[Called By]<UL><LI><a href="#[78]">&gt;&gt;</a>&nbsp;&nbsp;&nbsp;uart_inicializar
</UL>

<P><STRONG><a name="[54]"></a>_is_digit</STRONG> (Thumb, 14 bytes, Stack size 0 bytes, __printf_wp.o(i._is_digit))
<BR><BR>[Called By]<UL><LI><a href="#[53]">&gt;&gt;</a>&nbsp;&nbsp;&nbsp;__printf
</UL>

<P><STRONG><a name="[60]"></a>adjust_timing</STRONG> (Thumb, 76 bytes, Stack size 16 bytes, sdram.o(i.adjust_timing))
<BR><BR>[Stack]<UL><LI>Max Depth = 24<LI>Call Chain = adjust_timing &rArr; calibration
</UL>
<BR>[Calls]<UL><LI><a href="#[61]">&gt;&gt;</a>&nbsp;&nbsp;&nbsp;calibration
</UL>
<BR>[Called By]<UL><LI><a href="#[6d]">&gt;&gt;</a>&nbsp;&nbsp;&nbsp;sdram_inicializar
</UL>

<P><STRONG><a name="[5c]"></a>fpu_init</STRONG> (Thumb, 62 bytes, Stack size 24 bytes, system_lpc407x_8x_177x_8x.o(i.fpu_init))
<BR><BR>[Stack]<UL><LI>Max Depth = 24<LI>Call Chain = fpu_init
</UL>
<BR>[Called By]<UL><LI><a href="#[35]">&gt;&gt;</a>&nbsp;&nbsp;&nbsp;SystemInit
</UL>

<P><STRONG><a name="[6f]"></a>glcd_borrar</STRONG> (Thumb, 20 bytes, Stack size 0 bytes, glcd.o(i.glcd_borrar))
<BR><BR>[Called By]<UL><LI><a href="#[6b]">&gt;&gt;</a>&nbsp;&nbsp;&nbsp;glcd_inicializar
</UL>

<P><STRONG><a name="[65]"></a>glcd_caracter</STRONG> (Thumb, 242 bytes, Stack size 80 bytes, glcd.o(i.glcd_caracter))
<BR><BR>[Stack]<UL><LI>Max Depth = 80 + In Cycle
<LI>Call Chain = glcd_caracter &rArr;  parar_con_error (Cycle)
</UL>
<BR>[Calls]<UL><LI><a href="#[66]">&gt;&gt;</a>&nbsp;&nbsp;&nbsp;parar_con_error
</UL>
<BR>[Called By]<UL><LI><a href="#[70]">&gt;&gt;</a>&nbsp;&nbsp;&nbsp;glcd_texto
</UL>

<P><STRONG><a name="[6b]"></a>glcd_inicializar</STRONG> (Thumb, 876 bytes, Stack size 16 bytes, glcd.o(i.glcd_inicializar))
<BR><BR>[Stack]<UL><LI>Max Depth = 80<LI>Call Chain = glcd_inicializar &rArr; sdram_inicializar &rArr; find_fbclkdly &rArr; sdram_test
</UL>
<BR>[Calls]<UL><LI><a href="#[6d]">&gt;&gt;</a>&nbsp;&nbsp;&nbsp;sdram_inicializar
<LI><a href="#[6f]">&gt;&gt;</a>&nbsp;&nbsp;&nbsp;glcd_borrar
<LI><a href="#[6e]">&gt;&gt;</a>&nbsp;&nbsp;&nbsp;glcd_timer0_retardo_ms
<LI><a href="#[67]">&gt;&gt;</a>&nbsp;&nbsp;&nbsp;glcd_i2c0_transmitir_buffer
<LI><a href="#[6c]">&gt;&gt;</a>&nbsp;&nbsp;&nbsp;glcd_i2c0_inicializar
</UL>
<BR>[Called By]<UL><LI><a href="#[49]">&gt;&gt;</a>&nbsp;&nbsp;&nbsp;main
</UL>

<P><STRONG><a name="[70]"></a>glcd_texto</STRONG> (Thumb, 138 bytes, Stack size 40 bytes, glcd.o(i.glcd_texto))
<BR><BR>[Stack]<UL><LI>Max Depth = 120 + In Cycle
<LI>Call Chain = glcd_texto &rArr;  parar_con_error (Cycle)
</UL>
<BR>[Calls]<UL><LI><a href="#[65]">&gt;&gt;</a>&nbsp;&nbsp;&nbsp;glcd_caracter
<LI><a href="#[66]">&gt;&gt;</a>&nbsp;&nbsp;&nbsp;parar_con_error
</UL>
<BR>[Called By]<UL><LI><a href="#[66]">&gt;&gt;</a>&nbsp;&nbsp;&nbsp;parar_con_error
</UL>

<P><STRONG><a name="[71]"></a>gpio_ajustar_dir</STRONG> (Thumb, 130 bytes, Stack size 16 bytes, gpio_lpc40xx.o(i.gpio_ajustar_dir))
<BR><BR>[Stack]<UL><LI>Max Depth = 232 + Unknown Stack Size
<LI>Call Chain = gpio_ajustar_dir &rArr; parar_con_error &rArr; __2snprintf &rArr; _printf_char_common &rArr; __printf
</UL>
<BR>[Calls]<UL><LI><a href="#[66]">&gt;&gt;</a>&nbsp;&nbsp;&nbsp;parar_con_error
</UL>
<BR>[Called By]<UL><LI><a href="#[74]">&gt;&gt;</a>&nbsp;&nbsp;&nbsp;leds_inicializar
</UL>

<P><STRONG><a name="[72]"></a>iocon_configurar_pin</STRONG> (Thumb, 254 bytes, Stack size 40 bytes, iocon_lpc40xx.o(i.iocon_configurar_pin))
<BR><BR>[Stack]<UL><LI>Max Depth = 256 + Unknown Stack Size
<LI>Call Chain = iocon_configurar_pin &rArr; parar_con_error &rArr; __2snprintf &rArr; _printf_char_common &rArr; __printf
</UL>
<BR>[Calls]<UL><LI><a href="#[66]">&gt;&gt;</a>&nbsp;&nbsp;&nbsp;parar_con_error
</UL>
<BR>[Called By]<UL><LI><a href="#[78]">&gt;&gt;</a>&nbsp;&nbsp;&nbsp;uart_inicializar
</UL>

<P><STRONG><a name="[73]"></a>led_invertir</STRONG> (Thumb, 48 bytes, Stack size 8 bytes, leds.o(i.led_invertir))
<BR><BR>[Stack]<UL><LI>Max Depth = 224 + Unknown Stack Size
<LI>Call Chain = led_invertir &rArr; parar_con_error &rArr; __2snprintf &rArr; _printf_char_common &rArr; __printf
</UL>
<BR>[Calls]<UL><LI><a href="#[66]">&gt;&gt;</a>&nbsp;&nbsp;&nbsp;parar_con_error
</UL>
<BR>[Called By]<UL><LI><a href="#[49]">&gt;&gt;</a>&nbsp;&nbsp;&nbsp;main
</UL>

<P><STRONG><a name="[74]"></a>leds_inicializar</STRONG> (Thumb, 48 bytes, Stack size 8 bytes, leds.o(i.leds_inicializar))
<BR><BR>[Stack]<UL><LI>Max Depth = 240 + Unknown Stack Size
<LI>Call Chain = leds_inicializar &rArr; gpio_ajustar_dir &rArr; parar_con_error &rArr; __2snprintf &rArr; _printf_char_common &rArr; __printf
</UL>
<BR>[Calls]<UL><LI><a href="#[75]">&gt;&gt;</a>&nbsp;&nbsp;&nbsp;gpio_pin_a_1
<LI><a href="#[71]">&gt;&gt;</a>&nbsp;&nbsp;&nbsp;gpio_ajustar_dir
</UL>
<BR>[Called By]<UL><LI><a href="#[49]">&gt;&gt;</a>&nbsp;&nbsp;&nbsp;main
</UL>

<P><STRONG><a name="[76]"></a>leer_joystick</STRONG> (Thumb, 86 bytes, Stack size 8 bytes, joystick.o(i.leer_joystick))
<BR><BR>[Stack]<UL><LI>Max Depth = 8<LI>Call Chain = leer_joystick
</UL>
<BR>[Calls]<UL><LI><a href="#[77]">&gt;&gt;</a>&nbsp;&nbsp;&nbsp;gpio_leer_pin
</UL>
<BR>[Called By]<UL><LI><a href="#[49]">&gt;&gt;</a>&nbsp;&nbsp;&nbsp;main
</UL>

<P><STRONG><a name="[49]"></a>main</STRONG> (Thumb, 160 bytes, Stack size 24 bytes, main.o(i.main))
<BR><BR>[Stack]<UL><LI>Max Depth = 384 + Unknown Stack Size
<LI>Call Chain = main &rArr; uart_inicializar &rArr; iocon_configurar_pin &rArr; parar_con_error &rArr; __2snprintf &rArr; _printf_char_common &rArr; __printf
</UL>
<BR>[Calls]<UL><LI><a href="#[79]">&gt;&gt;</a>&nbsp;&nbsp;&nbsp;uart_transmitir_dato
<LI><a href="#[7b]">&gt;&gt;</a>&nbsp;&nbsp;&nbsp;uart_leer_dato
<LI><a href="#[78]">&gt;&gt;</a>&nbsp;&nbsp;&nbsp;uart_inicializar
<LI><a href="#[7a]">&gt;&gt;</a>&nbsp;&nbsp;&nbsp;uart_hay_dato_disponible
<LI><a href="#[74]">&gt;&gt;</a>&nbsp;&nbsp;&nbsp;leds_inicializar
<LI><a href="#[73]">&gt;&gt;</a>&nbsp;&nbsp;&nbsp;led_invertir
<LI><a href="#[76]">&gt;&gt;</a>&nbsp;&nbsp;&nbsp;leer_joystick
<LI><a href="#[6b]">&gt;&gt;</a>&nbsp;&nbsp;&nbsp;glcd_inicializar
</UL>
<BR>[Called By]<UL><LI><a href="#[48]">&gt;&gt;</a>&nbsp;&nbsp;&nbsp;__rt_entry_main
</UL>

<P><STRONG><a name="[66]"></a>parar_con_error</STRONG> (Thumb, 150 bytes, Stack size 72 bytes, error.o(i.parar_con_error))
<BR><BR>[Stack]<UL><LI>Max Depth = 216 + Unknown Stack Size
<LI>Call Chain = parar_con_error &rArr; __2snprintf &rArr; _printf_char_common &rArr; __printf
</UL>
<BR>[Calls]<UL><LI><a href="#[70]">&gt;&gt;</a>&nbsp;&nbsp;&nbsp;glcd_texto
<LI><a href="#[4f]">&gt;&gt;</a>&nbsp;&nbsp;&nbsp;__2snprintf
</UL>
<BR>[Called By]<UL><LI><a href="#[79]">&gt;&gt;</a>&nbsp;&nbsp;&nbsp;uart_transmitir_dato
<LI><a href="#[7b]">&gt;&gt;</a>&nbsp;&nbsp;&nbsp;uart_leer_dato
<LI><a href="#[78]">&gt;&gt;</a>&nbsp;&nbsp;&nbsp;uart_inicializar
<LI><a href="#[7a]">&gt;&gt;</a>&nbsp;&nbsp;&nbsp;uart_hay_dato_disponible
<LI><a href="#[73]">&gt;&gt;</a>&nbsp;&nbsp;&nbsp;led_invertir
<LI><a href="#[72]">&gt;&gt;</a>&nbsp;&nbsp;&nbsp;iocon_configurar_pin
<LI><a href="#[71]">&gt;&gt;</a>&nbsp;&nbsp;&nbsp;gpio_ajustar_dir
<LI><a href="#[65]">&gt;&gt;</a>&nbsp;&nbsp;&nbsp;glcd_caracter
<LI><a href="#[70]">&gt;&gt;</a>&nbsp;&nbsp;&nbsp;glcd_texto
</UL>

<P><STRONG><a name="[6d]"></a>sdram_inicializar</STRONG> (Thumb, 198 bytes, Stack size 16 bytes, sdram.o(i.sdram_inicializar))
<BR><BR>[Stack]<UL><LI>Max Depth = 64<LI>Call Chain = sdram_inicializar &rArr; find_fbclkdly &rArr; sdram_test
</UL>
<BR>[Calls]<UL><LI><a href="#[60]">&gt;&gt;</a>&nbsp;&nbsp;&nbsp;adjust_timing
<LI><a href="#[7c]">&gt;&gt;</a>&nbsp;&nbsp;&nbsp;pinConfig
<LI><a href="#[64]">&gt;&gt;</a>&nbsp;&nbsp;&nbsp;find_fbclkdly
<LI><a href="#[62]">&gt;&gt;</a>&nbsp;&nbsp;&nbsp;find_cmddly
<LI><a href="#[61]">&gt;&gt;</a>&nbsp;&nbsp;&nbsp;calibration
<LI><a href="#[7d]">&gt;&gt;</a>&nbsp;&nbsp;&nbsp;TIM_Waitms
</UL>
<BR>[Called By]<UL><LI><a href="#[6b]">&gt;&gt;</a>&nbsp;&nbsp;&nbsp;glcd_inicializar
</UL>

<P><STRONG><a name="[7a]"></a>uart_hay_dato_disponible</STRONG> (Thumb, 62 bytes, Stack size 8 bytes, uart_lpc40xx.o(i.uart_hay_dato_disponible))
<BR><BR>[Stack]<UL><LI>Max Depth = 224 + Unknown Stack Size
<LI>Call Chain = uart_hay_dato_disponible &rArr; parar_con_error &rArr; __2snprintf &rArr; _printf_char_common &rArr; __printf
</UL>
<BR>[Calls]<UL><LI><a href="#[66]">&gt;&gt;</a>&nbsp;&nbsp;&nbsp;parar_con_error
</UL>
<BR>[Called By]<UL><LI><a href="#[49]">&gt;&gt;</a>&nbsp;&nbsp;&nbsp;main
</UL>

<P><STRONG><a name="[78]"></a>uart_inicializar</STRONG> (Thumb, 1168 bytes, Stack size 104 bytes, uart_lpc40xx.o(i.uart_inicializar))
<BR><BR>[Stack]<UL><LI>Max Depth = 360 + Unknown Stack Size
<LI>Call Chain = uart_inicializar &rArr; iocon_configurar_pin &rArr; parar_con_error &rArr; __2snprintf &rArr; _printf_char_common &rArr; __printf
</UL>
<BR>[Calls]<UL><LI><a href="#[72]">&gt;&gt;</a>&nbsp;&nbsp;&nbsp;iocon_configurar_pin
<LI><a href="#[66]">&gt;&gt;</a>&nbsp;&nbsp;&nbsp;parar_con_error
<LI><a href="#[7f]">&gt;&gt;</a>&nbsp;&nbsp;&nbsp;__hardfp_fabs
<LI><a href="#[7e]">&gt;&gt;</a>&nbsp;&nbsp;&nbsp;__aeabi_f2d
<LI><a href="#[80]">&gt;&gt;</a>&nbsp;&nbsp;&nbsp;__aeabi_d2f
</UL>
<BR>[Called By]<UL><LI><a href="#[49]">&gt;&gt;</a>&nbsp;&nbsp;&nbsp;main
</UL>

<P><STRONG><a name="[7b]"></a>uart_leer_dato</STRONG> (Thumb, 52 bytes, Stack size 8 bytes, uart_lpc40xx.o(i.uart_leer_dato))
<BR><BR>[Stack]<UL><LI>Max Depth = 224 + Unknown Stack Size
<LI>Call Chain = uart_leer_dato &rArr; parar_con_error &rArr; __2snprintf &rArr; _printf_char_common &rArr; __printf
</UL>
<BR>[Calls]<UL><LI><a href="#[66]">&gt;&gt;</a>&nbsp;&nbsp;&nbsp;parar_con_error
</UL>
<BR>[Called By]<UL><LI><a href="#[49]">&gt;&gt;</a>&nbsp;&nbsp;&nbsp;main
</UL>

<P><STRONG><a name="[79]"></a>uart_transmitir_dato</STRONG> (Thumb, 64 bytes, Stack size 16 bytes, uart_lpc40xx.o(i.uart_transmitir_dato))
<BR><BR>[Stack]<UL><LI>Max Depth = 232 + Unknown Stack Size
<LI>Call Chain = uart_transmitir_dato &rArr; parar_con_error &rArr; __2snprintf &rArr; _printf_char_common &rArr; __printf
</UL>
<BR>[Calls]<UL><LI><a href="#[66]">&gt;&gt;</a>&nbsp;&nbsp;&nbsp;parar_con_error
</UL>
<BR>[Called By]<UL><LI><a href="#[49]">&gt;&gt;</a>&nbsp;&nbsp;&nbsp;main
</UL>

<P><STRONG><a name="[80]"></a>__aeabi_d2f</STRONG> (Thumb, 0 bytes, Stack size 32 bytes, d2f.o(x$fpl$d2f))
<BR><BR>[Stack]<UL><LI>Max Depth = 32<LI>Call Chain = __aeabi_d2f
</UL>
<BR>[Called By]<UL><LI><a href="#[78]">&gt;&gt;</a>&nbsp;&nbsp;&nbsp;uart_inicializar
</UL>

<P><STRONG><a name="[81]"></a>_d2f</STRONG> (Thumb, 98 bytes, Stack size 32 bytes, d2f.o(x$fpl$d2f), UNUSED)
<BR><BR>[Calls]<UL><LI><a href="#[82]">&gt;&gt;</a>&nbsp;&nbsp;&nbsp;__fpl_fretinf
<LI><a href="#[83]">&gt;&gt;</a>&nbsp;&nbsp;&nbsp;__fpl_dnaninf
</UL>

<P><STRONG><a name="[83]"></a>__fpl_dnaninf</STRONG> (Thumb, 156 bytes, Stack size 16 bytes, dnaninf.o(x$fpl$dnaninf), UNUSED)
<BR><BR>[Called By]<UL><LI><a href="#[81]">&gt;&gt;</a>&nbsp;&nbsp;&nbsp;_d2f
</UL>

<P><STRONG><a name="[86]"></a>__fpl_dretinf</STRONG> (Thumb, 12 bytes, Stack size 0 bytes, dretinf.o(x$fpl$dretinf), UNUSED)
<BR><BR>[Called By]<UL><LI><a href="#[84]">&gt;&gt;</a>&nbsp;&nbsp;&nbsp;_f2d
</UL>

<P><STRONG><a name="[7e]"></a>__aeabi_f2d</STRONG> (Thumb, 0 bytes, Stack size 16 bytes, f2d.o(x$fpl$f2d))
<BR><BR>[Stack]<UL><LI>Max Depth = 16<LI>Call Chain = __aeabi_f2d
</UL>
<BR>[Called By]<UL><LI><a href="#[78]">&gt;&gt;</a>&nbsp;&nbsp;&nbsp;uart_inicializar
</UL>

<P><STRONG><a name="[84]"></a>_f2d</STRONG> (Thumb, 86 bytes, Stack size 16 bytes, f2d.o(x$fpl$f2d), UNUSED)
<BR><BR>[Calls]<UL><LI><a href="#[85]">&gt;&gt;</a>&nbsp;&nbsp;&nbsp;__fpl_fnaninf
<LI><a href="#[86]">&gt;&gt;</a>&nbsp;&nbsp;&nbsp;__fpl_dretinf
</UL>

<P><STRONG><a name="[85]"></a>__fpl_fnaninf</STRONG> (Thumb, 140 bytes, Stack size 8 bytes, fnaninf.o(x$fpl$fnaninf), UNUSED)
<BR><BR>[Called By]<UL><LI><a href="#[84]">&gt;&gt;</a>&nbsp;&nbsp;&nbsp;_f2d
</UL>

<P><STRONG><a name="[43]"></a>_fp_init</STRONG> (Thumb, 10 bytes, Stack size 0 bytes, fpinit.o(x$fpl$fpinit))
<BR><BR>[Called By]<UL><LI><a href="#[42]">&gt;&gt;</a>&nbsp;&nbsp;&nbsp;__rt_lib_init_fp_1
</UL>

<P><STRONG><a name="[b2]"></a>__fplib_config_fpu_vfp</STRONG> (Thumb, 0 bytes, Stack size unknown bytes, fpinit.o(x$fpl$fpinit), UNUSED)

<P><STRONG><a name="[b3]"></a>__fplib_config_pureend_doubles</STRONG> (Thumb, 0 bytes, Stack size unknown bytes, fpinit.o(x$fpl$fpinit), UNUSED)

<P><STRONG><a name="[82]"></a>__fpl_fretinf</STRONG> (Thumb, 10 bytes, Stack size 0 bytes, fretinf.o(x$fpl$fretinf), UNUSED)
<BR><BR>[Called By]<UL><LI><a href="#[81]">&gt;&gt;</a>&nbsp;&nbsp;&nbsp;_d2f
</UL>
<P>
<H3>
Local Symbols
</H3>
<P><STRONG><a name="[6c]"></a>glcd_i2c0_inicializar</STRONG> (Thumb, 56 bytes, Stack size 0 bytes, glcd.o(i.glcd_i2c0_inicializar))
<BR><BR>[Called By]<UL><LI><a href="#[6b]">&gt;&gt;</a>&nbsp;&nbsp;&nbsp;glcd_inicializar
</UL>

<P><STRONG><a name="[68]"></a>glcd_i2c0_start</STRONG> (Thumb, 48 bytes, Stack size 0 bytes, glcd.o(i.glcd_i2c0_start))
<BR><BR>[Called By]<UL><LI><a href="#[67]">&gt;&gt;</a>&nbsp;&nbsp;&nbsp;glcd_i2c0_transmitir_buffer
</UL>

<P><STRONG><a name="[6a]"></a>glcd_i2c0_stop</STRONG> (Thumb, 26 bytes, Stack size 0 bytes, glcd.o(i.glcd_i2c0_stop))
<BR><BR>[Called By]<UL><LI><a href="#[67]">&gt;&gt;</a>&nbsp;&nbsp;&nbsp;glcd_i2c0_transmitir_buffer
</UL>

<P><STRONG><a name="[67]"></a>glcd_i2c0_transmitir_buffer</STRONG> (Thumb, 50 bytes, Stack size 24 bytes, glcd.o(i.glcd_i2c0_transmitir_buffer))
<BR><BR>[Stack]<UL><LI>Max Depth = 24<LI>Call Chain = glcd_i2c0_transmitir_buffer
</UL>
<BR>[Calls]<UL><LI><a href="#[69]">&gt;&gt;</a>&nbsp;&nbsp;&nbsp;glcd_i2c0_transmitir_byte
<LI><a href="#[6a]">&gt;&gt;</a>&nbsp;&nbsp;&nbsp;glcd_i2c0_stop
<LI><a href="#[68]">&gt;&gt;</a>&nbsp;&nbsp;&nbsp;glcd_i2c0_start
</UL>
<BR>[Called By]<UL><LI><a href="#[6b]">&gt;&gt;</a>&nbsp;&nbsp;&nbsp;glcd_inicializar
</UL>

<P><STRONG><a name="[69]"></a>glcd_i2c0_transmitir_byte</STRONG> (Thumb, 32 bytes, Stack size 0 bytes, glcd.o(i.glcd_i2c0_transmitir_byte))
<BR><BR>[Called By]<UL><LI><a href="#[67]">&gt;&gt;</a>&nbsp;&nbsp;&nbsp;glcd_i2c0_transmitir_buffer
</UL>

<P><STRONG><a name="[6e]"></a>glcd_timer0_retardo_ms</STRONG> (Thumb, 80 bytes, Stack size 0 bytes, glcd.o(i.glcd_timer0_retardo_ms))
<BR><BR>[Called By]<UL><LI><a href="#[6b]">&gt;&gt;</a>&nbsp;&nbsp;&nbsp;glcd_inicializar
</UL>

<P><STRONG><a name="[77]"></a>gpio_leer_pin</STRONG> (Thumb, 16 bytes, Stack size 0 bytes, joystick.o(i.gpio_leer_pin))
<BR><BR>[Called By]<UL><LI><a href="#[76]">&gt;&gt;</a>&nbsp;&nbsp;&nbsp;leer_joystick
</UL>

<P><STRONG><a name="[75]"></a>gpio_pin_a_1</STRONG> (Thumb, 4 bytes, Stack size 0 bytes, leds.o(i.gpio_pin_a_1))
<BR><BR>[Called By]<UL><LI><a href="#[74]">&gt;&gt;</a>&nbsp;&nbsp;&nbsp;leds_inicializar
</UL>

<P><STRONG><a name="[7d]"></a>TIM_Waitms</STRONG> (Thumb, 60 bytes, Stack size 0 bytes, sdram.o(i.TIM_Waitms))
<BR><BR>[Called By]<UL><LI><a href="#[6d]">&gt;&gt;</a>&nbsp;&nbsp;&nbsp;sdram_inicializar
</UL>

<P><STRONG><a name="[61]"></a>calibration</STRONG> (Thumb, 62 bytes, Stack size 8 bytes, sdram.o(i.calibration))
<BR><BR>[Stack]<UL><LI>Max Depth = 8<LI>Call Chain = calibration
</UL>
<BR>[Called By]<UL><LI><a href="#[60]">&gt;&gt;</a>&nbsp;&nbsp;&nbsp;adjust_timing
<LI><a href="#[6d]">&gt;&gt;</a>&nbsp;&nbsp;&nbsp;sdram_inicializar
</UL>

<P><STRONG><a name="[62]"></a>find_cmddly</STRONG> (Thumb, 124 bytes, Stack size 32 bytes, sdram.o(i.find_cmddly))
<BR><BR>[Stack]<UL><LI>Max Depth = 48<LI>Call Chain = find_cmddly &rArr; sdram_test
</UL>
<BR>[Calls]<UL><LI><a href="#[63]">&gt;&gt;</a>&nbsp;&nbsp;&nbsp;sdram_test
</UL>
<BR>[Called By]<UL><LI><a href="#[6d]">&gt;&gt;</a>&nbsp;&nbsp;&nbsp;sdram_inicializar
</UL>

<P><STRONG><a name="[64]"></a>find_fbclkdly</STRONG> (Thumb, 124 bytes, Stack size 32 bytes, sdram.o(i.find_fbclkdly))
<BR><BR>[Stack]<UL><LI>Max Depth = 48<LI>Call Chain = find_fbclkdly &rArr; sdram_test
</UL>
<BR>[Calls]<UL><LI><a href="#[63]">&gt;&gt;</a>&nbsp;&nbsp;&nbsp;sdram_test
</UL>
<BR>[Called By]<UL><LI><a href="#[6d]">&gt;&gt;</a>&nbsp;&nbsp;&nbsp;sdram_inicializar
</UL>

<P><STRONG><a name="[7c]"></a>pinConfig</STRONG> (Thumb, 1034 bytes, Stack size 0 bytes, sdram.o(i.pinConfig))
<BR><BR>[Called By]<UL><LI><a href="#[6d]">&gt;&gt;</a>&nbsp;&nbsp;&nbsp;sdram_inicializar
</UL>

<P><STRONG><a name="[63]"></a>sdram_test</STRONG> (Thumb, 92 bytes, Stack size 16 bytes, sdram.o(i.sdram_test))
<BR><BR>[Stack]<UL><LI>Max Depth = 16<LI>Call Chain = sdram_test
</UL>
<BR>[Called By]<UL><LI><a href="#[64]">&gt;&gt;</a>&nbsp;&nbsp;&nbsp;find_fbclkdly
<LI><a href="#[62]">&gt;&gt;</a>&nbsp;&nbsp;&nbsp;find_cmddly
</UL>

<P><STRONG><a name="[5f]"></a>_DelayMs</STRONG> (Thumb, 38 bytes, Stack size 0 bytes, system_lpc407x_8x_177x_8x.o(i._DelayMs))
<BR><BR>[Called By]<UL><LI><a href="#[5e]">&gt;&gt;</a>&nbsp;&nbsp;&nbsp;SystemInit_ExtMemCtl
</UL>

<P><STRONG><a name="[38]"></a>_printf_input_char</STRONG> (Thumb, 10 bytes, Stack size 0 bytes, _printf_char_common.o(.text))
<BR>[Address Reference Count : 1]<UL><LI> _printf_char_common.o(.text)
</UL><P>
<H3>
Undefined Global Symbols
</H3><HR></body></html>
